###############################################################################
#
# IAR ELF Linker V9.50.1.380/W64 for ARM                  01/Mar/2024  15:59:45
# Copyright 2007-2023 IAR Systems AB.
#
#    Output file  =
#        C:\Projects\IAR\Eth_FreeRTOS_F4\EWARM\Eth_FreeRTOS_F4\Exe\Eth_FreeRTOS_F4.out
#    Map file     =
#        C:\Projects\IAR\Eth_FreeRTOS_F4\EWARM\Eth_FreeRTOS_F4\List\Eth_FreeRTOS_F4.map
#    Command line =
#        -f
#        C:\Projects\IAR\Eth_FreeRTOS_F4\EWARM\Eth_FreeRTOS_F4\Exe\Eth_FreeRTOS_F4.out.rsp
#        (C:\Projects\IAR\Eth_FreeRTOS_F4\EWARM\Eth_FreeRTOS_F4\Obj\BufferManagement_8411603605499954224.dir\BufferAllocation_2.o
#        C:\Projects\IAR\Eth_FreeRTOS_F4\EWARM\Eth_FreeRTOS_F4\Obj\FreeRTOS_15068288790229095433.dir\croutine.o
#        C:\Projects\IAR\Eth_FreeRTOS_F4\EWARM\Eth_FreeRTOS_F4\Obj\FreeRTOS_15068288790229095433.dir\event_groups.o
#        C:\Projects\IAR\Eth_FreeRTOS_F4\EWARM\Eth_FreeRTOS_F4\Obj\FreeRTOSplus_14461417515926343988.dir\FreeRTOS_ARP.o
#        C:\Projects\IAR\Eth_FreeRTOS_F4\EWARM\Eth_FreeRTOS_F4\Obj\FreeRTOSplus_14461417515926343988.dir\FreeRTOS_BitConfig.o
#        C:\Projects\IAR\Eth_FreeRTOS_F4\EWARM\Eth_FreeRTOS_F4\Obj\FreeRTOSplus_14461417515926343988.dir\FreeRTOS_DHCP.o
#        C:\Projects\IAR\Eth_FreeRTOS_F4\EWARM\Eth_FreeRTOS_F4\Obj\FreeRTOSplus_14461417515926343988.dir\FreeRTOS_DHCPv6.o
#        C:\Projects\IAR\Eth_FreeRTOS_F4\EWARM\Eth_FreeRTOS_F4\Obj\FreeRTOSplus_14461417515926343988.dir\FreeRTOS_DNS.o
#        C:\Projects\IAR\Eth_FreeRTOS_F4\EWARM\Eth_FreeRTOS_F4\Obj\FreeRTOSplus_14461417515926343988.dir\FreeRTOS_DNS_Cache.o
#        C:\Projects\IAR\Eth_FreeRTOS_F4\EWARM\Eth_FreeRTOS_F4\Obj\FreeRTOSplus_14461417515926343988.dir\FreeRTOS_DNS_Callback.o
#        C:\Projects\IAR\Eth_FreeRTOS_F4\EWARM\Eth_FreeRTOS_F4\Obj\FreeRTOSplus_14461417515926343988.dir\FreeRTOS_DNS_Networking.o
#        C:\Projects\IAR\Eth_FreeRTOS_F4\EWARM\Eth_FreeRTOS_F4\Obj\FreeRTOSplus_14461417515926343988.dir\FreeRTOS_DNS_Parser.o
#        C:\Projects\IAR\Eth_FreeRTOS_F4\EWARM\Eth_FreeRTOS_F4\Obj\FreeRTOSplus_14461417515926343988.dir\FreeRTOS_ICMP.o
#        C:\Projects\IAR\Eth_FreeRTOS_F4\EWARM\Eth_FreeRTOS_F4\Obj\FreeRTOSplus_14461417515926343988.dir\FreeRTOS_IP.o
#        C:\Projects\IAR\Eth_FreeRTOS_F4\EWARM\Eth_FreeRTOS_F4\Obj\FreeRTOSplus_14461417515926343988.dir\FreeRTOS_IP_Timers.o
#        C:\Projects\IAR\Eth_FreeRTOS_F4\EWARM\Eth_FreeRTOS_F4\Obj\FreeRTOSplus_14461417515926343988.dir\FreeRTOS_IP_Utils.o
#        C:\Projects\IAR\Eth_FreeRTOS_F4\EWARM\Eth_FreeRTOS_F4\Obj\FreeRTOSplus_14461417515926343988.dir\FreeRTOS_IPv4.o
#        C:\Projects\IAR\Eth_FreeRTOS_F4\EWARM\Eth_FreeRTOS_F4\Obj\FreeRTOSplus_14461417515926343988.dir\FreeRTOS_IPv4_Sockets.o
#        C:\Projects\IAR\Eth_FreeRTOS_F4\EWARM\Eth_FreeRTOS_F4\Obj\FreeRTOSplus_14461417515926343988.dir\FreeRTOS_IPv4_Utils.o
#        C:\Projects\IAR\Eth_FreeRTOS_F4\EWARM\Eth_FreeRTOS_F4\Obj\FreeRTOSplus_14461417515926343988.dir\FreeRTOS_IPv6.o
#        C:\Projects\IAR\Eth_FreeRTOS_F4\EWARM\Eth_FreeRTOS_F4\Obj\FreeRTOSplus_14461417515926343988.dir\FreeRTOS_IPv6_Sockets.o
#        C:\Projects\IAR\Eth_FreeRTOS_F4\EWARM\Eth_FreeRTOS_F4\Obj\FreeRTOSplus_14461417515926343988.dir\FreeRTOS_IPv6_Utils.o
#        C:\Projects\IAR\Eth_FreeRTOS_F4\EWARM\Eth_FreeRTOS_F4\Obj\FreeRTOSplus_14461417515926343988.dir\FreeRTOS_ND.o
#        C:\Projects\IAR\Eth_FreeRTOS_F4\EWARM\Eth_FreeRTOS_F4\Obj\FreeRTOSplus_14461417515926343988.dir\FreeRTOS_RA.o
#        C:\Projects\IAR\Eth_FreeRTOS_F4\EWARM\Eth_FreeRTOS_F4\Obj\FreeRTOSplus_14461417515926343988.dir\FreeRTOS_Routing.o
#        C:\Projects\IAR\Eth_FreeRTOS_F4\EWARM\Eth_FreeRTOS_F4\Obj\FreeRTOSplus_14461417515926343988.dir\FreeRTOS_Sockets.o
#        C:\Projects\IAR\Eth_FreeRTOS_F4\EWARM\Eth_FreeRTOS_F4\Obj\FreeRTOSplus_14461417515926343988.dir\FreeRTOS_Stream_Buffer.o
#        C:\Projects\IAR\Eth_FreeRTOS_F4\EWARM\Eth_FreeRTOS_F4\Obj\FreeRTOSplus_14461417515926343988.dir\FreeRTOS_TCP_IP.o
#        C:\Projects\IAR\Eth_FreeRTOS_F4\EWARM\Eth_FreeRTOS_F4\Obj\FreeRTOSplus_14461417515926343988.dir\FreeRTOS_TCP_IP_IPv4.o
#        C:\Projects\IAR\Eth_FreeRTOS_F4\EWARM\Eth_FreeRTOS_F4\Obj\FreeRTOSplus_14461417515926343988.dir\FreeRTOS_TCP_IP_IPv6.o
#        C:\Projects\IAR\Eth_FreeRTOS_F4\EWARM\Eth_FreeRTOS_F4\Obj\FreeRTOSplus_14461417515926343988.dir\FreeRTOS_TCP_Reception.o
#        C:\Projects\IAR\Eth_FreeRTOS_F4\EWARM\Eth_FreeRTOS_F4\Obj\FreeRTOSplus_14461417515926343988.dir\FreeRTOS_TCP_State_Handling.o
#        C:\Projects\IAR\Eth_FreeRTOS_F4\EWARM\Eth_FreeRTOS_F4\Obj\FreeRTOSplus_14461417515926343988.dir\FreeRTOS_TCP_State_Handling_IPv4.o
#        C:\Projects\IAR\Eth_FreeRTOS_F4\EWARM\Eth_FreeRTOS_F4\Obj\FreeRTOSplus_14461417515926343988.dir\FreeRTOS_TCP_State_Handling_IPv6.o
#        C:\Projects\IAR\Eth_FreeRTOS_F4\EWARM\Eth_FreeRTOS_F4\Obj\FreeRTOSplus_14461417515926343988.dir\FreeRTOS_TCP_Transmission.o
#        C:\Projects\IAR\Eth_FreeRTOS_F4\EWARM\Eth_FreeRTOS_F4\Obj\FreeRTOSplus_14461417515926343988.dir\FreeRTOS_TCP_Transmission_IPv4.o
#        C:\Projects\IAR\Eth_FreeRTOS_F4\EWARM\Eth_FreeRTOS_F4\Obj\FreeRTOSplus_14461417515926343988.dir\FreeRTOS_TCP_Transmission_IPv6.o
#        C:\Projects\IAR\Eth_FreeRTOS_F4\EWARM\Eth_FreeRTOS_F4\Obj\FreeRTOSplus_14461417515926343988.dir\FreeRTOS_TCP_Utils.o
#        C:\Projects\IAR\Eth_FreeRTOS_F4\EWARM\Eth_FreeRTOS_F4\Obj\FreeRTOSplus_14461417515926343988.dir\FreeRTOS_TCP_Utils_IPv4.o
#        C:\Projects\IAR\Eth_FreeRTOS_F4\EWARM\Eth_FreeRTOS_F4\Obj\FreeRTOSplus_14461417515926343988.dir\FreeRTOS_TCP_Utils_IPv6.o
#        C:\Projects\IAR\Eth_FreeRTOS_F4\EWARM\Eth_FreeRTOS_F4\Obj\FreeRTOSplus_14461417515926343988.dir\FreeRTOS_TCP_WIN.o
#        C:\Projects\IAR\Eth_FreeRTOS_F4\EWARM\Eth_FreeRTOS_F4\Obj\FreeRTOSplus_14461417515926343988.dir\FreeRTOS_Tiny_TCP.o
#        C:\Projects\IAR\Eth_FreeRTOS_F4\EWARM\Eth_FreeRTOS_F4\Obj\FreeRTOSplus_14461417515926343988.dir\FreeRTOS_UDP_IP.o
#        C:\Projects\IAR\Eth_FreeRTOS_F4\EWARM\Eth_FreeRTOS_F4\Obj\FreeRTOSplus_14461417515926343988.dir\FreeRTOS_UDP_IPv4.o
#        C:\Projects\IAR\Eth_FreeRTOS_F4\EWARM\Eth_FreeRTOS_F4\Obj\FreeRTOSplus_14461417515926343988.dir\FreeRTOS_UDP_IPv6.o
#        C:\Projects\IAR\Eth_FreeRTOS_F4\EWARM\Eth_FreeRTOS_F4\Obj\MemMang_17022254239031514164.dir\heap_4.o
#        C:\Projects\IAR\Eth_FreeRTOS_F4\EWARM\Eth_FreeRTOS_F4\Obj\FreeRTOS_15068288790229095433.dir\list.o
#        C:\Projects\IAR\Eth_FreeRTOS_F4\EWARM\Eth_FreeRTOS_F4\Obj\Core_13247989168731456611.dir\main.o
#        C:\Projects\IAR\Eth_FreeRTOS_F4\EWARM\Eth_FreeRTOS_F4\Obj\NetworkInterface_17839565619337236105.dir\NetworkInterface.o
#        C:\Projects\IAR\Eth_FreeRTOS_F4\EWARM\Eth_FreeRTOS_F4\Obj\NetworkInterface_17839565619337236105.dir\phyHandling.o
#        C:\Projects\IAR\Eth_FreeRTOS_F4\EWARM\Eth_FreeRTOS_F4\Obj\portable_15954926109208205999.dir\port.o
#        C:\Projects\IAR\Eth_FreeRTOS_F4\EWARM\Eth_FreeRTOS_F4\Obj\portable_15954926109208205999.dir\portasm.o
#        C:\Projects\IAR\Eth_FreeRTOS_F4\EWARM\Eth_FreeRTOS_F4\Obj\FreeRTOS_15068288790229095433.dir\queue.o
#        C:\Projects\IAR\Eth_FreeRTOS_F4\EWARM\Eth_FreeRTOS_F4\Obj\EWARM_18443280873093131863.dir\startup_stm32f407xx.o
#        C:\Projects\IAR\Eth_FreeRTOS_F4\EWARM\Eth_FreeRTOS_F4\Obj\STM32F4xx_HAL_Driver_1244631019742807970.dir\stm32f4xx_hal.o
#        C:\Projects\IAR\Eth_FreeRTOS_F4\EWARM\Eth_FreeRTOS_F4\Obj\STM32F4xx_HAL_Driver_1244631019742807970.dir\stm32f4xx_hal_cortex.o
#        C:\Projects\IAR\Eth_FreeRTOS_F4\EWARM\Eth_FreeRTOS_F4\Obj\STM32F4xx_HAL_Driver_1244631019742807970.dir\stm32f4xx_hal_dma.o
#        C:\Projects\IAR\Eth_FreeRTOS_F4\EWARM\Eth_FreeRTOS_F4\Obj\STM32F4xx_HAL_Driver_1244631019742807970.dir\stm32f4xx_hal_dma_ex.o
#        C:\Projects\IAR\Eth_FreeRTOS_F4\EWARM\Eth_FreeRTOS_F4\Obj\STM32F4xx_HAL_Driver_1244631019742807970.dir\stm32f4xx_hal_exti.o
#        C:\Projects\IAR\Eth_FreeRTOS_F4\EWARM\Eth_FreeRTOS_F4\Obj\STM32F4xx_HAL_Driver_1244631019742807970.dir\stm32f4xx_hal_flash.o
#        C:\Projects\IAR\Eth_FreeRTOS_F4\EWARM\Eth_FreeRTOS_F4\Obj\STM32F4xx_HAL_Driver_1244631019742807970.dir\stm32f4xx_hal_flash_ex.o
#        C:\Projects\IAR\Eth_FreeRTOS_F4\EWARM\Eth_FreeRTOS_F4\Obj\STM32F4xx_HAL_Driver_1244631019742807970.dir\stm32f4xx_hal_flash_ramfunc.o
#        C:\Projects\IAR\Eth_FreeRTOS_F4\EWARM\Eth_FreeRTOS_F4\Obj\STM32F4xx_HAL_Driver_1244631019742807970.dir\stm32f4xx_hal_gpio.o
#        C:\Projects\IAR\Eth_FreeRTOS_F4\EWARM\Eth_FreeRTOS_F4\Obj\Core_13247989168731456611.dir\stm32f4xx_hal_msp.o
#        C:\Projects\IAR\Eth_FreeRTOS_F4\EWARM\Eth_FreeRTOS_F4\Obj\STM32F4xx_HAL_Driver_1244631019742807970.dir\stm32f4xx_hal_pwr.o
#        C:\Projects\IAR\Eth_FreeRTOS_F4\EWARM\Eth_FreeRTOS_F4\Obj\STM32F4xx_HAL_Driver_1244631019742807970.dir\stm32f4xx_hal_pwr_ex.o
#        C:\Projects\IAR\Eth_FreeRTOS_F4\EWARM\Eth_FreeRTOS_F4\Obj\STM32F4xx_HAL_Driver_1244631019742807970.dir\stm32f4xx_hal_rcc.o
#        C:\Projects\IAR\Eth_FreeRTOS_F4\EWARM\Eth_FreeRTOS_F4\Obj\STM32F4xx_HAL_Driver_1244631019742807970.dir\stm32f4xx_hal_rcc_ex.o
#        C:\Projects\IAR\Eth_FreeRTOS_F4\EWARM\Eth_FreeRTOS_F4\Obj\STM32F4xx_HAL_Driver_1244631019742807970.dir\stm32f4xx_hal_rng.o
#        C:\Projects\IAR\Eth_FreeRTOS_F4\EWARM\Eth_FreeRTOS_F4\Obj\STM32F4xx_HAL_Driver_1244631019742807970.dir\stm32f4xx_hal_tim.o
#        C:\Projects\IAR\Eth_FreeRTOS_F4\EWARM\Eth_FreeRTOS_F4\Obj\STM32F4xx_HAL_Driver_1244631019742807970.dir\stm32f4xx_hal_tim_ex.o
#        C:\Projects\IAR\Eth_FreeRTOS_F4\EWARM\Eth_FreeRTOS_F4\Obj\Core_13247989168731456611.dir\stm32f4xx_hal_timebase_tim.o
#        C:\Projects\IAR\Eth_FreeRTOS_F4\EWARM\Eth_FreeRTOS_F4\Obj\Core_13247989168731456611.dir\stm32f4xx_it.o
#        C:\Projects\IAR\Eth_FreeRTOS_F4\EWARM\Eth_FreeRTOS_F4\Obj\NetworkInterface_17839565619337236105.dir\stm32fxx_hal_eth.o
#        C:\Projects\IAR\Eth_FreeRTOS_F4\EWARM\Eth_FreeRTOS_F4\Obj\FreeRTOS_15068288790229095433.dir\stream_buffer.o
#        C:\Projects\IAR\Eth_FreeRTOS_F4\EWARM\Eth_FreeRTOS_F4\Obj\CMSIS_6603591812247902717.dir\system_stm32f4xx.o
#        C:\Projects\IAR\Eth_FreeRTOS_F4\EWARM\Eth_FreeRTOS_F4\Obj\FreeRTOS_15068288790229095433.dir\tasks.o
#        C:\Projects\IAR\Eth_FreeRTOS_F4\EWARM\Eth_FreeRTOS_F4\Obj\FreeRTOS_15068288790229095433.dir\timers.o
#        --no_out_extension -o
#        C:\Projects\IAR\Eth_FreeRTOS_F4\EWARM\Eth_FreeRTOS_F4\Exe\Eth_FreeRTOS_F4.out
#        --redirect _Printf=_PrintfFullNoMb --redirect _Scanf=_ScanfFullNoMb
#        --map
#        C:\Projects\IAR\Eth_FreeRTOS_F4\EWARM\Eth_FreeRTOS_F4\List\Eth_FreeRTOS_F4.map
#        --config C:\Projects\IAR\Eth_FreeRTOS_F4\EWARM/stm32f407xx_flash.icf
#        --semihosting --entry __iar_program_start --vfe --text_out locale
#        --cpu=Cortex-M4 --fpu=VFPv4_sp) --dependencies=n
#        C:\Projects\IAR\Eth_FreeRTOS_F4\EWARM\Eth_FreeRTOS_F4\Exe\Eth_FreeRTOS_F4.out.iar_deps
#
###############################################################################

*******************************************************************************
*** RUNTIME MODEL ATTRIBUTES
***

CppFlavor       = *
__CPP_Runtime   = 1
__SystemLibrary = DLib
__dlib_version  = 6


*******************************************************************************
*** HEAP SELECTION
***

The basic heap was selected because --advanced_heap
was not specified and the application did not appear to
be primarily optimized for speed.


*******************************************************************************
*** PLACEMENT SUMMARY
***

"A0":  place at address 0x800'0000 { ro section .intvec };
"P1":  place in [from 0x800'0000 to 0x80f'ffff] { ro };
define block CSTACK with size = 1K, alignment = 8 { };
define block HEAP with size = 512, alignment = 8 { };
"P2":  place in [from 0x2000'0000 to 0x2001'ffff] {
          rw, block CSTACK, block HEAP };
initialize by copy { rw };

  Section            Kind         Address  Aligment      Size  Object
  -------            ----         -------  --------      ----  ------
"A0":                                                   0x188
  .intvec            ro code   0x800'0000         4     0x188  startup_stm32f407xx.o [4]
                             - 0x800'0188               0x188

"P1":                                                  0xab79
  .text              ro code   0x800'0188         4     0xeca  xprintffull_nomb.o [11]
  .text              ro code   0x800'1052         2      0x7e  lz77_init_single.o [13]
  .text              ro code   0x800'10d0         4      0x16  strchr.o [13]
  .text              ro code   0x800'10e6         2      0x1a  xsnprout.o [11]
  .text              ro code   0x800'1100         4      0x40  xfail_s.o [11]
  .text              ro code   0x800'1140         4      0x14  strlen_small.o [13]
  .text              ro code   0x800'1154         4      0x58  memchr.o [13]
  .text              ro code   0x800'11ac         4      0x18  ABImemcpy_small.o [13]
  .text              ro code   0x800'11c4         4      0x70  frexp.o [12]
  .text              ro code   0x800'1234         4      0x34  DblCmpLe.o [12]
  .text              ro code   0x800'1268         4      0x34  DblCmpGe.o [12]
  .text              ro code   0x800'129c         4     0x13a  ldexp.o [12]
  .rodata            const     0x800'13d6         2       0x2  xlocale_c.o [11]
  .text              ro code   0x800'13d8         4      0x36  DblToS32.o [12]
  .rodata            const     0x800'140e         2       0x2  xlocale_c.o [11]
  .text              ro code   0x800'1410         4      0x22  S32ToDbl.o [12]
  .rodata            const     0x800'1432                 0x1  xlocale_c.o [11]
  .text              ro code   0x800'1434         4     0x24e  DblAddSub.o [12]
  .text              ro code   0x800'1684         4     0x246  DblDiv.o [12]
  .text              ro code   0x800'18cc         4      0x22  DblToU32.o [12]
  .text              ro code   0x800'18f0         4      0x1c  U32ToDbl.o [12]
  .text              ro code   0x800'190c         4     0x1aa  DblMul.o [12]
  .text              ro code   0x800'1ab8         4      0x28  xlocale_c.o [11]
  .text              ro code   0x800'1ae0         4     0x106  I64DivMod_small.o [13]
  .text              ro code   0x800'1be6         2       0x6  abort.o [11]
  .text              ro code   0x800'1bec         4       0x2  I64DivZer.o [13]
  .text              ro code   0x800'1bf0         4      0x14  exit.o [14]
  .text              ro code   0x800'1c04         4     0xc5c  tasks.o [5]
  .text              ro code   0x800'2860         4     0x21c  heap_4.o [7]
  .text              ro code   0x800'2a7c         4       0x6  ABImemclr.o [13]
  .text              ro code   0x800'2a84         4      0x3a  ABImemset48.o [13]
  .text              ro code   0x800'2abe         2      0x94  list.o [5]
  .text              ro code   0x800'2b54         4     0x21c  port.o [10]
  .text              ro code   0x800'2d70         4      0x12  ABImemset_small.o [13]
  .text              ro code   0x800'2d84         4      0x28  port.o [10]
  CODE               ro code   0x800'2dac         4      0xb0  portasm.o [10]
  .text              ro code   0x800'2e5c         4     0x95c  FreeRTOS_Sockets.o [6]
  .text              ro code   0x800'37b8         4     0x634  FreeRTOS_IP.o [6]
  .text              ro code   0x800'3dec         4     0x11e  event_groups.o [5]
  .text              ro code   0x800'3f0c         4     0x1f4  FreeRTOS_IP_Utils.o [6]
  .text              ro code   0x800'4100         4       0x6  ABImemclr4.o [13]
  .text              ro code   0x800'4108         4     0x480  main.o [3]
  .text              ro code   0x800'4588         4     0x320  FreeRTOS_Routing.o [6]
  .text              ro code   0x800'48a8         4     0x180  BufferAllocation_2.o [1]
  .text              ro code   0x800'4a28         4     0x78c  FreeRTOS_TCP_WIN.o [6]
  .text              ro code   0x800'51b4         2      0x1c  FreeRTOS_IPv4_Sockets.o [6]
  .text              ro code   0x800'51d0         4     0x634  queue.o [5]
  .text              ro code   0x800'5804         2     0x1a0  FreeRTOS_Stream_Buffer.o [6]
  .text              ro code   0x800'59a4         4     0x364  FreeRTOS_TCP_IP.o [6]
  .text              ro code   0x800'5d08         4     0x220  FreeRTOS_IP_Timers.o [6]
  .text              ro code   0x800'5f28         4      0xce  FreeRTOS_DNS.o [6]
  .text              ro code   0x800'5ff8         4     0x1c8  FreeRTOS_DNS_Cache.o [6]
  .text              ro code   0x800'61c0         2      0x4a  FreeRTOS_UDP_IP.o [6]
  .text              ro code   0x800'620c         4     0x608  FreeRTOS_ARP.o [6]
  .text              ro code   0x800'6814         2      0xde  FreeRTOS_IPv4.o [6]
  .text              ro code   0x800'68f2         2      0x6e  FreeRTOS_ICMP.o [6]
  .text              ro code   0x800'6960         4     0x718  NetworkInterface.o [8]
  .text              ro code   0x800'7078         4      0x34  stm32f4xx_hal.o [9]
  .text              ro code   0x800'70ac         4     0x204  stm32f4xx_hal_gpio.o [9]
  .text              ro code   0x800'72b0         4     0x5e2  stm32f4xx_hal_tim.o [9]
  .text              ro code   0x800'7894         4      0xec  stm32f4xx_hal_msp.o [3]
  .text              ro code   0x800'7980         2      0x98  stm32f4xx_hal_rng.o [9]
  .text              ro code   0x800'7a18         4     0x314  stm32f4xx_hal_rcc.o [9]
  .text              ro code   0x800'7d2c         4     0x17c  stm32f4xx_hal_rcc.o [9]
  .text              ro code   0x800'7ea8         4      0x10  stm32f4xx_hal.o [9]
  .text              ro code   0x800'7eb8         4      0x1e  memcmp_small.o [13]
  .text              ro code   0x800'7ed8         4     0x618  FreeRTOS_TCP_Transmission.o [6]
  .text              ro code   0x800'84f0         4     0x59c  FreeRTOS_TCP_State_Handling.o [6]
  .text              ro code   0x800'8a8c         2     0x218  FreeRTOS_TCP_IP_IPv4.o [6]
  .text              ro code   0x800'8ca4         4     0x10c  FreeRTOS_DNS_Callback.o [6]
  .text              ro code   0x800'8db0         4      0x1e  strncpy_small.o [13]
  .text              ro code   0x800'8dd0         4     0x57c  FreeRTOS_DNS_Parser.o [6]
  .text              ro code   0x800'934c         4      0x12  strcmp.o [13]
  .text              ro code   0x800'9360         4      0x18  strcpy.o [13]
  .text              ro code   0x800'9378         4     0x228  FreeRTOS_UDP_IPv4.o [6]
  .text              ro code   0x800'95a0         2      0x30  FreeRTOS_IPv4_Utils.o [6]
  .text              ro code   0x800'95d0         4      0x1e  ABImemmove_small.o [13]
  .text              ro code   0x800'95f0         4     0x578  stm32fxx_hal_eth.o [8]
  .text              ro code   0x800'9b68         4     0x530  phyHandling.o [8]
  .text              ro code   0x800'a098         4      0x44  snprintf.o [11]
  .text              ro code   0x800'a0dc         4      0x94  stm32f4xx_hal_cortex.o [9]
  .text              ro code   0x800'a170         4      0xa0  stm32f4xx_hal_timebase_tim.o [3]
  .text              ro code   0x800'a210         2       0x2  stm32f4xx_hal_tim.o [9]
  .text              ro code   0x800'a212         2       0x2  stm32f4xx_hal_tim.o [9]
  .text              ro code   0x800'a214         2       0x2  stm32f4xx_hal_tim.o [9]
  .text              ro code   0x800'a216         2       0x2  stm32f4xx_hal_tim_ex.o [9]
  .text              ro code   0x800'a218         2       0x2  stm32f4xx_hal_tim.o [9]
  .text              ro code   0x800'a21a         2       0x2  stm32f4xx_hal_tim_ex.o [9]
  .text              ro code   0x800'a21c         2       0x2  stm32f4xx_hal_tim.o [9]
  .text              ro code   0x800'a220         4       0xc  stm32f4xx_hal.o [9]
  .text              ro code   0x800'a22c         4      0x60  stm32f4xx_hal_rcc.o [9]
  .text              ro code   0x800'a28c         4     0x2f4  FreeRTOS_TCP_Transmission_IPv4.o [6]
  .text              ro code   0x800'a580         2     0x2a6  FreeRTOS_TCP_Reception.o [6]
  .text              ro code   0x800'a826         2     0x122  FreeRTOS_TCP_State_Handling_IPv4.o [6]
  .text              ro code   0x800'a948         2      0x40  strncasecmp.o [11]
  .text              ro code   0x800'a988         2       0x2  stm32fxx_hal_eth.o [8]
  .text              ro code   0x800'a98a         2       0x2  stm32fxx_hal_eth.o [8]
  .text              ro code   0x800'a98c         2       0xc  FreeRTOS_TCP_Utils.o [6]
  .text              ro code   0x800'a998         2      0x14  tolower.o [11]
  .text              ro code   0x800'a9ac         2      0x3e  FreeRTOS_TCP_Utils_IPv4.o [6]
  .text              ro code   0x800'a9ea         2      0x38  zero_init3.o [13]
  .text              ro code   0x800'aa24         4      0x2a  data_init.o [13]
  .rodata            const     0x800'aa50         4      0x28  FreeRTOS_ARP.o [6]
  .text              ro code   0x800'aa78         4      0x22  fpinit_M.o [12]
  .iar.init_table    const     0x800'aa9c         4      0x20  - Linker created -
  .text              ro code   0x800'aabc         4      0x20  system_stm32f4xx.o [2]
  .text              ro code   0x800'aadc         4      0x1e  cmain.o [13]
  .text              ro code   0x800'aafa         2       0x4  low_level_init.o [11]
  .text              ro code   0x800'aafe         2       0x4  exit.o [11]
  .text              ro code   0x800'ab04         4       0xa  cexit.o [13]
  .text              ro code   0x800'ab10         4      0x1c  cstartup_M.o [13]
  .text              ro code   0x800'ab2c         4      0x18  stm32f4xx_it.o [3]
  .text              ro code   0x800'ab44         4      0x10  startup_stm32f407xx.o [4]
  .rodata            const     0x800'ab54         4       0x8  system_stm32f4xx.o [2]
  .rodata            const     0x800'ab5c         4       0x4  BufferAllocation_2.o [1]
  .text              ro code   0x800'ab60         2       0x4  startup_stm32f407xx.o [4]
  .text              ro code   0x800'ab64         2       0x4  startup_stm32f407xx.o [4]
  .text              ro code   0x800'ab68         2       0x4  startup_stm32f407xx.o [4]
  .text              ro code   0x800'ab6c         2       0x4  startup_stm32f407xx.o [4]
  .text              ro code   0x800'ab70         2       0x4  startup_stm32f407xx.o [4]
  .text              ro code   0x800'ab74         2       0x4  startup_stm32f407xx.o [4]
  .text              ro code   0x800'ab78         2       0x4  startup_stm32f407xx.o [4]
  .text              ro code   0x800'ab7c         2       0x4  startup_stm32f407xx.o [4]
  .text              ro code   0x800'ab80         2       0x4  startup_stm32f407xx.o [4]
  .text              ro code   0x800'ab84         2       0x4  startup_stm32f407xx.o [4]
  .text              ro code   0x800'ab88         2       0x4  startup_stm32f407xx.o [4]
  .text              ro code   0x800'ab8c         2       0x4  startup_stm32f407xx.o [4]
  .text              ro code   0x800'ab90         2       0x4  startup_stm32f407xx.o [4]
  .text              ro code   0x800'ab94         2       0x4  startup_stm32f407xx.o [4]
  .text              ro code   0x800'ab98         2       0x4  startup_stm32f407xx.o [4]
  .text              ro code   0x800'ab9c         2       0x4  startup_stm32f407xx.o [4]
  .text              ro code   0x800'aba0         2       0x4  startup_stm32f407xx.o [4]
  .text              ro code   0x800'aba4         2       0x4  startup_stm32f407xx.o [4]
  .text              ro code   0x800'aba8         2       0x4  startup_stm32f407xx.o [4]
  .text              ro code   0x800'abac         2       0x4  startup_stm32f407xx.o [4]
  .text              ro code   0x800'abb0         2       0x4  startup_stm32f407xx.o [4]
  .text              ro code   0x800'abb4         2       0x4  startup_stm32f407xx.o [4]
  .text              ro code   0x800'abb8         2       0x4  startup_stm32f407xx.o [4]
  .text              ro code   0x800'abbc         2       0x4  startup_stm32f407xx.o [4]
  .text              ro code   0x800'abc0         2       0x4  startup_stm32f407xx.o [4]
  .text              ro code   0x800'abc4         2       0x4  startup_stm32f407xx.o [4]
  .text              ro code   0x800'abc8         2       0x4  startup_stm32f407xx.o [4]
  .text              ro code   0x800'abcc         2       0x4  startup_stm32f407xx.o [4]
  .text              ro code   0x800'abd0         2       0x4  startup_stm32f407xx.o [4]
  .text              ro code   0x800'abd4         2       0x4  startup_stm32f407xx.o [4]
  .text              ro code   0x800'abd8         2       0x4  startup_stm32f407xx.o [4]
  .text              ro code   0x800'abdc         2       0x4  startup_stm32f407xx.o [4]
  .text              ro code   0x800'abe0         2       0x4  startup_stm32f407xx.o [4]
  .text              ro code   0x800'abe4         2       0x4  startup_stm32f407xx.o [4]
  .text              ro code   0x800'abe8         2       0x4  startup_stm32f407xx.o [4]
  .text              ro code   0x800'abec         2       0x4  startup_stm32f407xx.o [4]
  .text              ro code   0x800'abf0         2       0x4  startup_stm32f407xx.o [4]
  .text              ro code   0x800'abf4         2       0x4  startup_stm32f407xx.o [4]
  .text              ro code   0x800'abf8         2       0x4  startup_stm32f407xx.o [4]
  .text              ro code   0x800'abfc         2       0x4  startup_stm32f407xx.o [4]
  .text              ro code   0x800'ac00         2       0x4  startup_stm32f407xx.o [4]
  .text              ro code   0x800'ac04         2       0x4  startup_stm32f407xx.o [4]
  .text              ro code   0x800'ac08         2       0x4  startup_stm32f407xx.o [4]
  .text              ro code   0x800'ac0c         2       0x4  startup_stm32f407xx.o [4]
  .text              ro code   0x800'ac10         2       0x4  startup_stm32f407xx.o [4]
  .text              ro code   0x800'ac14         2       0x4  startup_stm32f407xx.o [4]
  .text              ro code   0x800'ac18         2       0x4  startup_stm32f407xx.o [4]
  .text              ro code   0x800'ac1c         2       0x4  startup_stm32f407xx.o [4]
  .text              ro code   0x800'ac20         2       0x4  startup_stm32f407xx.o [4]
  .text              ro code   0x800'ac24         2       0x4  startup_stm32f407xx.o [4]
  .text              ro code   0x800'ac28         2       0x4  startup_stm32f407xx.o [4]
  .text              ro code   0x800'ac2c         2       0x4  startup_stm32f407xx.o [4]
  .text              ro code   0x800'ac30         2       0x4  startup_stm32f407xx.o [4]
  .text              ro code   0x800'ac34         2       0x4  startup_stm32f407xx.o [4]
  .text              ro code   0x800'ac38         2       0x4  startup_stm32f407xx.o [4]
  .text              ro code   0x800'ac3c         2       0x4  startup_stm32f407xx.o [4]
  .text              ro code   0x800'ac40         2       0x4  startup_stm32f407xx.o [4]
  .text              ro code   0x800'ac44         2       0x4  startup_stm32f407xx.o [4]
  .text              ro code   0x800'ac48         2       0x4  startup_stm32f407xx.o [4]
  .text              ro code   0x800'ac4c         2       0x4  startup_stm32f407xx.o [4]
  .text              ro code   0x800'ac50         2       0x4  startup_stm32f407xx.o [4]
  .text              ro code   0x800'ac54         2       0x4  startup_stm32f407xx.o [4]
  .text              ro code   0x800'ac58         2       0x4  startup_stm32f407xx.o [4]
  .text              ro code   0x800'ac5c         2       0x4  startup_stm32f407xx.o [4]
  .text              ro code   0x800'ac60         2       0x4  startup_stm32f407xx.o [4]
  .text              ro code   0x800'ac64         2       0x4  startup_stm32f407xx.o [4]
  .text              ro code   0x800'ac68         2       0x4  startup_stm32f407xx.o [4]
  .text              ro code   0x800'ac6c         2       0x4  startup_stm32f407xx.o [4]
  .text              ro code   0x800'ac70         2       0x4  startup_stm32f407xx.o [4]
  .text              ro code   0x800'ac74         2       0x4  startup_stm32f407xx.o [4]
  .text              ro code   0x800'ac78         2       0x4  startup_stm32f407xx.o [4]
  .text              ro code   0x800'ac7c         2       0x4  startup_stm32f407xx.o [4]
  .text              ro code   0x800'ac80         2       0x4  startup_stm32f407xx.o [4]
  .text              ro code   0x800'ac84         2       0x4  startup_stm32f407xx.o [4]
  .text              ro code   0x800'ac88         2       0x4  startup_stm32f407xx.o [4]
  .text              ro code   0x800'ac8c         2       0x4  startup_stm32f407xx.o [4]
  .text              ro code   0x800'ac90         2       0x4  startup_stm32f407xx.o [4]
  .text              ro code   0x800'ac94         2       0x4  startup_stm32f407xx.o [4]
  .text              ro code   0x800'ac98         2       0x4  startup_stm32f407xx.o [4]
  .rodata            const     0x800'ac9c                 0x0  zero_init3.o [13]
  .rodata            const     0x800'ac9c                 0x0  lz77_init_single.o [13]
  Initializer bytes  const     0x800'ac9c                0x65  <for P2-1>
                             - 0x800'ad01              0xab79

"P2", part 1 of 3:                                      0x1fc
  P2-1                        0x2000'0000               0x1fc  <Init block>
    .data            inited   0x2000'0000         4      0x14  FreeRTOS_ARP.o [6]
    .data            inited   0x2000'0014         4      0x1c  FreeRTOS_IP.o [6]
    .data            inited   0x2000'0030         4      0x18  FreeRTOS_UDP_IP.o [6]
    .data            inited   0x2000'0048         4      0x68  main.o [3]
    .data            inited   0x2000'00b0         4      0x54  NetworkInterface.o [8]
    .data            inited   0x2000'0104         4       0xc  port.o [10]
    .data            inited   0x2000'0110         4       0xc  stm32f4xx_hal.o [9]
    .data            inited   0x2000'011c         4       0x4  system_stm32f4xx.o [2]
    .data            inited   0x2000'0120         4      0x5c  tasks.o [5]
    .data            inited   0x2000'017c         4      0x38  xlocale_c.o [11]
    .data            inited   0x2000'01b4         4      0x48  xlocale_c.o [11]
                            - 0x2000'01fc               0x1fc

"P2", part 2 of 3:                                   0x1'3d70
  .bss               zero     0x2000'01fc         4  0x1'2c1c  heap_4.o [7]
  .bss               zero     0x2001'2e18         4     0x780  FreeRTOS_DNS_Cache.o [6]
  .bss               zero     0x2001'3598         4     0x438  BufferAllocation_2.o [1]
  .bss               zero     0x2001'39d0         4     0x100  FreeRTOS_ARP.o [6]
  .bss               zero     0x2001'3ad0         4      0xac  tasks.o [5]
  .bss               zero     0x2001'3b7c         4      0x9c  FreeRTOS_IP.o [6]
  .bss               zero     0x2001'3c20        32      0x80  NetworkInterface.o [8]
  .bss               zero     0x2001'3ca0        32      0x80  NetworkInterface.o [8]
  .bss               zero     0x2001'3d20         4      0x6c  FreeRTOS_Routing.o [6]
  .bss               zero     0x2001'3d8c         4      0x68  FreeRTOS_IP_Timers.o [6]
  .bss               zero     0x2001'3df4         4      0x48  NetworkInterface.o [8]
  .bss               zero     0x2001'3e3c         4      0x48  stm32f4xx_hal_timebase_tim.o [3]
  .bss               zero     0x2001'3e84         4      0x40  queue.o [5]
  .bss               zero     0x2001'3ec4         4      0x2c  FreeRTOS_Sockets.o [6]
  .bss               zero     0x2001'3ef0         4      0x1c  BufferAllocation_2.o [1]
  .bss               zero     0x2001'3f0c         4      0x18  FreeRTOS_TCP_WIN.o [6]
  .bss               zero     0x2001'3f24         4      0x14  FreeRTOS_DNS_Callback.o [6]
  .bss               zero     0x2001'3f38         4      0x14  NetworkInterface.o [8]
  .bss               zero     0x2001'3f4c         4       0x4  FreeRTOS_DNS_Cache.o [6]
  .bss               zero     0x2001'3f50         4       0x4  FreeRTOS_Routing.o [6]
  .bss               zero     0x2001'3f54         4       0x4  FreeRTOS_TCP_IP.o [6]
  .bss               zero     0x2001'3f58         4       0x4  FreeRTOS_TCP_IP.o [6]
  .bss               zero     0x2001'3f5c         4       0x4  FreeRTOS_TCP_WIN.o [6]
  .bss               zero     0x2001'3f60         4       0x4  main.o [3]
  .bss               zero     0x2001'3f64         4       0x4  xfail_s.o [11]
  .bss               zero     0x2001'3f68         2       0x2  FreeRTOS_IP.o [6]
  .bss               zero     0x2001'3f6a                 0x1  NetworkInterface.o [8]
                            - 0x2001'3f6b            0x1'3d6f

"P2", part 3 of 3:                                      0x400
  CSTACK                      0x2001'3f70         8     0x400  <Block>
    CSTACK           uninit   0x2001'3f70               0x400  <Block tail>
                            - 0x2001'4370               0x400

Unused ranges:

         From           To      Size
         ----           --      ----
   0x800'ad01   0x80f'ffff  0xf'52ff
  0x2001'3f6c  0x2001'3f6f       0x4
  0x2001'4370  0x2001'ffff    0xbc90


*******************************************************************************
*** INIT TABLE
***

          Address      Size
          -------      ----
Zero (__iar_zero_init3)
    1 destination range, total size 0x1'3d6f:
          0x2000'01fc  0x1'3d6f

Copy/lz77 (__iar_lz77_init_single3)
    1 source range, total size 0x65 (19% of destination):
           0x800'ac9c      0x65
    1 destination range, total size 0x1fc:
          0x2000'0000     0x1fc



*******************************************************************************
*** MODULE SUMMARY
***

    Module                              ro code  ro data  rw data
    ------                              -------  -------  -------
command line/config:
    -------------------------------------------------------------
    Total:

C:\Projects\IAR\Eth_FreeRTOS_F4\EWARM\Eth_FreeRTOS_F4\Obj\BufferManagement_8411603605499954224.dir: [1]
    BufferAllocation_2.o                    384        4    1'108
    -------------------------------------------------------------
    Total:                                  384        4    1'108

C:\Projects\IAR\Eth_FreeRTOS_F4\EWARM\Eth_FreeRTOS_F4\Obj\CMSIS_6603591812247902717.dir: [2]
    system_stm32f4xx.o                       32        9        4
    -------------------------------------------------------------
    Total:                                   32        9        4

C:\Projects\IAR\Eth_FreeRTOS_F4\EWARM\Eth_FreeRTOS_F4\Obj\Core_13247989168731456611.dir: [3]
    main.o                                1'152       20      108
    stm32f4xx_hal_msp.o                     236
    stm32f4xx_hal_timebase_tim.o            160                72
    stm32f4xx_it.o                           24
    -------------------------------------------------------------
    Total:                                1'572       20      180

C:\Projects\IAR\Eth_FreeRTOS_F4\EWARM\Eth_FreeRTOS_F4\Obj\EWARM_18443280873093131863.dir: [4]
    startup_stm32f407xx.o                   724
    -------------------------------------------------------------
    Total:                                  724

C:\Projects\IAR\Eth_FreeRTOS_F4\EWARM\Eth_FreeRTOS_F4\Obj\FreeRTOS_15068288790229095433.dir: [5]
    event_groups.o                          286
    list.o                                  148
    queue.o                               1'588                64
    tasks.o                               3'164       18      264
    -------------------------------------------------------------
    Total:                                5'186       18      328

C:\Projects\IAR\Eth_FreeRTOS_F4\EWARM\Eth_FreeRTOS_F4\Obj\FreeRTOSplus_14461417515926343988.dir: [6]
    FreeRTOS_ARP.o                        1'544       43      276
    FreeRTOS_DNS.o                          206
    FreeRTOS_DNS_Cache.o                    456             1'924
    FreeRTOS_DNS_Callback.o                 268                20
    FreeRTOS_DNS_Parser.o                 1'404
    FreeRTOS_ICMP.o                         110
    FreeRTOS_IP.o                         1'588        6      186
    FreeRTOS_IP_Timers.o                    544               104
    FreeRTOS_IP_Utils.o                     500
    FreeRTOS_IPv4.o                         222
    FreeRTOS_IPv4_Sockets.o                  28
    FreeRTOS_IPv4_Utils.o                    48
    FreeRTOS_Routing.o                      800               112
    FreeRTOS_Sockets.o                    2'396                44
    FreeRTOS_Stream_Buffer.o                416
    FreeRTOS_TCP_IP.o                       868                 8
    FreeRTOS_TCP_IP_IPv4.o                  536
    FreeRTOS_TCP_Reception.o                678
    FreeRTOS_TCP_State_Handling.o         1'436
    FreeRTOS_TCP_State_Handling_IPv4.o      290
    FreeRTOS_TCP_Transmission.o           1'560
    FreeRTOS_TCP_Transmission_IPv4.o        756
    FreeRTOS_TCP_Utils.o                     12
    FreeRTOS_TCP_Utils_IPv4.o                62
    FreeRTOS_TCP_WIN.o                    1'932                28
    FreeRTOS_UDP_IP.o                        74        5       24
    FreeRTOS_UDP_IPv4.o                     552
    -------------------------------------------------------------
    Total:                               19'286       54    2'726

C:\Projects\IAR\Eth_FreeRTOS_F4\EWARM\Eth_FreeRTOS_F4\Obj\MemMang_17022254239031514164.dir: [7]
    heap_4.o                                540            76'828
    -------------------------------------------------------------
    Total:                                  540            76'828

C:\Projects\IAR\Eth_FreeRTOS_F4\EWARM\Eth_FreeRTOS_F4\Obj\NetworkInterface_17839565619337236105.dir: [8]
    NetworkInterface.o                    1'816       17      433
    phyHandling.o                         1'328
    stm32fxx_hal_eth.o                    1'404
    -------------------------------------------------------------
    Total:                                4'548       17      433

C:\Projects\IAR\Eth_FreeRTOS_F4\EWARM\Eth_FreeRTOS_F4\Obj\STM32F4xx_HAL_Driver_1244631019742807970.dir: [9]
    stm32f4xx_hal.o                          80        2       12
    stm32f4xx_hal_cortex.o                  148
    stm32f4xx_hal_gpio.o                    516
    stm32f4xx_hal_rcc.o                   1'264
    stm32f4xx_hal_rng.o                     152
    stm32f4xx_hal_tim.o                   1'516
    stm32f4xx_hal_tim_ex.o                    4
    -------------------------------------------------------------
    Total:                                3'680        2       12

C:\Projects\IAR\Eth_FreeRTOS_F4\EWARM\Eth_FreeRTOS_F4\Obj\portable_15954926109208205999.dir: [10]
    port.o                                  580        3       12
    portasm.o                               176
    -------------------------------------------------------------
    Total:                                  756        3       12

dl7M_tlf.a: [11]
    abort.o                                   6
    exit.o                                    4
    low_level_init.o                          4
    snprintf.o                               68
    strncasecmp.o                            64
    tolower.o                                20
    xfail_s.o                                64                 4
    xlocale_c.o                              40       31      128
    xprintffull_nomb.o                    3'786
    xsnprout.o                               26
    -------------------------------------------------------------
    Total:                                4'082       31      132

m7M_tls.a: [12]
    DblAddSub.o                             590
    DblCmpGe.o                               52
    DblCmpLe.o                               52
    DblDiv.o                                582
    DblMul.o                                426
    DblToS32.o                               54
    DblToU32.o                               34
    S32ToDbl.o                               34
    U32ToDbl.o                               28
    fpinit_M.o                               34
    frexp.o                                 112
    ldexp.o                                 314
    -------------------------------------------------------------
    Total:                                2'312

rt7M_tl.a: [13]
    ABImemclr.o                               6
    ABImemclr4.o                              6
    ABImemcpy_small.o                        24
    ABImemmove_small.o                       30
    ABImemset48.o                            58
    ABImemset_small.o                        18
    I64DivMod_small.o                       262
    I64DivZer.o                               2
    cexit.o                                  10
    cmain.o                                  30
    cstartup_M.o                             28
    data_init.o                              42
    lz77_init_single.o                      126
    memchr.o                                 88
    memcmp_small.o                           30
    strchr.o                                 22
    strcmp.o                                 18
    strcpy.o                                 24
    strlen_small.o                           20
    strncpy_small.o                          30
    zero_init3.o                             56
    -------------------------------------------------------------
    Total:                                  930

shb_l.a: [14]
    exit.o                                   20
    -------------------------------------------------------------
    Total:                                   20

    Gaps                                     43        4        8
    Linker created                                    32    1'024
-----------------------------------------------------------------
    Grand Total:                         44'095      194   82'795


*******************************************************************************
*** ENTRY LIST
***

Entry                       Address      Size  Type      Object
-----                       -------      ----  ----      ------
.iar.init_table$$Base    0x800'aa9c             --   Gb  - Linker created -
.iar.init_table$$Limit   0x800'aabc             --   Gb  - Linker created -
?main                    0x800'aadd            Code  ??  cmain.o [13]
ADC_IRQHandler           0x800'aba9            Code  Wk  startup_stm32f407xx.o [4]
AHBPrescTable            0x800'aacc      0x10  Data  ??  system_stm32f4xx.o [2]
APBPrescTable            0x800'ab54       0x8  Data  ??  system_stm32f4xx.o [2]
BusFault_Handler         0x800'ab33       0x2  Code  ??  stm32f4xx_it.o [3]
CAN1_RX0_IRQHandler      0x800'abb1            Code  Wk  startup_stm32f407xx.o [4]
CAN1_RX1_IRQHandler      0x800'abb5            Code  Wk  startup_stm32f407xx.o [4]
CAN1_SCE_IRQHandler      0x800'abb9            Code  Wk  startup_stm32f407xx.o [4]
CAN1_TX_IRQHandler       0x800'abad            Code  Wk  startup_stm32f407xx.o [4]
CAN2_RX0_IRQHandler      0x800'ac59            Code  Wk  startup_stm32f407xx.o [4]
CAN2_RX1_IRQHandler      0x800'ac5d            Code  Wk  startup_stm32f407xx.o [4]
CAN2_SCE_IRQHandler      0x800'ac61            Code  Wk  startup_stm32f407xx.o [4]
CAN2_TX_IRQHandler       0x800'ac55            Code  Wk  startup_stm32f407xx.o [4]
CSTACK$$Base            0x2001'3f70             --   Gb  - Linker created -
CSTACK$$Limit           0x2001'4370             --   ??  - Linker created -
DCMI_IRQHandler          0x800'ac91            Code  Wk  startup_stm32f407xx.o [4]
DMA1_Stream0_IRQHandler
                         0x800'ab8d            Code  Wk  startup_stm32f407xx.o [4]
DMA1_Stream1_IRQHandler
                         0x800'ab91            Code  Wk  startup_stm32f407xx.o [4]
DMA1_Stream2_IRQHandler
                         0x800'ab95            Code  Wk  startup_stm32f407xx.o [4]
DMA1_Stream3_IRQHandler
                         0x800'ab99            Code  Wk  startup_stm32f407xx.o [4]
DMA1_Stream4_IRQHandler
                         0x800'ab9d            Code  Wk  startup_stm32f407xx.o [4]
DMA1_Stream5_IRQHandler
                         0x800'aba1            Code  Wk  startup_stm32f407xx.o [4]
DMA1_Stream6_IRQHandler
                         0x800'aba5            Code  Wk  startup_stm32f407xx.o [4]
DMA1_Stream7_IRQHandler
                         0x800'ac19            Code  Wk  startup_stm32f407xx.o [4]
DMA2_Stream0_IRQHandler
                         0x800'ac3d            Code  Wk  startup_stm32f407xx.o [4]
DMA2_Stream1_IRQHandler
                         0x800'ac41            Code  Wk  startup_stm32f407xx.o [4]
DMA2_Stream2_IRQHandler
                         0x800'ac45            Code  Wk  startup_stm32f407xx.o [4]
DMA2_Stream3_IRQHandler
                         0x800'ac49            Code  Wk  startup_stm32f407xx.o [4]
DMA2_Stream4_IRQHandler
                         0x800'ac4d            Code  Wk  startup_stm32f407xx.o [4]
DMA2_Stream5_IRQHandler
                         0x800'ac69            Code  Wk  startup_stm32f407xx.o [4]
DMA2_Stream6_IRQHandler
                         0x800'ac6d            Code  Wk  startup_stm32f407xx.o [4]
DMA2_Stream7_IRQHandler
                         0x800'ac71            Code  Wk  startup_stm32f407xx.o [4]
DMARxDscrTab            0x2001'3c20      0x80  Data  ??  NetworkInterface.o [8]
DMATxDescToClear        0x2000'00f4       0x4  Data  Lc  NetworkInterface.o [8]
DMATxDscrTab            0x2001'3ca0      0x80  Data  ??  NetworkInterface.o [8]
DNS_ParseDNSReply        0x800'8e87     0x21c  Code  ??  FreeRTOS_DNS_Parser.o [6]
DNS_ReadNameField        0x800'8dd1      0x7e  Code  ??  FreeRTOS_DNS_Parser.o [6]
DNS_SkipNameField        0x800'8e4f      0x38  Code  ??  FreeRTOS_DNS_Parser.o [6]
DebugMon_Handler         0x800'ab37       0x2  Code  ??  stm32f4xx_it.o [3]
ETH_FlushTransmitFIFO    0x800'9b53      0x16  Code  Lc  stm32fxx_hal_eth.o [8]
ETH_IRQHandler           0x800'700b       0x6  Code  ??  NetworkInterface.o [8]
ETH_WKUP_IRQHandler      0x800'ac51            Code  Wk  startup_stm32f407xx.o [4]
EXTI0_IRQHandler         0x800'ab79            Code  Wk  startup_stm32f407xx.o [4]
EXTI15_10_IRQHandler     0x800'abfd            Code  Wk  startup_stm32f407xx.o [4]
EXTI1_IRQHandler         0x800'ab7d            Code  Wk  startup_stm32f407xx.o [4]
EXTI2_IRQHandler         0x800'ab81            Code  Wk  startup_stm32f407xx.o [4]
EXTI3_IRQHandler         0x800'ab85            Code  Wk  startup_stm32f407xx.o [4]
EXTI4_IRQHandler         0x800'ab89            Code  Wk  startup_stm32f407xx.o [4]
EXTI9_5_IRQHandler       0x800'abbd            Code  Wk  startup_stm32f407xx.o [4]
Error_Handler            0x800'455d       0x4  Code  ??  main.o [3]
FLASH_IRQHandler         0x800'ab71            Code  Wk  startup_stm32f407xx.o [4]
FPU_IRQHandler           0x800'ac99            Code  Wk  startup_stm32f407xx.o [4]
FSMC_IRQHandler          0x800'ac1d            Code  Wk  startup_stm32f407xx.o [4]
FreeRTOS_AddNetworkInterface
                         0x800'465f      0x20  Code  ??  FreeRTOS_Routing.o [6]
FreeRTOS_ClearARP        0x800'67cb      0x30  Code  ??  FreeRTOS_ARP.o [6]
FreeRTOS_FillEndPoint    0x800'4589      0xd6  Code  ??  FreeRTOS_Routing.o [6]
FreeRTOS_FindEndPointOnIP_IPv4
                         0x800'46bb      0x30  Code  ??  FreeRTOS_Routing.o [6]
FreeRTOS_FindEndPointOnNetMask
                         0x800'46eb       0x6  Code  ??  FreeRTOS_Routing.o [6]
FreeRTOS_FindGateWay     0x800'488d      0x12  Code  ??  FreeRTOS_Routing.o [6]
FreeRTOS_FirstEndPoint   0x800'468b      0x18  Code  ??  FreeRTOS_Routing.o [6]
FreeRTOS_FirstNetworkInterface
                         0x800'467f       0x6  Code  ??  FreeRTOS_Routing.o [6]
FreeRTOS_GetAddressConfiguration
                         0x800'3c41      0x12  Code  ??  FreeRTOS_IP.o [6]
FreeRTOS_GetEndPointConfiguration
                         0x800'3c19      0x28  Code  ??  FreeRTOS_IP.o [6]
FreeRTOS_GetIPTaskHandle
                         0x800'3aff       0x8  Code  ??  FreeRTOS_IP.o [6]
FreeRTOS_IPInit          0x800'3b5f      0x32  Code  ??  FreeRTOS_IP.o [6]
FreeRTOS_IPInit::xEndPoints
                        0x2001'3b9c      0x7c  Data  Lc  FreeRTOS_IP.o [6]
FreeRTOS_IPInit::xInterfaces
                        0x2001'3b7c      0x20  Data  Lc  FreeRTOS_IP.o [6]
FreeRTOS_IPInit_Multi    0x800'3b91      0x66  Code  ??  FreeRTOS_IP.o [6]
FreeRTOS_InterfaceEndPointOnNetMask
                         0x800'46f1      0x44  Code  ??  FreeRTOS_Routing.o [6]
FreeRTOS_MatchingEndpoint
                         0x800'47db      0xa4  Code  ??  FreeRTOS_Routing.o [6]
FreeRTOS_NetworkDown     0x800'3b27      0x38  Code  ??  FreeRTOS_IP.o [6]
FreeRTOS_NextEndPoint    0x800'46a3      0x18  Code  ??  FreeRTOS_Routing.o [6]
FreeRTOS_NextNetworkInterface
                         0x800'4685       0x6  Code  ??  FreeRTOS_Routing.o [6]
FreeRTOS_OutputARPRequest
                         0x800'6735      0x16  Code  ??  FreeRTOS_ARP.o [6]
FreeRTOS_OutputARPRequest_Multi
                         0x800'66c1      0x74  Code  ??  FreeRTOS_ARP.o [6]
FreeRTOS_ProcessDNSCache
                         0x800'601d     0x19c  Code  ??  FreeRTOS_DNS_Cache.o [6]
FreeRTOS_SignalSocket    0x800'3753      0x2a  Code  ??  FreeRTOS_Sockets.o [6]
FreeRTOS_dns_update      0x800'5ff9      0x10  Code  ??  FreeRTOS_DNS_Cache.o [6]
FreeRTOS_dnsclear        0x800'6009      0x14  Code  ??  FreeRTOS_DNS_Cache.o [6]
FreeRTOS_freeaddrinfo    0x800'5fa1      0x16  Code  ??  FreeRTOS_DNS.o [6]
FreeRTOS_inet_ntoa       0x800'3229      0x62  Code  ??  FreeRTOS_Sockets.o [6]
FreeRTOS_inet_ntop       0x800'328b      0x1a  Code  ??  FreeRTOS_Sockets.o [6]
FreeRTOS_inet_ntop4      0x800'51b5      0x1c  Code  ??  FreeRTOS_IPv4_Sockets.o [6]
FreeRTOS_listen          0x800'3333      0x6c  Code  ??  FreeRTOS_Sockets.o [6]
FreeRTOS_max_size_t      0x800'409f       0x8  Code  ??  FreeRTOS_IP_Utils.o [6]
FreeRTOS_min_int32       0x800'40a7       0x8  Code  ??  FreeRTOS_IP_Utils.o [6]
FreeRTOS_min_size_t      0x800'40b7       0x8  Code  ??  FreeRTOS_IP_Utils.o [6]
FreeRTOS_min_uint32      0x800'40af       0x8  Code  ??  FreeRTOS_IP_Utils.o [6]
FreeRTOS_round_up        0x800'40bf      0x18  Code  ??  FreeRTOS_IP_Utils.o [6]
FreeRTOS_rx_size         0x800'361b      0x18  Code  ??  FreeRTOS_Sockets.o [6]
FreeRTOS_socket          0x800'2e9d     0x10a  Code  ??  FreeRTOS_Sockets.o [6]
FreeRTOS_tx_space        0x800'35f9      0x1c  Code  ??  FreeRTOS_Sockets.o [6]
HAL_ETH_ConfigMAC        0x800'99ff      0xfc  Code  ??  stm32fxx_hal_eth.o [8]
HAL_ETH_ErrorCallback    0x800'a98b       0x2  Code  Wk  stm32fxx_hal_eth.o [8]
HAL_ETH_IRQHandler       0x800'97af      0x3a  Code  ??  stm32fxx_hal_eth.o [8]
HAL_ETH_Init             0x800'95f1     0x1be  Code  ??  stm32fxx_hal_eth.o [8]
HAL_ETH_MspInit          0x800'a989       0x2  Code  Wk  stm32fxx_hal_eth.o [8]
HAL_ETH_ReadPHYRegister
                         0x800'97e9      0x72  Code  ??  stm32fxx_hal_eth.o [8]
HAL_ETH_RxCpltCallback   0x800'6963      0x22  Code  ??  NetworkInterface.o [8]
HAL_ETH_Start            0x800'98cd      0x52  Code  ??  stm32fxx_hal_eth.o [8]
HAL_ETH_Stop             0x800'991f      0x50  Code  ??  stm32fxx_hal_eth.o [8]
HAL_ETH_TxCpltCallback   0x800'6985      0x22  Code  ??  NetworkInterface.o [8]
HAL_ETH_WritePHYRegister
                         0x800'985b      0x72  Code  ??  stm32fxx_hal_eth.o [8]
HAL_GPIO_Init            0x800'70ad     0x1be  Code  ??  stm32f4xx_hal_gpio.o [9]
HAL_GPIO_TogglePin       0x800'7273      0x10  Code  ??  stm32f4xx_hal_gpio.o [9]
HAL_GPIO_WritePin        0x800'726b       0x8  Code  ??  stm32f4xx_hal_gpio.o [9]
HAL_GetTick              0x800'a221       0xc  Code  Wk  stm32f4xx_hal.o [9]
HAL_IncTick              0x800'7ea9      0x10  Code  Wk  stm32f4xx_hal.o [9]
HAL_Init                 0x800'7079      0x30  Code  ??  stm32f4xx_hal.o [9]
HAL_InitTick             0x800'a171      0x8a  Code  ??  stm32f4xx_hal_timebase_tim.o [3]
HAL_MspInit              0x800'7895      0x34  Code  ??  stm32f4xx_hal_msp.o [3]
HAL_NVIC_EnableIRQ       0x800'a149      0x16  Code  ??  stm32f4xx_hal_cortex.o [9]
HAL_NVIC_SetPriority     0x800'a10b      0x3e  Code  ??  stm32f4xx_hal_cortex.o [9]
HAL_NVIC_SetPriorityGrouping
                         0x800'a0f7      0x14  Code  ??  stm32f4xx_hal_cortex.o [9]
HAL_RCC_ClockConfig      0x800'7d2d     0x100  Code  ??  stm32f4xx_hal_rcc.o [9]
HAL_RCC_GetClockConfig   0x800'7e55      0x36  Code  ??  stm32f4xx_hal_rcc.o [9]
HAL_RCC_GetHCLKFreq      0x800'7e39       0x6  Code  ??  stm32f4xx_hal_rcc.o [9]
HAL_RCC_GetPCLK1Freq     0x800'7e3f      0x10  Code  ??  stm32f4xx_hal_rcc.o [9]
HAL_RCC_GetSysClockFreq
                         0x800'a22d      0x60  Code  Wk  stm32f4xx_hal_rcc.o [9]
HAL_RCC_OscConfig        0x800'7a19     0x314  Code  Wk  stm32f4xx_hal_rcc.o [9]
HAL_RNG_GenerateRandomNumber
                         0x800'79b1      0x68  Code  ??  stm32f4xx_hal_rng.o [9]
HAL_RNG_Init             0x800'7981      0x30  Code  ??  stm32f4xx_hal_rng.o [9]
HAL_RNG_MspInit          0x800'78c9      0x26  Code  ??  stm32f4xx_hal_msp.o [3]
HAL_TIMEx_BreakCallback
                         0x800'a217       0x2  Code  Wk  stm32f4xx_hal_tim_ex.o [9]
HAL_TIMEx_CommutCallback
                         0x800'a21b       0x2  Code  Wk  stm32f4xx_hal_tim_ex.o [9]
HAL_TIM_Base_Init        0x800'72b1      0x1a  Code  ??  stm32f4xx_hal_tim.o [9]
HAL_TIM_Base_MspInit     0x800'78ef      0x26  Code  ??  stm32f4xx_hal_msp.o [3]
HAL_TIM_Base_Start_IT    0x800'72cb      0x7a  Code  ??  stm32f4xx_hal_tim.o [9]
HAL_TIM_ConfigClockSource
                         0x800'753b      0xac  Code  ??  stm32f4xx_hal_tim.o [9]
HAL_TIM_IC_CaptureCallback
                         0x800'a213       0x2  Code  Wk  stm32f4xx_hal_tim.o [9]
HAL_TIM_IRQHandler       0x800'73b1     0x12a  Code  ??  stm32f4xx_hal_tim.o [9]
HAL_TIM_MspPostInit      0x800'7915      0x4e  Code  ??  stm32f4xx_hal_msp.o [3]
HAL_TIM_OC_ConfigChannel
                         0x800'74e1      0x50  Code  ??  stm32f4xx_hal_tim.o [9]
HAL_TIM_OC_DelayElapsedCallback
                         0x800'a215       0x2  Code  Wk  stm32f4xx_hal_tim.o [9]
HAL_TIM_OC_Init          0x800'7345      0x18  Code  ??  stm32f4xx_hal_tim.o [9]
HAL_TIM_OC_MspInit       0x800'a211       0x2  Code  Wk  stm32f4xx_hal_tim.o [9]
HAL_TIM_PWM_PulseFinishedCallback
                         0x800'a21d       0x2  Code  Wk  stm32f4xx_hal_tim.o [9]
HAL_TIM_PeriodElapsedCallback
                         0x800'4513       0xe  Code  ??  main.o [3]
HAL_TIM_TriggerCallback
                         0x800'a219       0x2  Code  Wk  stm32f4xx_hal_tim.o [9]
HASH_RNG_IRQHandler      0x800'ac95            Code  Wk  startup_stm32f407xx.o [4]
HardFault_Handler        0x800'ab2f       0x2  Code  ??  stm32f4xx_it.o [3]
I2C1_ER_IRQHandler       0x800'abdd            Code  Wk  startup_stm32f407xx.o [4]
I2C1_EV_IRQHandler       0x800'abd9            Code  Wk  startup_stm32f407xx.o [4]
I2C2_ER_IRQHandler       0x800'abe5            Code  Wk  startup_stm32f407xx.o [4]
I2C2_EV_IRQHandler       0x800'abe1            Code  Wk  startup_stm32f407xx.o [4]
I2C3_ER_IRQHandler       0x800'ac7d            Code  Wk  startup_stm32f407xx.o [4]
I2C3_EV_IRQHandler       0x800'ac79            Code  Wk  startup_stm32f407xx.o [4]
LedTask_t               0x2000'00a0       0x4  Data  ??  main.o [3]
Led_task                 0x800'44e9      0x14  Code  ??  main.o [3]
MemManage_Handler        0x800'ab31       0x2  Code  ??  stm32f4xx_it.o [3]
NMI_Handler              0x800'ab2d       0x2  Code  ??  stm32f4xx_it.o [3]
OTG_FS_IRQHandler        0x800'ac65            Code  Wk  startup_stm32f407xx.o [4]
OTG_FS_WKUP_IRQHandler   0x800'ac05            Code  Wk  startup_stm32f407xx.o [4]
OTG_HS_EP1_IN_IRQHandler
                         0x800'ac85            Code  Wk  startup_stm32f407xx.o [4]
OTG_HS_EP1_OUT_IRQHandler
                         0x800'ac81            Code  Wk  startup_stm32f407xx.o [4]
OTG_HS_IRQHandler        0x800'ac8d            Code  Wk  startup_stm32f407xx.o [4]
OTG_HS_WKUP_IRQHandler   0x800'ac89            Code  Wk  startup_stm32f407xx.o [4]
PVD_IRQHandler           0x800'ab65            Code  Wk  startup_stm32f407xx.o [4]
PendSV_Handler           0x800'2dad            Code  ??  portasm.o [10]
ProcessICMPPacket        0x800'68f3      0x6e  Code  ??  FreeRTOS_ICMP.o [6]
RCC_IRQHandler           0x800'ab75            Code  Wk  startup_stm32f407xx.o [4]
RTC_Alarm_IRQHandler     0x800'ac01            Code  Wk  startup_stm32f407xx.o [4]
RTC_WKUP_IRQHandler      0x800'ab6d            Code  Wk  startup_stm32f407xx.o [4]
Region$$Table$$Base      0x800'aa9c             --   ??  - Linker created -
Region$$Table$$Limit     0x800'aabc             --   ??  - Linker created -
Reset_Handler            0x800'ab45            Code  Wk  startup_stm32f407xx.o [4]
SDIO_IRQHandler          0x800'ac21            Code  Wk  startup_stm32f407xx.o [4]
SPI1_IRQHandler          0x800'abe9            Code  Wk  startup_stm32f407xx.o [4]
SPI2_IRQHandler          0x800'abed            Code  Wk  startup_stm32f407xx.o [4]
SPI3_IRQHandler          0x800'ac29            Code  Wk  startup_stm32f407xx.o [4]
SVC_Handler              0x800'2e05            Code  ??  portasm.o [10]
SecTask                  0x800'44fd      0x16  Code  ??  main.o [3]
SecondaryTask_t         0x2000'00a4       0x4  Data  ??  main.o [3]
SysTick_Handler          0x800'2cdb      0x26  Code  ??  port.o [10]
SystemClock_Config       0x800'43e5      0x9a  Code  ??  main.o [3]
SystemCoreClock         0x2000'011c       0x4  Data  ??  system_stm32f4xx.o [2]
SystemInit               0x800'aabd       0xc  Code  ??  system_stm32f4xx.o [2]
TAMP_STAMP_IRQHandler    0x800'ab69            Code  Wk  startup_stm32f407xx.o [4]
TIM1_BRK_TIM9_IRQHandler
                         0x800'abc1            Code  Wk  startup_stm32f407xx.o [4]
TIM1_CC_IRQHandler       0x800'abcd            Code  Wk  startup_stm32f407xx.o [4]
TIM1_TRG_COM_TIM11_IRQHandler
                         0x800'abc9            Code  Wk  startup_stm32f407xx.o [4]
TIM1_UP_TIM10_IRQHandler
                         0x800'abc5            Code  Wk  startup_stm32f407xx.o [4]
TIM2_IRQHandler          0x800'abd1            Code  Wk  startup_stm32f407xx.o [4]
TIM3_IRQHandler          0x800'ab39       0x6  Code  ??  stm32f4xx_it.o [3]
TIM4_IRQHandler          0x800'abd5            Code  Wk  startup_stm32f407xx.o [4]
TIM5_IRQHandler          0x800'ac25            Code  Wk  startup_stm32f407xx.o [4]
TIM6_DAC_IRQHandler      0x800'ac35            Code  Wk  startup_stm32f407xx.o [4]
TIM7_IRQHandler          0x800'ac39            Code  Wk  startup_stm32f407xx.o [4]
TIM8_BRK_TIM12_IRQHandler
                         0x800'ac09            Code  Wk  startup_stm32f407xx.o [4]
TIM8_CC_IRQHandler       0x800'ac15            Code  Wk  startup_stm32f407xx.o [4]
TIM8_TRG_COM_TIM14_IRQHandler
                         0x800'ac11            Code  Wk  startup_stm32f407xx.o [4]
TIM8_UP_TIM13_IRQHandler
                         0x800'ac0d            Code  Wk  startup_stm32f407xx.o [4]
TIM_Base_SetConfig       0x800'75f9      0xa4  Code  ??  stm32f4xx_hal_tim.o [9]
TIM_ETR_SetConfig        0x800'787f      0x14  Code  ??  stm32f4xx_hal_tim.o [9]
TIM_ITRx_SetConfig       0x800'786f      0x10  Code  Lc  stm32f4xx_hal_tim.o [9]
TIM_OC1_SetConfig        0x800'769d      0x58  Code  Lc  stm32f4xx_hal_tim.o [9]
TIM_OC2_SetConfig        0x800'76f5      0x60  Code  ??  stm32f4xx_hal_tim.o [9]
TIM_OC3_SetConfig        0x800'7755      0x5e  Code  Lc  stm32f4xx_hal_tim.o [9]
TIM_OC4_SetConfig        0x800'77b3      0x46  Code  Lc  stm32f4xx_hal_tim.o [9]
TIM_TI1_ConfigInputStage
                         0x800'7829      0x22  Code  Lc  stm32f4xx_hal_tim.o [9]
TIM_TI2_ConfigInputStage
                         0x800'784b      0x24  Code  Lc  stm32f4xx_hal_tim.o [9]
UART4_IRQHandler         0x800'ac2d            Code  Wk  startup_stm32f407xx.o [4]
UART5_IRQHandler         0x800'ac31            Code  Wk  startup_stm32f407xx.o [4]
USART1_IRQHandler        0x800'abf1            Code  Wk  startup_stm32f407xx.o [4]
USART2_IRQHandler        0x800'abf5            Code  Wk  startup_stm32f407xx.o [4]
USART3_IRQHandler        0x800'abf9            Code  Wk  startup_stm32f407xx.o [4]
USART6_IRQHandler        0x800'ac75            Code  Wk  startup_stm32f407xx.o [4]
UsageFault_Handler       0x800'ab35       0x2  Code  ??  stm32f4xx_it.o [3]
WWDG_IRQHandler          0x800'ab61            Code  Wk  startup_stm32f407xx.o [4]
_LC                      0x800'0189       0x6  Code  Lc  xprintffull_nomb.o [11]
_LitobFullNoMb           0x800'0e75     0x10c  Code  Lc  xprintffull_nomb.o [11]
_LocaleC_isupper         0x800'1ab9       0x2  Code  ??  xlocale_c.o [11]
_LocaleC_tolower         0x800'1ac5       0xc  Code  ??  xlocale_c.o [11]
_Locale_lconv           0x2000'017c      0x38  Data  Lc  xlocale_c.o [11]
_PrintfFullNoMb          0x800'018f     0xcb6  Code  ??  xprintffull_nomb.o [11]
_PutcharsFullNoMb        0x800'0fdd      0x2e  Code  Lc  xprintffull_nomb.o [11]
_SNProut                 0x800'10e7      0x1a  Code  ??  xsnprout.o [11]
__NVIC_SetPriority       0x800'a0dd      0x1a  Code  Lc  stm32f4xx_hal_cortex.o [9]
__aeabi_cdcmple          0x800'1235            Code  ??  DblCmpLe.o [12]
__aeabi_cdrcmple         0x800'1269            Code  ??  DblCmpGe.o [12]
__aeabi_d2iz             0x800'13d9            Code  ??  DblToS32.o [12]
__aeabi_d2uiz            0x800'18cd            Code  ??  DblToU32.o [12]
__aeabi_ddiv             0x800'1685            Code  ??  DblDiv.o [12]
__aeabi_dmul             0x800'190d            Code  ??  DblMul.o [12]
__aeabi_dsub             0x800'15a1            Code  ??  DblAddSub.o [12]
__aeabi_i2d              0x800'1411            Code  ??  S32ToDbl.o [12]
__aeabi_ldiv0            0x800'1bed            Code  ??  I64DivZer.o [13]
__aeabi_memclr           0x800'2a7d            Code  ??  ABImemclr.o [13]
__aeabi_memclr4          0x800'4101            Code  ??  ABImemclr4.o [13]
__aeabi_memset4          0x800'2a85            Code  ??  ABImemset48.o [13]
__aeabi_memset8          0x800'2a85            Code  ??  ABImemset48.o [13]
__aeabi_ui2d             0x800'18f1            Code  ??  U32ToDbl.o [12]
__cmain                  0x800'aadd            Code  ??  cmain.o [13]
__exit                   0x800'1bf1      0x14  Code  ??  exit.o [14]
__iar_Fail_s             0x800'1101      0x1c  Code  ??  xfail_s.o [11]
__iar_Memchr             0x800'1155            Code  ??  memchr.o [13]
__iar_Memset4_word       0x800'2a8d            Code  ??  ABImemset48.o [13]
__iar_Memset8_word       0x800'2a8d            Code  ??  ABImemset48.o [13]
__iar_Strchr             0x800'10d1            Code  ??  strchr.o [13]
__iar_data_init3         0x800'aa25      0x18  Code  ??  data_init.o [13]
__iar_frexp              0x800'11d1            Code  ??  frexp.o [12]
__iar_frexpl             0x800'11d1            Code  ??  frexp.o [12]
__iar_globLocale        0x2000'01b4      0x48  Data  Lc  xlocale_c.o [11]
__iar_global_Locale      0x800'1ad1       0x4  Code  ??  xlocale_c.o [11]
__iar_init_vfp           0x800'aa79            Code  ??  fpinit_M.o [12]
__iar_ldexp64            0x800'129d            Code  ??  ldexp.o [12]
__iar_lz77_init_single3
                         0x800'1053      0x7e  Code  ??  lz77_init_single.o [13]
__iar_program_start      0x800'ab11            Code  ??  cstartup_M.o [13]
__iar_scalbln64          0x800'129d            Code  ??  ldexp.o [12]
__iar_scalbn64           0x800'129d            Code  ??  ldexp.o [12]
__iar_small_Memcpy       0x800'11b1            Code  ??  ABImemcpy_small.o [13]
__iar_small_Memset       0x800'2d71            Code  ??  ABImemset_small.o [13]
__iar_small_Memset_word
                         0x800'2d71            Code  ??  ABImemset_small.o [13]
__iar_small_memcmp       0x800'7eb9            Code  ??  memcmp_small.o [13]
__iar_small_memcpy       0x800'11ad            Code  ??  ABImemcpy_small.o [13]
__iar_small_memcpy4      0x800'11ad            Code  ??  ABImemcpy_small.o [13]
__iar_small_memcpy8      0x800'11ad            Code  ??  ABImemcpy_small.o [13]
__iar_small_memmove      0x800'95d1            Code  ??  ABImemmove_small.o [13]
__iar_small_memmove4     0x800'95d1            Code  ??  ABImemmove_small.o [13]
__iar_small_memmove8     0x800'95d1            Code  ??  ABImemmove_small.o [13]
__iar_small_memset       0x800'2d71            Code  ??  ABImemset_small.o [13]
__iar_small_strlen       0x800'1141            Code  ??  strlen_small.o [13]
__iar_small_strncpy      0x800'8db1            Code  ??  strncpy_small.o [13]
__iar_small_uldivmod     0x800'1ae1            Code  ??  I64DivMod_small.o [13]
__iar_softfp___iar_frexp64
                         0x800'11c5            Code  ??  frexp.o [12]
__iar_softfp_frexp       0x800'11c5            Code  ??  frexp.o [12]
__iar_softfp_frexpl      0x800'11c5            Code  ??  frexp.o [12]
__iar_zero_init3         0x800'a9eb      0x38  Code  ??  zero_init3.o [13]
__low_level_init         0x800'aafb       0x4  Code  ??  low_level_init.o [11]
__vector_table           0x800'0000            Data  ??  startup_stm32f407xx.o [4]
_call_main               0x800'aae9            Code  ??  cmain.o [13]
_exit                    0x800'ab05            Code  ??  cexit.o [13]
abort                    0x800'1be7       0x6  Code  ??  abort.o [11]
eARPGetCacheEntry        0x800'6567      0xe8  Code  ??  FreeRTOS_ARP.o [6]
eARPProcessPacket        0x800'620d     0x1ce  Code  ??  FreeRTOS_ARP.o [6]
eARPProcessPacket::uxARPClashCounter
                        0x2000'0008       0x4  Data  Lc  FreeRTOS_ARP.o [6]
eARPProcessPacket::uxARPClashTimeoutPeriod
                        0x2000'0004       0x4  Data  Lc  FreeRTOS_ARP.o [6]
eARPProcessPacket::xARPClashTimeOut
                        0x2000'000c       0x8  Data  Lc  FreeRTOS_ARP.o [6]
exit                     0x800'aaff       0x4  Code  ??  exit.o [11]
hrng                    0x2000'0090      0x10  Data  ??  main.o [3]
htim3                   0x2001'3e3c      0x48  Data  ??  stm32f4xx_hal_timebase_tim.o [3]
htim9                   0x2000'0048      0x48  Data  ??  main.o [3]
lTCPAddRxdata            0x800'3513      0xe6  Code  ??  FreeRTOS_Sockets.o [6]
lTCPIncrementTxPosition
                         0x800'4ddf       0xa  Code  Lc  FreeRTOS_TCP_WIN.o [6]
lTCPWindowRxCheck        0x800'4c81     0x158  Code  ??  FreeRTOS_TCP_WIN.o [6]
lTCPWindowTxAdd          0x800'4de9      0xb2  Code  ??  FreeRTOS_TCP_WIN.o [6]
ldexp                    0x800'129d            Code  ??  ldexp.o [12]
ldexpl                   0x800'129d            Code  ??  ldexp.o [12]
localeconv               0x800'1ad5       0x4  Code  ??  xlocale_c.o [11]
main                     0x800'4109     0x29c  Code  ??  main.o [3]
memchr                   0x800'1155            Code  ??  memchr.o [13]
parseDNSAnswer           0x800'90a3     0x194  Code  ??  FreeRTOS_DNS_Parser.o [6]
prepareReplyDNSMessage   0x800'9237      0x7c  Code  ??  FreeRTOS_DNS_Parser.o [6]
prvAddCurrentTaskToDelayedList
                         0x800'27c9      0x8e  Code  Lc  tasks.o [5]
prvAllowIPPacketIPv4     0x800'6839      0x6a  Code  ??  FreeRTOS_IPv4.o [6]
prvCheckIP4HeaderOptions
                         0x800'68a3      0x50  Code  ??  FreeRTOS_IPv4.o [6]
prvCheckOptions          0x800'a581     0x176  Code  ??  FreeRTOS_TCP_Reception.o [6]
prvCheckRxData           0x800'a6f7      0x7e  Code  ??  FreeRTOS_TCP_Reception.o [6]
prvCheckTasksWaitingTermination
                         0x800'23bb      0x38  Code  Lc  tasks.o [5]
prvCopyDataFromQueue     0x800'56f3      0x28  Code  Lc  queue.o [5]
prvCopyDataToQueue       0x800'568b      0x68  Code  Lc  queue.o [5]
prvDeleteTCB             0x800'23f3      0x14  Code  Lc  tasks.o [5]
prvEMACHandlerTask       0x800'6dd1     0x23a  Code  Lc  NetworkInterface.o [8]
prvEMACHandlerTask{2}{3}{4}{5}::uxLowestSemCount
                        0x2000'0100       0x4  Data  Lc  NetworkInterface.o [8]
prvEthernetUpdateConfig
                         0x800'6cff      0x8e  Code  Lc  NetworkInterface.o [8]
prvHandleListen          0x800'89d3      0x1a  Code  ??  FreeRTOS_TCP_State_Handling.o [6]
prvHandleListen_IPV4     0x800'a827     0x122  Code  ??  FreeRTOS_TCP_State_Handling_IPv4.o [6]
prvIPTask                0x800'37b9     0x346  Code  Lc  FreeRTOS_IP.o [6]
prvIPTimerCheck          0x800'5e6b      0x3c  Code  Lc  FreeRTOS_IP_Timers.o [6]
prvIPTimerReload         0x800'5e55       0x4  Code  Lc  FreeRTOS_IP_Timers.o [6]
prvIPTimerStart          0x800'5e27      0x28  Code  Lc  FreeRTOS_IP_Timers.o [6]
prvIdleTask              0x800'23a5      0x16  Code  Lc  tasks.o [5]
prvIsQueueEmpty          0x800'5783      0x16  Code  Lc  queue.o [5]
prvMACAddressConfig      0x800'6bc7      0x30  Code  Lc  NetworkInterface.o [8]
prvPacketBuffer_to_NetworkBuffer
                         0x800'3f57      0x14  Code  Lc  FreeRTOS_IP_Utils.o [6]
prvProcessNetworkDownEvent
                         0x800'3fb1      0xae  Code  ??  FreeRTOS_IP_Utils.o [6]
prvResetNextTaskUnblockTime
                         0x800'2407      0x1c  Code  Lc  tasks.o [5]
prvSendData              0x800'841f      0xac  Code  ??  FreeRTOS_TCP_Transmission.o [6]
prvSetOptions            0x800'83bd      0x62  Code  ??  FreeRTOS_TCP_Transmission.o [6]
prvSetSynAckOptions      0x800'80f1      0x4e  Code  ??  FreeRTOS_TCP_Transmission.o [6]
prvSocketSetMSS          0x800'a98d       0xc  Code  ??  FreeRTOS_TCP_Utils.o [6]
prvSocketSetMSS_IPV4     0x800'a9ad      0x3e  Code  ??  FreeRTOS_TCP_Utils_IPv4.o [6]
prvStoreRxData           0x800'a775      0xb2  Code  ??  FreeRTOS_TCP_Reception.o [6]
prvTCPAddTxData          0x800'8387      0x36  Code  ??  FreeRTOS_TCP_Transmission.o [6]
prvTCPBufferResize       0x800'813f      0x76  Code  ??  FreeRTOS_TCP_Transmission.o [6]
prvTCPCreateStream       0x800'3489      0x8a  Code  Lc  FreeRTOS_Sockets.o [6]
prvTCPCreateStream{1}{2}::xPercTable
                         0x800'3798      0x20  Data  Lc  FreeRTOS_Sockets.o [6]
prvTCPCreateWindow       0x800'80c9      0x28  Code  ??  FreeRTOS_TCP_Transmission.o [6]
prvTCPHandleFin          0x800'8549      0xc2  Code  Lc  FreeRTOS_TCP_State_Handling.o [6]
prvTCPHandleState        0x800'860d     0x38c  Code  ??  FreeRTOS_TCP_State_Handling.o [6]
prvTCPNextTimeout        0x800'5c09      0x80  Code  ??  FreeRTOS_TCP_IP.o [6]
prvTCPPrepareConnect_IPV4
                         0x800'a437      0xe4  Code  ??  FreeRTOS_TCP_Transmission_IPv4.o [6]
prvTCPPrepareSend        0x800'81e3     0x19e  Code  ??  FreeRTOS_TCP_Transmission.o [6]
prvTCPReturnPacket       0x800'7fa1      0x1c  Code  ??  FreeRTOS_TCP_Transmission.o [6]
prvTCPReturnPacket_IPV4
                         0x800'a28d     0x196  Code  ??  FreeRTOS_TCP_Transmission_IPv4.o [6]
prvTCPReturn_CheckTCPWindow
                         0x800'7fbd      0x6e  Code  ??  FreeRTOS_TCP_Transmission.o [6]
prvTCPReturn_SetEndPoint
                         0x800'81bd      0x26  Code  ??  FreeRTOS_TCP_Transmission.o [6]
prvTCPReturn_SetSequenceNumber
                         0x800'802b      0x9e  Code  ??  FreeRTOS_TCP_Transmission.o [6]
prvTCPSendChallengeAck   0x800'84e9       0x4  Code  ??  FreeRTOS_TCP_Transmission.o [6]
prvTCPSendPacket         0x800'7ed9      0x90  Code  ??  FreeRTOS_TCP_Transmission.o [6]
prvTCPSendRepeated       0x800'7f69      0x38  Code  ??  FreeRTOS_TCP_Transmission.o [6]
prvTCPSendReset          0x800'84ed       0x4  Code  ??  FreeRTOS_TCP_Transmission.o [6]
prvTCPSendSpecialPacketHelper
                         0x800'84cb      0x1e  Code  ??  FreeRTOS_TCP_Transmission.o [6]
prvTCPSendSpecialPktHelper_IPV4
                         0x800'a51b      0x66  Code  ??  FreeRTOS_TCP_Transmission_IPv4.o [6]
prvTCPSocketCopy         0x800'89f7      0x96  Code  ??  FreeRTOS_TCP_State_Handling.o [6]
prvTCPSocketIsActive     0x800'84f1      0x14  Code  ??  FreeRTOS_TCP_State_Handling.o [6]
prvTCPStatusAgeCheck     0x800'8505      0x44  Code  ??  FreeRTOS_TCP_State_Handling.o [6]
prvTCPTouchSocket        0x800'5a57      0x20  Code  ??  FreeRTOS_TCP_IP.o [6]
prvTCPWindowTxCheckAck   0x800'504b      0xd2  Code  Lc  FreeRTOS_TCP_WIN.o [6]
prvTCPWindowTxHasSpace   0x800'4ea7      0x40  Code  Lc  FreeRTOS_TCP_WIN.o [6]
prvTaskExitError         0x800'2b7d      0x1c  Code  Lc  port.o [10]
prvUnlockQueue           0x800'571b      0x68  Code  Lc  queue.o [5]
prvValidSocket           0x800'2e5d      0x28  Code  Lc  FreeRTOS_Sockets.o [6]
prvWriteDMAOMR           0x800'99cf      0x1a  Code  Lc  stm32fxx_hal_eth.o [8]
prvWriteMACCR            0x800'99e9      0x16  Code  Lc  stm32fxx_hal_eth.o [8]
prvWriteMACFCR           0x800'99b9      0x16  Code  Lc  stm32fxx_hal_eth.o [8]
pvPortMalloc             0x800'2861     0x156  Code  ??  heap_4.o [7]
pvTaskIncrementMutexHeldCount
                         0x800'25cb      0x10  Code  ??  tasks.o [5]
pxARPWaitingNetworkBuffer
                        0x2000'0018       0x4  Data  ??  FreeRTOS_IP.o [6]
pxCurrentTCB            0x2001'3b34       0x4  Data  ??  tasks.o [5]
pxDelayedTaskList       0x2000'015c       0x4  Data  Lc  tasks.o [5]
pxDuplicateNetworkBufferWithDescriptor
                         0x800'3f0d      0x4a  Code  ??  FreeRTOS_IP_Utils.o [6]
pxEasyFit                0x800'4735      0xa6  Code  ??  FreeRTOS_Routing.o [6]
pxEnd                   0x2000'0204       0x4  Data  Lc  heap_4.o [7]
pxFillInterfaceDescriptor
                         0x800'6961       0x2  Code  ??  NetworkInterface.o [8]
pxGetNetworkBufferWithDescriptor
                         0x800'491d      0xb4  Code  ??  BufferAllocation_2.o [1]
pxListFindListItemWithValue
                         0x800'31d9      0x2e  Code  Lc  FreeRTOS_Sockets.o [6]
pxMyInterface           0x2000'00f8       0x4  Data  Lc  NetworkInterface.o [8]
pxNetworkEndPoints      0x2001'3d88       0x4  Data  ??  FreeRTOS_Routing.o [6]
pxNetworkInterfaces     0x2001'3f50       0x4  Data  ??  FreeRTOS_Routing.o [6]
pxNew_AddrInfo           0x800'5f2d      0x74  Code  ??  FreeRTOS_DNS.o [6]
pxOverflowDelayedTaskList
                        0x2000'0160       0x4  Data  Lc  tasks.o [5]
pxPacketBuffer_to_NetworkBuffer
                         0x800'3f6b       0x4  Code  ??  FreeRTOS_IP_Utils.o [6]
pxPortInitialiseStack    0x800'2b55      0x26  Code  ??  port.o [10]
pxReadyTasksLists       0x2001'3ad0      0x64  Data  Lc  tasks.o [5]
pxSTM32Fxx_FillInterfaceDescriptor
                         0x800'6d99      0x36  Code  ??  NetworkInterface.o [8]
pxSTM32Fxx_FillInterfaceDescriptor::pcName
                        0x2001'3f38      0x14  Data  Lc  NetworkInterface.o [8]
pxTCPSocketLookup        0x800'3423      0x62  Code  ??  FreeRTOS_Sockets.o [6]
pxUDPPayloadBuffer_to_NetworkBuffer
                         0x800'3f6f      0x2a  Code  ??  FreeRTOS_IP_Utils.o [6]
pxUDPSocketLookup        0x800'3207      0x1e  Code  ??  FreeRTOS_Sockets.o [6]
scalbln                  0x800'129d            Code  ??  ldexp.o [12]
scalblnl                 0x800'129d            Code  ??  ldexp.o [12]
scalbn                   0x800'129d            Code  ??  ldexp.o [12]
scalbnl                  0x800'129d            Code  ??  ldexp.o [12]
scale                    0x800'0f87      0x46  Code  Lc  xprintffull_nomb.o [11]
sec_hand                0x2001'3f64       0x4  Data  Lc  xfail_s.o [11]
snprintf                 0x800'a099      0x44  Code  ??  snprintf.o [11]
strchr                   0x800'10d1            Code  ??  strchr.o [13]
strcmp                   0x800'934d            Code  ??  strcmp.o [13]
strcpy                   0x800'9361            Code  ??  strcpy.o [13]
strncasecmp              0x800'a949      0x40  Code  ??  strncasecmp.o [11]
tolower                  0x800'a999      0x14  Code  ??  tolower.o [11]
ucDNSServerAddress       0x800'4584       0x4  Data  Lc  main.o [3]
ucGatewayAddress         0x800'4580       0x4  Data  Lc  main.o [3]
ucHeap                  0x2000'0218  0x1'2c00  Data  Lc  heap_4.o [7]
ucIPAddress              0x800'4578       0x4  Data  Lc  main.o [3]
ucMACAddress            0x2000'00a8       0x8  Data  Lc  main.o [3]
ucMaxSysCallPriority    0x2000'0104       0x1  Data  Lc  port.o [10]
ucNetMask                0x800'457c       0x4  Data  Lc  main.o [3]
ulApplicationGetNextSequenceNumber
                         0x800'44db       0xc  Code  ??  main.o [3]
ulChar2u32               0x800'40df      0x18  Code  ??  FreeRTOS_IP_Utils.o [6]
ulDNSHandlePacket        0x800'5fb7      0x3e  Code  ??  FreeRTOS_DNS.o [6]
ulMaxPRIGROUPValue      0x2000'010c       0x4  Data  Lc  port.o [10]
ulTCPWindowTxAck         0x800'511d      0x14  Code  ??  FreeRTOS_TCP_WIN.o [6]
ulTCPWindowTxGet         0x800'4f4d      0xfe  Code  ??  FreeRTOS_TCP_WIN.o [6]
ulTCPWindowTxSack        0x800'5131      0x76  Code  ??  FreeRTOS_TCP_WIN.o [6]
ulTimerGetAge            0x800'4a6b       0xe  Code  Lc  FreeRTOS_TCP_WIN.o [6]
usChar2u16               0x800'40f7       0xa  Code  ??  FreeRTOS_IP_Utils.o [6]
usPacketIdentifier      0x2001'3f68       0x2  Data  ??  FreeRTOS_IP.o [6]
uwTick                  0x2000'0114       0x4  Data  ??  stm32f4xx_hal.o [9]
uwTickFreq              0x2000'0110       0x1  Data  ??  stm32f4xx_hal.o [9]
uwTickPrio              0x2000'0118       0x4  Data  ??  stm32f4xx_hal.o [9]
uxCriticalNesting       0x2000'0108       0x4  Data  Lc  port.o [10]
uxCurrentNumberOfTasks  0x2001'3b38       0x4  Data  Lc  tasks.o [5]
uxDeletedTasksWaitingCleanUp
                        0x2000'0164       0x4  Data  Lc  tasks.o [5]
uxFreeEntry             0x2001'3f4c       0x4  Data  Lc  FreeRTOS_DNS_Cache.o [6]
uxIPHeaderSizePacket     0x800'3db1      0x14  Code  ??  FreeRTOS_IP.o [6]
uxIPHeaderSizeSocket     0x800'3dc5      0x10  Code  ??  FreeRTOS_IP.o [6]
uxListRemove             0x800'2b2b      0x28  Code  ??  list.o [5]
uxMinimumFreeNetworkBuffers
                        0x2001'3f04       0x4  Data  Lc  BufferAllocation_2.o [1]
uxQueueMessagesWaiting   0x800'5639      0x1a  Code  ??  queue.o [5]
uxQueueMinimumSpace     0x2000'002c       0x4  Data  Lc  FreeRTOS_IP.o [6]
uxQueueSpacesAvailable   0x800'5653      0x1e  Code  ??  queue.o [5]
uxSchedulerSuspended    0x2001'3b50       0x4  Data  Lc  tasks.o [5]
uxStreamBufferAdd        0x800'589f      0x88  Code  ??  FreeRTOS_Stream_Buffer.o [6]
uxStreamBufferDistance   0x800'5817      0x10  Code  ??  FreeRTOS_Stream_Buffer.o [6]
uxStreamBufferFrontSpace
                         0x800'582d       0x6  Code  ??  FreeRTOS_Stream_Buffer.o [6]
uxStreamBufferGet        0x800'5927      0x78  Code  ??  FreeRTOS_Stream_Buffer.o [6]
uxStreamBufferGetPtr     0x800'5881      0x1e  Code  ??  FreeRTOS_Stream_Buffer.o [6]
uxStreamBufferGetSize    0x800'5833       0x6  Code  ??  FreeRTOS_Stream_Buffer.o [6]
uxStreamBufferGetSpace   0x800'5827       0x6  Code  ??  FreeRTOS_Stream_Buffer.o [6]
uxStreamBufferMidSpace   0x800'5839       0x6  Code  ??  FreeRTOS_Stream_Buffer.o [6]
uxStreamBufferSpace      0x800'5805      0x12  Code  ??  FreeRTOS_Stream_Buffer.o [6]
uxTaskNumber            0x2000'0170       0x4  Data  Lc  tasks.o [5]
uxTopReadyPriority      0x2001'3b40       0x4  Data  Lc  tasks.o [5]
uxTopUsedPriority       0x2000'0178       0x4  Data  Lc  tasks.o [5]
vARPAgeCache             0x800'664f      0x72  Code  ??  FreeRTOS_ARP.o [6]
vARPGenerateRequestPacket
                         0x800'6759      0x64  Code  ??  FreeRTOS_ARP.o [6]
vARPGenerateRequestPacket::xDefaultPartARPPacketHeader
                         0x800'aa50      0x28  Data  Lc  FreeRTOS_ARP.o [6]
vARPRefreshCacheEntry    0x800'6487      0xe0  Code  ??  FreeRTOS_ARP.o [6]
vARPRefreshCacheEntryAge
                         0x800'6451      0x36  Code  ??  FreeRTOS_ARP.o [6]
vARPTimerReload          0x800'5e5f       0x6  Code  ??  FreeRTOS_IP_Timers.o [6]
vApplicationIPNetworkEventHook
                         0x800'447f      0x3c  Code  ??  main.o [3]
vApplicationIPNetworkEventHook::xTasksAlreadyCreated
                        0x2001'3f60       0x4  Data  Lc  main.o [3]
vCheckNetworkTimers      0x800'5d5f      0xc8  Code  ??  FreeRTOS_IP_Timers.o [6]
vDNSCallbackInitialise   0x800'8da5       0x6  Code  ??  FreeRTOS_DNS_Callback.o [6]
vDNSCheckCallBack        0x800'8d0f      0x96  Code  ??  FreeRTOS_DNS_Callback.o [6]
vDNSInitialise           0x800'5f29       0x4  Code  ??  FreeRTOS_DNS.o [6]
vEventGroupDelete        0x800'3ec5      0x46  Code  ??  event_groups.o [5]
vIPNetworkUpCalls        0x800'3b07      0x20  Code  ??  FreeRTOS_IP.o [6]
vIPSetARPResolutionTimerEnableState
                         0x800'5ed5      0x14  Code  ??  FreeRTOS_IP_Timers.o [6]
vIPSetARPTimerEnableState
                         0x800'5ec1      0x14  Code  ??  FreeRTOS_IP_Timers.o [6]
vIPSetDNSTimerEnableState
                         0x800'5ee9      0x14  Code  ??  FreeRTOS_IP_Timers.o [6]
vIPSetTCPTimerExpiredState
                         0x800'5ea7      0x1a  Code  ??  FreeRTOS_IP_Timers.o [6]
vIPTimerStartARPResolution
                         0x800'5e4f       0x6  Code  ??  FreeRTOS_IP_Timers.o [6]
vListInitialise          0x800'2abf      0x1a  Code  ??  list.o [5]
vListInitialiseItem      0x800'2ad9       0x6  Code  ??  list.o [5]
vListInsert              0x800'2af9      0x32  Code  ??  list.o [5]
vListInsertEnd           0x800'2adf      0x1a  Code  ??  list.o [5]
vListInsertFifo          0x800'4a51      0x1a  Code  Lc  FreeRTOS_TCP_WIN.o [6]
vMACBProbePhy            0x800'6cd7      0x28  Code  ??  NetworkInterface.o [8]
vNetworkSocketsInit      0x800'2e85      0x18  Code  ??  FreeRTOS_Sockets.o [6]
vNetworkTimerReload      0x800'5e65       0x6  Code  ??  FreeRTOS_IP_Timers.o [6]
vPhyInitialise           0x800'9b69      0x14  Code  ??  phyHandling.o [8]
vPortEnableVFP           0x800'2e41            Code  ??  portasm.o [10]
vPortEnterCritical       0x800'2c87      0x32  Code  ??  port.o [10]
vPortExitCritical        0x800'2cb9      0x22  Code  ??  port.o [10]
vPortFree                0x800'29b7      0xb0  Code  ??  heap_4.o [7]
vPortSetupTimerInterrupt
                         0x800'2d85      0x28  Code  Wk  port.o [10]
vPortStartFirstTask      0x800'2e21            Code  ??  portasm.o [10]
vPortValidateInterruptPriority
                         0x800'2d01      0x42  Code  ??  port.o [10]
vPreCheckConfigs         0x800'405f      0x2a  Code  ??  FreeRTOS_IP_Utils.o [6]
vProcessGeneratedUDPPacket
                         0x800'61c1      0x10  Code  ??  FreeRTOS_UDP_IP.o [6]
vProcessGeneratedUDPPacket_IPv4
                         0x800'9379      0xf2  Code  ??  FreeRTOS_UDP_IPv4.o [6]
vQueueAddToRegistry      0x800'5799      0x3a  Code  ??  queue.o [5]
vQueueDelete             0x800'5671      0x1a  Code  ??  queue.o [5]
vQueueUnregisterQueue    0x800'57d3      0x2a  Code  ??  queue.o [5]
vRegisterDelay           0x800'9995      0x24  Code  Lc  stm32fxx_hal_eth.o [8]
vReleaseNetworkBuffer    0x800'4911       0xc  Code  ??  BufferAllocation_2.o [1]
vReleaseNetworkBufferAndDescriptor
                         0x800'49d1      0x42  Code  ??  BufferAllocation_2.o [1]
vReturnEthernetFrame     0x800'3cbb      0xd0  Code  ??  FreeRTOS_IP.o [6]
vSetAllNetworksUp        0x800'5efd       0x6  Code  ??  FreeRTOS_IP_Timers.o [6]
vSetMultiCastIPv4MacAddress
                         0x800'95a1      0x30  Code  ??  FreeRTOS_IPv4_Utils.o [6]
vSocketBind              0x800'2fc9     0x136  Code  ??  FreeRTOS_Sockets.o [6]
vSocketClose             0x800'30ff      0xda  Code  ??  FreeRTOS_Sockets.o [6]
vSocketCloseNextTime     0x800'59a5      0x18  Code  ??  FreeRTOS_TCP_IP.o [6]
vSocketListenNextTime    0x800'59bd      0x1c  Code  ??  FreeRTOS_TCP_IP.o [6]
vSocketSelect            0x800'3643     0x110  Code  ??  FreeRTOS_Sockets.o [6]
vSocketWakeUpUser        0x800'32a5      0x50  Code  ??  FreeRTOS_Sockets.o [6]
vStreamBufferClear       0x800'583f      0x10  Code  ??  FreeRTOS_Stream_Buffer.o [6]
vStreamBufferMoveMid     0x800'584f      0x20  Code  ??  FreeRTOS_Stream_Buffer.o [6]
vTCPStateChange          0x800'5a77     0x184  Code  ??  FreeRTOS_TCP_IP.o [6]
vTCPTimerReload          0x800'5e59       0x6  Code  ??  FreeRTOS_IP_Timers.o [6]
vTCPWindowCreate         0x800'4bb5      0x8a  Code  ??  FreeRTOS_TCP_WIN.o [6]
vTCPWindowDestroy        0x800'4b81      0x34  Code  ??  FreeRTOS_TCP_WIN.o [6]
vTCPWindowFree           0x800'4b4f      0x32  Code  Lc  FreeRTOS_TCP_WIN.o [6]
vTCPWindowInit           0x800'4c3f      0x42  Code  ??  FreeRTOS_TCP_WIN.o [6]
vTaskDelay               0x800'1d93      0x36  Code  ??  tasks.o [5]
vTaskInternalSetTimeOutState
                         0x800'2313      0x12  Code  ??  tasks.o [5]
vTaskMissedYield         0x800'2395       0xa  Code  ??  tasks.o [5]
vTaskPlaceOnEventList    0x800'2133      0x2a  Code  ??  tasks.o [5]
vTaskPriorityDisinheritAfterTimeout
                         0x800'2531      0x84  Code  ??  tasks.o [5]
vTaskRemoveFromUnorderedEventList
                         0x800'2231      0xae  Code  ??  tasks.o [5]
vTaskSetTimeOutState     0x800'22f1      0x22  Code  ??  tasks.o [5]
vTaskStartScheduler      0x800'1df1      0x82  Code  ??  tasks.o [5]
vTaskSuspendAll          0x800'1e7d      0x10  Code  ??  tasks.o [5]
vTaskSwitchContext       0x800'20e3      0x50  Code  ??  tasks.o [5]
xARPCache               0x2001'39d0     0x100  Data  Lc  FreeRTOS_ARP.o [6]
xARPResolutionTimer     0x2001'3dcc      0x14  Data  Lc  FreeRTOS_IP_Timers.o [6]
xARPTimer               0x2001'3d8c      0x14  Data  Lc  FreeRTOS_IP_Timers.o [6]
xAllNetworksUp          0x2001'3dc8       0x4  Data  Lc  FreeRTOS_IP_Timers.o [6]
xApplicationDNSQueryHook
                         0x800'92e9      0x36  Code  ??  FreeRTOS_DNS_Parser.o [6]
xApplicationGetRandomNumber
                         0x800'44c1      0x1a  Code  ??  main.o [3]
xBoundTCPSocketsList    0x2001'3ec4      0x14  Data  ??  FreeRTOS_Sockets.o [6]
xBoundUDPSocketsList    0x2001'3ed8      0x14  Data  ??  FreeRTOS_Sockets.o [6]
xBroadcastMACAddress     0x800'3de4       0x8  Data  ??  FreeRTOS_IP.o [6]
xBufferAllocFixedSize    0x800'ab5c       0x4  Data  ??  BufferAllocation_2.o [1]
xCalculateSleepTime      0x800'5d09      0x56  Code  ??  FreeRTOS_IP_Timers.o [6]
xCallbackList           0x2001'3f24      0x14  Data  Lc  FreeRTOS_DNS_Callback.o [6]
xCheckRequiresARPResolution
                         0x800'6417      0x3a  Code  ??  FreeRTOS_ARP.o [6]
xDNSCache               0x2001'2e18     0x780  Data  Lc  FreeRTOS_DNS_Cache.o [6]
xDNSDoCallback           0x800'8ca5      0x6a  Code  ??  FreeRTOS_DNS_Callback.o [6]
xDNSTimer               0x2001'3db4      0x14  Data  Lc  FreeRTOS_IP_Timers.o [6]
xDefaultPartUDPPacketHeader
                        0x2000'0030      0x18  Data  ??  FreeRTOS_UDP_IP.o [6]
xDelayedTaskList1       0x2001'3b54      0x14  Data  Lc  tasks.o [5]
xDelayedTaskList2       0x2001'3b68      0x14  Data  Lc  tasks.o [5]
xEMACTaskHandle         0x2000'00fc       0x4  Data  Lc  NetworkInterface.o [8]
xETH                    0x2001'3df4      0x48  Data  Lc  NetworkInterface.o [8]
xEventGroupClearBits     0x800'3e11      0x30  Code  ??  event_groups.o [5]
xEventGroupCreate        0x800'3ded      0x1a  Code  ??  event_groups.o [5]
xEventGroupSetBits       0x800'3e4f      0x76  Code  ??  event_groups.o [5]
xFreeBuffersList        0x2001'3ef0      0x14  Data  Lc  BufferAllocation_2.o [1]
xFreeBytesRemaining     0x2000'0208       0x4  Data  Lc  heap_4.o [7]
xIPIsNetworkTaskReady    0x800'3d99       0x6  Code  ??  FreeRTOS_IP.o [6]
xIPTaskHandle           0x2000'0024       0x4  Data  Lc  FreeRTOS_IP.o [6]
xIPTaskInitialised      0x2000'0028       0x4  Data  Lc  FreeRTOS_IP.o [6]
xIdleTaskHandles        0x2001'3b4c       0x4  Data  Lc  tasks.o [5]
xIsCallingFromIPTask     0x800'3f99      0x18  Code  ??  FreeRTOS_IP_Utils.o [6]
xIsIPInARPCache          0x800'63ef      0x28  Code  ??  FreeRTOS_ARP.o [6]
xIsIPv4Multicast         0x800'6815      0x24  Code  ??  FreeRTOS_IPv4.o [6]
xLLMNR_MACAddress        0x800'706c       0x8  Data  Lc  NetworkInterface.o [8]
xLastGratuitousARPTime  0x2000'0000       0x4  Data  Lc  FreeRTOS_ARP.o [6]
xMacInitStatus          0x2001'3f6a       0x1  Data  Lc  NetworkInterface.o [8]
xMatchDNS                0x800'92c3      0x24  Code  Lc  FreeRTOS_DNS_Parser.o [6]
xMinimumEverFreeBytesRemaining
                        0x2000'020c       0x4  Data  Lc  heap_4.o [7]
xNetworkBufferSemaphore
                        0x2001'3f08       0x4  Data  Lc  BufferAllocation_2.o [1]
xNetworkBuffersInitialise
                         0x800'48a9      0x54  Code  ??  BufferAllocation_2.o [1]
xNetworkBuffersInitialise::xNetworkBufferDescriptors
                        0x2001'3598     0x438  Data  Lc  BufferAllocation_2.o [1]
xNetworkDownEventPending
                        0x2000'0020       0x4  Data  Lc  FreeRTOS_IP.o [6]
xNetworkEventQueue      0x2000'001c       0x4  Data  ??  FreeRTOS_IP.o [6]
xNetworkTimer           0x2001'3de0      0x14  Data  Lc  FreeRTOS_IP_Timers.o [6]
xNextTaskUnblockTime    0x2000'0174       0x4  Data  Lc  tasks.o [5]
xNumOfOverflows         0x2000'016c       0x4  Data  Lc  tasks.o [5]
xNumberOfSuccessfulAllocations
                        0x2000'0210       0x4  Data  Lc  heap_4.o [7]
xNumberOfSuccessfulFrees
                        0x2000'0214       0x4  Data  Lc  heap_4.o [7]
xPHYProperties           0x800'7074       0x4  Data  ??  NetworkInterface.o [8]
xPendedTicks            0x2000'0168       0x4  Data  Lc  tasks.o [5]
xPendingReadyList       0x2000'0120      0x14  Data  Lc  tasks.o [5]
xPhyCheckLinkStatus      0x800'9ff1      0xa8  Code  ??  phyHandling.o [8]
xPhyConfigure            0x800'9bdd     0x1e4  Code  ??  phyHandling.o [8]
xPhyDiscover             0x800'9b7d      0x60  Code  ??  phyHandling.o [8]
xPhyFixedValue           0x800'9dc1      0x4a  Code  ??  phyHandling.o [8]
xPhyObject              0x2000'00b0      0x40  Data  Lc  NetworkInterface.o [8]
xPhyStartAutoNegotiation
                         0x800'9e0b     0x1cc  Code  ??  phyHandling.o [8]
xPortHasUDPSocket        0x800'32f5      0x20  Code  ??  FreeRTOS_Sockets.o [6]
xPortStartScheduler      0x800'2b99      0xe0  Code  ??  port.o [10]
xProcessReceivedTCPPacket
                         0x800'5c89      0x32  Code  ??  FreeRTOS_TCP_IP.o [6]
xProcessReceivedTCPPacket_IPV4
                         0x800'8a8d     0x218  Code  ??  FreeRTOS_TCP_IP_IPv4.o [6]
xProcessReceivedUDPPacket
                         0x800'61d1      0x2c  Code  ??  FreeRTOS_UDP_IP.o [6]
xProcessReceivedUDPPacket_IPv4
                         0x800'9475     0x11e  Code  ??  FreeRTOS_UDP_IPv4.o [6]
xProcessedTCPMessage    0x2000'0014       0x4  Data  ??  FreeRTOS_IP.o [6]
xQueueCreateCountingSemaphore
                         0x800'52bf      0x1e  Code  ??  queue.o [5]
xQueueGenericCreate      0x800'525f      0x50  Code  ??  queue.o [5]
xQueueGenericReset       0x800'51d1      0x8e  Code  ??  queue.o [5]
xQueueGenericSend        0x800'52dd     0x10e  Code  ??  queue.o [5]
xQueueReceive            0x800'53eb      0xf0  Code  ??  queue.o [5]
xQueueRegistry          0x2001'3e84      0x40  Data  ??  queue.o [5]
xQueueSemaphoreTake      0x800'54ed     0x104  Code  ??  queue.o [5]
xRoutingStatistics      0x2001'3d20      0x68  Data  ??  FreeRTOS_Routing.o [6]
xSTM32F_GetPhyLinkStatus
                         0x800'6d8d       0x2  Code  Lc  NetworkInterface.o [8]
xSTM32F_NetworkInterfaceInitialise
                         0x800'69cb      0xd0  Code  Lc  NetworkInterface.o [8]
xSTM32F_NetworkInterfaceOutput
                         0x800'6bf7      0x56  Code  Lc  NetworkInterface.o [8]
xSTM32_PhyRead           0x800'6ca9       0xc  Code  ??  NetworkInterface.o [8]
xSTM32_PhyWrite          0x800'6cb5       0xa  Code  ??  NetworkInterface.o [8]
xSchedulerRunning       0x2001'3b44       0x4  Data  Lc  tasks.o [5]
xSegmentList            0x2001'3f0c      0x14  Data  Lc  FreeRTOS_TCP_WIN.o [6]
xSendEventStructToIPTask
                         0x800'3c73      0x48  Code  ??  FreeRTOS_IP.o [6]
xSendEventToIPTask       0x800'3c5f      0x14  Code  ??  FreeRTOS_IP.o [6]
xSequenceGreaterThan     0x800'4a37       0xe  Code  ??  FreeRTOS_TCP_WIN.o [6]
xSequenceGreaterThanOrEqual
                         0x800'4a45       0xc  Code  Lc  FreeRTOS_TCP_WIN.o [6]
xSequenceLessThan        0x800'4a29       0xe  Code  ??  FreeRTOS_TCP_WIN.o [6]
xSocketToClose          0x2001'3f54       0x4  Data  Lc  FreeRTOS_TCP_IP.o [6]
xSocketToListen         0x2001'3f58       0x4  Data  Lc  FreeRTOS_TCP_IP.o [6]
xSocketValid             0x800'3633      0x10  Code  ??  FreeRTOS_Sockets.o [6]
xStart                  0x2000'01fc       0x8  Data  Lc  heap_4.o [7]
xStreamBufferLessThenEqual
                         0x800'586f      0x12  Code  ??  FreeRTOS_Stream_Buffer.o [6]
xSuspendedTaskList      0x2000'0148      0x14  Data  Lc  tasks.o [5]
xTCPCheckNewClient       0x800'5cbb      0x42  Code  ??  FreeRTOS_TCP_IP.o [6]
xTCPSegments            0x2001'3f20       0x4  Data  Lc  FreeRTOS_TCP_WIN.o [6]
xTCPSocketCheck          0x800'59d9      0x7e  Code  ??  FreeRTOS_TCP_IP.o [6]
xTCPTimer               0x2001'3da0      0x14  Data  Lc  FreeRTOS_IP_Timers.o [6]
xTCPTimerCheck           0x800'33a9      0x7a  Code  ??  FreeRTOS_Sockets.o [6]
xTCPTimerCheck::xLastTime
                        0x2001'3eec       0x4  Data  Lc  FreeRTOS_Sockets.o [6]
xTCPWindowGetHead        0x800'4b2b      0x16  Code  Lc  FreeRTOS_TCP_WIN.o [6]
xTCPWindowLoggingLevel  0x2001'3f5c       0x4  Data  ??  FreeRTOS_TCP_WIN.o [6]
xTCPWindowNew            0x800'4a9b      0x66  Code  Lc  FreeRTOS_TCP_WIN.o [6]
xTCPWindowPeekHead       0x800'4b41       0xe  Code  Lc  FreeRTOS_TCP_WIN.o [6]
xTCPWindowRxEmpty        0x800'4b0f      0x1c  Code  ??  FreeRTOS_TCP_WIN.o [6]
xTCPWindowRxFind         0x800'4a79      0x22  Code  Lc  FreeRTOS_TCP_WIN.o [6]
xTCPWindowTxDone         0x800'4e9b       0xc  Code  ??  FreeRTOS_TCP_WIN.o [6]
xTCPWindowTxHasData      0x800'4ee7      0x66  Code  ??  FreeRTOS_TCP_WIN.o [6]
xTXDescriptorSemaphore  0x2000'00f0       0x4  Data  Lc  NetworkInterface.o [8]
xTaskCheckForTimeOut     0x800'2325      0x70  Code  ??  tasks.o [5]
xTaskCreate              0x800'1c05     0x18e  Code  ??  tasks.o [5]
xTaskGenericNotifyFromISR
                         0x800'2691     0x120  Code  ??  tasks.o [5]
xTaskGenericNotifyWait   0x800'25e3      0x86  Code  ??  tasks.o [5]
xTaskGetCurrentTaskHandle
                         0x800'2423       0x8  Code  ??  tasks.o [5]
xTaskGetTickCount        0x800'1f8f       0x8  Code  ??  tasks.o [5]
xTaskIncrementTick       0x800'1fab     0x138  Code  ??  tasks.o [5]
xTaskPriorityDisinherit
                         0x800'24af      0x74  Code  ??  tasks.o [5]
xTaskPriorityInherit     0x800'242b      0x7e  Code  ??  tasks.o [5]
xTaskRemoveFromEventList
                         0x800'2165      0xc2  Code  ??  tasks.o [5]
xTaskResumeAll           0x800'1e8d     0x102  Code  ??  tasks.o [5]
xTasksWaitingTermination
                        0x2000'0134      0x14  Data  Lc  tasks.o [5]
xTickCount              0x2001'3b3c       0x4  Data  Lc  tasks.o [5]
xYieldPendings          0x2001'3b48       0x4  Data  Lc  tasks.o [5]


[1] = C:\Projects\IAR\Eth_FreeRTOS_F4\EWARM\Eth_FreeRTOS_F4\Obj\BufferManagement_8411603605499954224.dir
[2] = C:\Projects\IAR\Eth_FreeRTOS_F4\EWARM\Eth_FreeRTOS_F4\Obj\CMSIS_6603591812247902717.dir
[3] = C:\Projects\IAR\Eth_FreeRTOS_F4\EWARM\Eth_FreeRTOS_F4\Obj\Core_13247989168731456611.dir
[4] = C:\Projects\IAR\Eth_FreeRTOS_F4\EWARM\Eth_FreeRTOS_F4\Obj\EWARM_18443280873093131863.dir
[5] = C:\Projects\IAR\Eth_FreeRTOS_F4\EWARM\Eth_FreeRTOS_F4\Obj\FreeRTOS_15068288790229095433.dir
[6] = C:\Projects\IAR\Eth_FreeRTOS_F4\EWARM\Eth_FreeRTOS_F4\Obj\FreeRTOSplus_14461417515926343988.dir
[7] = C:\Projects\IAR\Eth_FreeRTOS_F4\EWARM\Eth_FreeRTOS_F4\Obj\MemMang_17022254239031514164.dir
[8] = C:\Projects\IAR\Eth_FreeRTOS_F4\EWARM\Eth_FreeRTOS_F4\Obj\NetworkInterface_17839565619337236105.dir
[9] = C:\Projects\IAR\Eth_FreeRTOS_F4\EWARM\Eth_FreeRTOS_F4\Obj\STM32F4xx_HAL_Driver_1244631019742807970.dir
[10] = C:\Projects\IAR\Eth_FreeRTOS_F4\EWARM\Eth_FreeRTOS_F4\Obj\portable_15954926109208205999.dir
[11] = dl7M_tlf.a
[12] = m7M_tls.a
[13] = rt7M_tl.a
[14] = shb_l.a

  44'095 bytes of readonly  code memory
     194 bytes of readonly  data memory
  82'795 bytes of readwrite data memory

Errors: none
Warnings: none
