###############################################################################
#
# IAR ELF Linker V9.50.1.380/W64 for ARM                  28/Mar/2024  13:57:35
# Copyright 2007-2023 IAR Systems AB.
#
#    Output file  =
#        C:\Projects\IAR\Eth_FreeRTOS_F4\EWARM\Eth_FreeRTOS_F4\Exe\Eth_FreeRTOS_F4.out
#    Map file     =
#        C:\Projects\IAR\Eth_FreeRTOS_F4\EWARM\Eth_FreeRTOS_F4\List\Eth_FreeRTOS_F4.map
#    Command line =
#        -f
#        C:\Projects\IAR\Eth_FreeRTOS_F4\EWARM\Eth_FreeRTOS_F4\Exe\Eth_FreeRTOS_F4.out.rsp
#        (C:\Projects\IAR\Eth_FreeRTOS_F4\EWARM\Eth_FreeRTOS_F4\Obj\library_4142108448270466691.dir\aes.o
#        C:\Projects\IAR\Eth_FreeRTOS_F4\EWARM\Eth_FreeRTOS_F4\Obj\library_4142108448270466691.dir\aesce.o
#        C:\Projects\IAR\Eth_FreeRTOS_F4\EWARM\Eth_FreeRTOS_F4\Obj\library_4142108448270466691.dir\aesni.o
#        C:\Projects\IAR\Eth_FreeRTOS_F4\EWARM\Eth_FreeRTOS_F4\Obj\src_13667131116116346129.dir\api.o
#        C:\Projects\IAR\Eth_FreeRTOS_F4\EWARM\Eth_FreeRTOS_F4\Obj\library_4142108448270466691.dir\aria.o
#        C:\Projects\IAR\Eth_FreeRTOS_F4\EWARM\Eth_FreeRTOS_F4\Obj\library_4142108448270466691.dir\asn1parse.o
#        C:\Projects\IAR\Eth_FreeRTOS_F4\EWARM\Eth_FreeRTOS_F4\Obj\library_4142108448270466691.dir\asn1write.o
#        C:\Projects\IAR\Eth_FreeRTOS_F4\EWARM\Eth_FreeRTOS_F4\Obj\library_4142108448270466691.dir\base64.o
#        C:\Projects\IAR\Eth_FreeRTOS_F4\EWARM\Eth_FreeRTOS_F4\Obj\library_4142108448270466691.dir\bignum.o
#        C:\Projects\IAR\Eth_FreeRTOS_F4\EWARM\Eth_FreeRTOS_F4\Obj\library_4142108448270466691.dir\bignum_core.o
#        C:\Projects\IAR\Eth_FreeRTOS_F4\EWARM\Eth_FreeRTOS_F4\Obj\library_4142108448270466691.dir\bignum_mod.o
#        C:\Projects\IAR\Eth_FreeRTOS_F4\EWARM\Eth_FreeRTOS_F4\Obj\library_4142108448270466691.dir\bignum_mod_raw.o
#        C:\Projects\IAR\Eth_FreeRTOS_F4\EWARM\Eth_FreeRTOS_F4\Obj\BufferManagement_8411603605499954224.dir\BufferAllocation_2.o
#        C:\Projects\IAR\Eth_FreeRTOS_F4\EWARM\Eth_FreeRTOS_F4\Obj\library_4142108448270466691.dir\camellia.o
#        C:\Projects\IAR\Eth_FreeRTOS_F4\EWARM\Eth_FreeRTOS_F4\Obj\library_4142108448270466691.dir\ccm.o
#        C:\Projects\IAR\Eth_FreeRTOS_F4\EWARM\Eth_FreeRTOS_F4\Obj\library_4142108448270466691.dir\chacha20.o
#        C:\Projects\IAR\Eth_FreeRTOS_F4\EWARM\Eth_FreeRTOS_F4\Obj\library_4142108448270466691.dir\chachapoly.o
#        C:\Projects\IAR\Eth_FreeRTOS_F4\EWARM\Eth_FreeRTOS_F4\Obj\library_4142108448270466691.dir\cipher.o
#        C:\Projects\IAR\Eth_FreeRTOS_F4\EWARM\Eth_FreeRTOS_F4\Obj\library_4142108448270466691.dir\cipher_wrap.o
#        C:\Projects\IAR\Eth_FreeRTOS_F4\EWARM\Eth_FreeRTOS_F4\Obj\library_4142108448270466691.dir\cmac.o
#        C:\Projects\IAR\Eth_FreeRTOS_F4\EWARM\Eth_FreeRTOS_F4\Obj\library_4142108448270466691.dir\constant_time.o
#        C:\Projects\IAR\Eth_FreeRTOS_F4\EWARM\Eth_FreeRTOS_F4\Obj\coreHTTP_13999915799751776798.dir\core_http_client.o
#        C:\Projects\IAR\Eth_FreeRTOS_F4\EWARM\Eth_FreeRTOS_F4\Obj\FreeRTOS_15068288790229095433.dir\croutine.o
#        C:\Projects\IAR\Eth_FreeRTOS_F4\EWARM\Eth_FreeRTOS_F4\Obj\library_4142108448270466691.dir\ctr_drbg.o
#        C:\Projects\IAR\Eth_FreeRTOS_F4\EWARM\Eth_FreeRTOS_F4\Obj\library_4142108448270466691.dir\debug.o
#        C:\Projects\IAR\Eth_FreeRTOS_F4\EWARM\Eth_FreeRTOS_F4\Obj\library_4142108448270466691.dir\des.o
#        C:\Projects\IAR\Eth_FreeRTOS_F4\EWARM\Eth_FreeRTOS_F4\Obj\library_4142108448270466691.dir\dhm.o
#        C:\Projects\IAR\Eth_FreeRTOS_F4\EWARM\Eth_FreeRTOS_F4\Obj\library_4142108448270466691.dir\ecdh.o
#        C:\Projects\IAR\Eth_FreeRTOS_F4\EWARM\Eth_FreeRTOS_F4\Obj\library_4142108448270466691.dir\ecdsa.o
#        C:\Projects\IAR\Eth_FreeRTOS_F4\EWARM\Eth_FreeRTOS_F4\Obj\library_4142108448270466691.dir\ecjpake.o
#        C:\Projects\IAR\Eth_FreeRTOS_F4\EWARM\Eth_FreeRTOS_F4\Obj\library_4142108448270466691.dir\ecp.o
#        C:\Projects\IAR\Eth_FreeRTOS_F4\EWARM\Eth_FreeRTOS_F4\Obj\library_4142108448270466691.dir\ecp_curves.o
#        C:\Projects\IAR\Eth_FreeRTOS_F4\EWARM\Eth_FreeRTOS_F4\Obj\library_4142108448270466691.dir\ecp_curves_new.o
#        C:\Projects\IAR\Eth_FreeRTOS_F4\EWARM\Eth_FreeRTOS_F4\Obj\library_4142108448270466691.dir\entropy.o
#        C:\Projects\IAR\Eth_FreeRTOS_F4\EWARM\Eth_FreeRTOS_F4\Obj\library_4142108448270466691.dir\entropy_poll.o
#        C:\Projects\IAR\Eth_FreeRTOS_F4\EWARM\Eth_FreeRTOS_F4\Obj\library_4142108448270466691.dir\error.o
#        C:\Projects\IAR\Eth_FreeRTOS_F4\EWARM\Eth_FreeRTOS_F4\Obj\FreeRTOS_15068288790229095433.dir\event_groups.o
#        C:\Projects\IAR\Eth_FreeRTOS_F4\EWARM\Eth_FreeRTOS_F4\Obj\FreeRTOSplus_14461417515926343988.dir\FreeRTOS_ARP.o
#        C:\Projects\IAR\Eth_FreeRTOS_F4\EWARM\Eth_FreeRTOS_F4\Obj\FreeRTOSplus_14461417515926343988.dir\FreeRTOS_BitConfig.o
#        C:\Projects\IAR\Eth_FreeRTOS_F4\EWARM\Eth_FreeRTOS_F4\Obj\FreeRTOSplus_14461417515926343988.dir\FreeRTOS_DHCP.o
#        C:\Projects\IAR\Eth_FreeRTOS_F4\EWARM\Eth_FreeRTOS_F4\Obj\FreeRTOSplus_14461417515926343988.dir\FreeRTOS_DHCPv6.o
#        C:\Projects\IAR\Eth_FreeRTOS_F4\EWARM\Eth_FreeRTOS_F4\Obj\FreeRTOSplus_14461417515926343988.dir\FreeRTOS_DNS.o
#        C:\Projects\IAR\Eth_FreeRTOS_F4\EWARM\Eth_FreeRTOS_F4\Obj\FreeRTOSplus_14461417515926343988.dir\FreeRTOS_DNS_Cache.o
#        C:\Projects\IAR\Eth_FreeRTOS_F4\EWARM\Eth_FreeRTOS_F4\Obj\FreeRTOSplus_14461417515926343988.dir\FreeRTOS_DNS_Callback.o
#        C:\Projects\IAR\Eth_FreeRTOS_F4\EWARM\Eth_FreeRTOS_F4\Obj\FreeRTOSplus_14461417515926343988.dir\FreeRTOS_DNS_Networking.o
#        C:\Projects\IAR\Eth_FreeRTOS_F4\EWARM\Eth_FreeRTOS_F4\Obj\FreeRTOSplus_14461417515926343988.dir\FreeRTOS_DNS_Parser.o
#        C:\Projects\IAR\Eth_FreeRTOS_F4\EWARM\Eth_FreeRTOS_F4\Obj\FreeRTOSplus_14461417515926343988.dir\FreeRTOS_ICMP.o
#        C:\Projects\IAR\Eth_FreeRTOS_F4\EWARM\Eth_FreeRTOS_F4\Obj\FreeRTOSplus_14461417515926343988.dir\FreeRTOS_IP.o
#        C:\Projects\IAR\Eth_FreeRTOS_F4\EWARM\Eth_FreeRTOS_F4\Obj\FreeRTOSplus_14461417515926343988.dir\FreeRTOS_IP_Timers.o
#        C:\Projects\IAR\Eth_FreeRTOS_F4\EWARM\Eth_FreeRTOS_F4\Obj\FreeRTOSplus_14461417515926343988.dir\FreeRTOS_IP_Utils.o
#        C:\Projects\IAR\Eth_FreeRTOS_F4\EWARM\Eth_FreeRTOS_F4\Obj\FreeRTOSplus_14461417515926343988.dir\FreeRTOS_IPv4.o
#        C:\Projects\IAR\Eth_FreeRTOS_F4\EWARM\Eth_FreeRTOS_F4\Obj\FreeRTOSplus_14461417515926343988.dir\FreeRTOS_IPv4_Sockets.o
#        C:\Projects\IAR\Eth_FreeRTOS_F4\EWARM\Eth_FreeRTOS_F4\Obj\FreeRTOSplus_14461417515926343988.dir\FreeRTOS_IPv4_Utils.o
#        C:\Projects\IAR\Eth_FreeRTOS_F4\EWARM\Eth_FreeRTOS_F4\Obj\FreeRTOSplus_14461417515926343988.dir\FreeRTOS_IPv6.o
#        C:\Projects\IAR\Eth_FreeRTOS_F4\EWARM\Eth_FreeRTOS_F4\Obj\FreeRTOSplus_14461417515926343988.dir\FreeRTOS_IPv6_Sockets.o
#        C:\Projects\IAR\Eth_FreeRTOS_F4\EWARM\Eth_FreeRTOS_F4\Obj\FreeRTOSplus_14461417515926343988.dir\FreeRTOS_IPv6_Utils.o
#        C:\Projects\IAR\Eth_FreeRTOS_F4\EWARM\Eth_FreeRTOS_F4\Obj\FreeRTOSplus_14461417515926343988.dir\FreeRTOS_ND.o
#        C:\Projects\IAR\Eth_FreeRTOS_F4\EWARM\Eth_FreeRTOS_F4\Obj\FreeRTOSplus_14461417515926343988.dir\FreeRTOS_RA.o
#        C:\Projects\IAR\Eth_FreeRTOS_F4\EWARM\Eth_FreeRTOS_F4\Obj\FreeRTOSplus_14461417515926343988.dir\FreeRTOS_Routing.o
#        C:\Projects\IAR\Eth_FreeRTOS_F4\EWARM\Eth_FreeRTOS_F4\Obj\FreeRTOSplus_14461417515926343988.dir\FreeRTOS_Sockets.o
#        C:\Projects\IAR\Eth_FreeRTOS_F4\EWARM\Eth_FreeRTOS_F4\Obj\FreeRTOSplus_14461417515926343988.dir\FreeRTOS_Stream_Buffer.o
#        C:\Projects\IAR\Eth_FreeRTOS_F4\EWARM\Eth_FreeRTOS_F4\Obj\FreeRTOSplus_14461417515926343988.dir\FreeRTOS_TCP_IP.o
#        C:\Projects\IAR\Eth_FreeRTOS_F4\EWARM\Eth_FreeRTOS_F4\Obj\FreeRTOSplus_14461417515926343988.dir\FreeRTOS_TCP_IP_IPv4.o
#        C:\Projects\IAR\Eth_FreeRTOS_F4\EWARM\Eth_FreeRTOS_F4\Obj\FreeRTOSplus_14461417515926343988.dir\FreeRTOS_TCP_IP_IPv6.o
#        C:\Projects\IAR\Eth_FreeRTOS_F4\EWARM\Eth_FreeRTOS_F4\Obj\FreeRTOSplus_14461417515926343988.dir\FreeRTOS_TCP_Reception.o
#        C:\Projects\IAR\Eth_FreeRTOS_F4\EWARM\Eth_FreeRTOS_F4\Obj\FreeRTOSplus_14461417515926343988.dir\FreeRTOS_TCP_State_Handling.o
#        C:\Projects\IAR\Eth_FreeRTOS_F4\EWARM\Eth_FreeRTOS_F4\Obj\FreeRTOSplus_14461417515926343988.dir\FreeRTOS_TCP_State_Handling_IPv4.o
#        C:\Projects\IAR\Eth_FreeRTOS_F4\EWARM\Eth_FreeRTOS_F4\Obj\FreeRTOSplus_14461417515926343988.dir\FreeRTOS_TCP_State_Handling_IPv6.o
#        C:\Projects\IAR\Eth_FreeRTOS_F4\EWARM\Eth_FreeRTOS_F4\Obj\FreeRTOSplus_14461417515926343988.dir\FreeRTOS_TCP_Transmission.o
#        C:\Projects\IAR\Eth_FreeRTOS_F4\EWARM\Eth_FreeRTOS_F4\Obj\FreeRTOSplus_14461417515926343988.dir\FreeRTOS_TCP_Transmission_IPv4.o
#        C:\Projects\IAR\Eth_FreeRTOS_F4\EWARM\Eth_FreeRTOS_F4\Obj\FreeRTOSplus_14461417515926343988.dir\FreeRTOS_TCP_Transmission_IPv6.o
#        C:\Projects\IAR\Eth_FreeRTOS_F4\EWARM\Eth_FreeRTOS_F4\Obj\FreeRTOSplus_14461417515926343988.dir\FreeRTOS_TCP_Utils.o
#        C:\Projects\IAR\Eth_FreeRTOS_F4\EWARM\Eth_FreeRTOS_F4\Obj\FreeRTOSplus_14461417515926343988.dir\FreeRTOS_TCP_Utils_IPv4.o
#        C:\Projects\IAR\Eth_FreeRTOS_F4\EWARM\Eth_FreeRTOS_F4\Obj\FreeRTOSplus_14461417515926343988.dir\FreeRTOS_TCP_Utils_IPv6.o
#        C:\Projects\IAR\Eth_FreeRTOS_F4\EWARM\Eth_FreeRTOS_F4\Obj\FreeRTOSplus_14461417515926343988.dir\FreeRTOS_TCP_WIN.o
#        C:\Projects\IAR\Eth_FreeRTOS_F4\EWARM\Eth_FreeRTOS_F4\Obj\FreeRTOSplus_14461417515926343988.dir\FreeRTOS_Tiny_TCP.o
#        C:\Projects\IAR\Eth_FreeRTOS_F4\EWARM\Eth_FreeRTOS_F4\Obj\FreeRTOSplus_14461417515926343988.dir\FreeRTOS_UDP_IP.o
#        C:\Projects\IAR\Eth_FreeRTOS_F4\EWARM\Eth_FreeRTOS_F4\Obj\FreeRTOSplus_14461417515926343988.dir\FreeRTOS_UDP_IPv4.o
#        C:\Projects\IAR\Eth_FreeRTOS_F4\EWARM\Eth_FreeRTOS_F4\Obj\FreeRTOSplus_14461417515926343988.dir\FreeRTOS_UDP_IPv6.o
#        C:\Projects\IAR\Eth_FreeRTOS_F4\EWARM\Eth_FreeRTOS_F4\Obj\library_4142108448270466691.dir\gcm.o
#        C:\Projects\IAR\Eth_FreeRTOS_F4\EWARM\Eth_FreeRTOS_F4\Obj\Core_13247989168731456611.dir\hardware_rng.o
#        C:\Projects\IAR\Eth_FreeRTOS_F4\EWARM\Eth_FreeRTOS_F4\Obj\MemMang_17022254239031514164.dir\heap_4.o
#        C:\Projects\IAR\Eth_FreeRTOS_F4\EWARM\Eth_FreeRTOS_F4\Obj\library_4142108448270466691.dir\hkdf.o
#        C:\Projects\IAR\Eth_FreeRTOS_F4\EWARM\Eth_FreeRTOS_F4\Obj\library_4142108448270466691.dir\hmac_drbg.o
#        C:\Projects\IAR\Eth_FreeRTOS_F4\EWARM\Eth_FreeRTOS_F4\Obj\src_13667131116116346129.dir\http.o
#        C:\Projects\IAR\Eth_FreeRTOS_F4\EWARM\Eth_FreeRTOS_F4\Obj\Core_13247989168731456611.dir\Http_Open.o
#        C:\Projects\IAR\Eth_FreeRTOS_F4\EWARM\Eth_FreeRTOS_F4\Obj\FreeRTOS_15068288790229095433.dir\list.o
#        C:\Projects\IAR\Eth_FreeRTOS_F4\EWARM\Eth_FreeRTOS_F4\Obj\src_13667131116116346129.dir\llhttp.o
#        C:\Projects\IAR\Eth_FreeRTOS_F4\EWARM\Eth_FreeRTOS_F4\Obj\library_4142108448270466691.dir\lmots.o
#        C:\Projects\IAR\Eth_FreeRTOS_F4\EWARM\Eth_FreeRTOS_F4\Obj\library_4142108448270466691.dir\lms.o
#        C:\Projects\IAR\Eth_FreeRTOS_F4\EWARM\Eth_FreeRTOS_F4\Obj\Core_13247989168731456611.dir\main.o
#        C:\Projects\IAR\Eth_FreeRTOS_F4\EWARM\Eth_FreeRTOS_F4\Obj\network_transport_10444936529919355836.dir\mbedtls_bio_tcp_sockets_wrapper.o
#        C:\Projects\IAR\Eth_FreeRTOS_F4\EWARM\Eth_FreeRTOS_F4\Obj\library_4142108448270466691.dir\md.o
#        C:\Projects\IAR\Eth_FreeRTOS_F4\EWARM\Eth_FreeRTOS_F4\Obj\library_4142108448270466691.dir\md5.o
#        C:\Projects\IAR\Eth_FreeRTOS_F4\EWARM\Eth_FreeRTOS_F4\Obj\library_4142108448270466691.dir\memory_buffer_alloc.o
#        C:\Projects\IAR\Eth_FreeRTOS_F4\EWARM\Eth_FreeRTOS_F4\Obj\library_4142108448270466691.dir\mps_reader.o
#        C:\Projects\IAR\Eth_FreeRTOS_F4\EWARM\Eth_FreeRTOS_F4\Obj\library_4142108448270466691.dir\mps_trace.o
#        C:\Projects\IAR\Eth_FreeRTOS_F4\EWARM\Eth_FreeRTOS_F4\Obj\library_4142108448270466691.dir\net_sockets.o
#        C:\Projects\IAR\Eth_FreeRTOS_F4\EWARM\Eth_FreeRTOS_F4\Obj\NetworkInterface_17839565619337236105.dir\NetworkInterface.o
#        C:\Projects\IAR\Eth_FreeRTOS_F4\EWARM\Eth_FreeRTOS_F4\Obj\library_4142108448270466691.dir\nist_kw.o
#        C:\Projects\IAR\Eth_FreeRTOS_F4\EWARM\Eth_FreeRTOS_F4\Obj\library_4142108448270466691.dir\oid.o
#        C:\Projects\IAR\Eth_FreeRTOS_F4\EWARM\Eth_FreeRTOS_F4\Obj\library_4142108448270466691.dir\padlock.o
#        C:\Projects\IAR\Eth_FreeRTOS_F4\EWARM\Eth_FreeRTOS_F4\Obj\library_4142108448270466691.dir\pem.o
#        C:\Projects\IAR\Eth_FreeRTOS_F4\EWARM\Eth_FreeRTOS_F4\Obj\NetworkInterface_17839565619337236105.dir\phyHandling.o
#        C:\Projects\IAR\Eth_FreeRTOS_F4\EWARM\Eth_FreeRTOS_F4\Obj\library_4142108448270466691.dir\pk.o
#        C:\Projects\IAR\Eth_FreeRTOS_F4\EWARM\Eth_FreeRTOS_F4\Obj\library_4142108448270466691.dir\pk_wrap.o
#        C:\Projects\IAR\Eth_FreeRTOS_F4\EWARM\Eth_FreeRTOS_F4\Obj\library_4142108448270466691.dir\pkcs12.o
#        C:\Projects\IAR\Eth_FreeRTOS_F4\EWARM\Eth_FreeRTOS_F4\Obj\library_4142108448270466691.dir\pkcs5.o
#        C:\Projects\IAR\Eth_FreeRTOS_F4\EWARM\Eth_FreeRTOS_F4\Obj\library_4142108448270466691.dir\pkcs7.o
#        C:\Projects\IAR\Eth_FreeRTOS_F4\EWARM\Eth_FreeRTOS_F4\Obj\library_4142108448270466691.dir\pkparse.o
#        C:\Projects\IAR\Eth_FreeRTOS_F4\EWARM\Eth_FreeRTOS_F4\Obj\library_4142108448270466691.dir\pkwrite.o
#        C:\Projects\IAR\Eth_FreeRTOS_F4\EWARM\Eth_FreeRTOS_F4\Obj\library_4142108448270466691.dir\platform.o
#        C:\Projects\IAR\Eth_FreeRTOS_F4\EWARM\Eth_FreeRTOS_F4\Obj\library_4142108448270466691.dir\platform_util.o
#        C:\Projects\IAR\Eth_FreeRTOS_F4\EWARM\Eth_FreeRTOS_F4\Obj\library_4142108448270466691.dir\poly1305.o
#        C:\Projects\IAR\Eth_FreeRTOS_F4\EWARM\Eth_FreeRTOS_F4\Obj\portable_15954926109208205999.dir\port.o
#        C:\Projects\IAR\Eth_FreeRTOS_F4\EWARM\Eth_FreeRTOS_F4\Obj\portable_15954926109208205999.dir\portasm.o
#        C:\Projects\IAR\Eth_FreeRTOS_F4\EWARM\Eth_FreeRTOS_F4\Obj\library_4142108448270466691.dir\psa_crypto.o
#        C:\Projects\IAR\Eth_FreeRTOS_F4\EWARM\Eth_FreeRTOS_F4\Obj\library_4142108448270466691.dir\psa_crypto_aead.o
#        C:\Projects\IAR\Eth_FreeRTOS_F4\EWARM\Eth_FreeRTOS_F4\Obj\library_4142108448270466691.dir\psa_crypto_cipher.o
#        C:\Projects\IAR\Eth_FreeRTOS_F4\EWARM\Eth_FreeRTOS_F4\Obj\library_4142108448270466691.dir\psa_crypto_client.o
#        C:\Projects\IAR\Eth_FreeRTOS_F4\EWARM\Eth_FreeRTOS_F4\Obj\library_4142108448270466691.dir\psa_crypto_driver_wrappers_no_static.o
#        C:\Projects\IAR\Eth_FreeRTOS_F4\EWARM\Eth_FreeRTOS_F4\Obj\library_4142108448270466691.dir\psa_crypto_ecp.o
#        C:\Projects\IAR\Eth_FreeRTOS_F4\EWARM\Eth_FreeRTOS_F4\Obj\library_4142108448270466691.dir\psa_crypto_ffdh.o
#        C:\Projects\IAR\Eth_FreeRTOS_F4\EWARM\Eth_FreeRTOS_F4\Obj\library_4142108448270466691.dir\psa_crypto_hash.o
#        C:\Projects\IAR\Eth_FreeRTOS_F4\EWARM\Eth_FreeRTOS_F4\Obj\library_4142108448270466691.dir\psa_crypto_mac.o
#        C:\Projects\IAR\Eth_FreeRTOS_F4\EWARM\Eth_FreeRTOS_F4\Obj\library_4142108448270466691.dir\psa_crypto_pake.o
#        C:\Projects\IAR\Eth_FreeRTOS_F4\EWARM\Eth_FreeRTOS_F4\Obj\library_4142108448270466691.dir\psa_crypto_rsa.o
#        C:\Projects\IAR\Eth_FreeRTOS_F4\EWARM\Eth_FreeRTOS_F4\Obj\library_4142108448270466691.dir\psa_crypto_se.o
#        C:\Projects\IAR\Eth_FreeRTOS_F4\EWARM\Eth_FreeRTOS_F4\Obj\library_4142108448270466691.dir\psa_crypto_slot_management.o
#        C:\Projects\IAR\Eth_FreeRTOS_F4\EWARM\Eth_FreeRTOS_F4\Obj\library_4142108448270466691.dir\psa_crypto_storage.o
#        C:\Projects\IAR\Eth_FreeRTOS_F4\EWARM\Eth_FreeRTOS_F4\Obj\library_4142108448270466691.dir\psa_its_file.o
#        C:\Projects\IAR\Eth_FreeRTOS_F4\EWARM\Eth_FreeRTOS_F4\Obj\library_4142108448270466691.dir\psa_util.o
#        C:\Projects\IAR\Eth_FreeRTOS_F4\EWARM\Eth_FreeRTOS_F4\Obj\FreeRTOS_15068288790229095433.dir\queue.o
#        C:\Projects\IAR\Eth_FreeRTOS_F4\EWARM\Eth_FreeRTOS_F4\Obj\library_4142108448270466691.dir\ripemd160.o
#        C:\Projects\IAR\Eth_FreeRTOS_F4\EWARM\Eth_FreeRTOS_F4\Obj\library_4142108448270466691.dir\rsa.o
#        C:\Projects\IAR\Eth_FreeRTOS_F4\EWARM\Eth_FreeRTOS_F4\Obj\library_4142108448270466691.dir\rsa_alt_helpers.o
#        C:\Projects\IAR\Eth_FreeRTOS_F4\EWARM\Eth_FreeRTOS_F4\Obj\library_4142108448270466691.dir\sha1.o
#        C:\Projects\IAR\Eth_FreeRTOS_F4\EWARM\Eth_FreeRTOS_F4\Obj\library_4142108448270466691.dir\sha256.o
#        C:\Projects\IAR\Eth_FreeRTOS_F4\EWARM\Eth_FreeRTOS_F4\Obj\library_4142108448270466691.dir\sha3.o
#        C:\Projects\IAR\Eth_FreeRTOS_F4\EWARM\Eth_FreeRTOS_F4\Obj\library_4142108448270466691.dir\sha512.o
#        C:\Projects\IAR\Eth_FreeRTOS_F4\EWARM\Eth_FreeRTOS_F4\Obj\tcp_sockets_wrapper_4704147424009036243.dir\sockets_wrapper.o
#        C:\Projects\IAR\Eth_FreeRTOS_F4\EWARM\Eth_FreeRTOS_F4\Obj\library_4142108448270466691.dir\ssl_cache.o
#        C:\Projects\IAR\Eth_FreeRTOS_F4\EWARM\Eth_FreeRTOS_F4\Obj\library_4142108448270466691.dir\ssl_ciphersuites.o
#        C:\Projects\IAR\Eth_FreeRTOS_F4\EWARM\Eth_FreeRTOS_F4\Obj\library_4142108448270466691.dir\ssl_client.o
#        C:\Projects\IAR\Eth_FreeRTOS_F4\EWARM\Eth_FreeRTOS_F4\Obj\library_4142108448270466691.dir\ssl_cookie.o
#        C:\Projects\IAR\Eth_FreeRTOS_F4\EWARM\Eth_FreeRTOS_F4\Obj\library_4142108448270466691.dir\ssl_debug_helpers_generated.o
#        C:\Projects\IAR\Eth_FreeRTOS_F4\EWARM\Eth_FreeRTOS_F4\Obj\library_4142108448270466691.dir\ssl_msg.o
#        C:\Projects\IAR\Eth_FreeRTOS_F4\EWARM\Eth_FreeRTOS_F4\Obj\library_4142108448270466691.dir\ssl_ticket.o
#        C:\Projects\IAR\Eth_FreeRTOS_F4\EWARM\Eth_FreeRTOS_F4\Obj\library_4142108448270466691.dir\ssl_tls.o
#        C:\Projects\IAR\Eth_FreeRTOS_F4\EWARM\Eth_FreeRTOS_F4\Obj\library_4142108448270466691.dir\ssl_tls12_client.o
#        C:\Projects\IAR\Eth_FreeRTOS_F4\EWARM\Eth_FreeRTOS_F4\Obj\library_4142108448270466691.dir\ssl_tls12_server.o
#        C:\Projects\IAR\Eth_FreeRTOS_F4\EWARM\Eth_FreeRTOS_F4\Obj\library_4142108448270466691.dir\ssl_tls13_client.o
#        C:\Projects\IAR\Eth_FreeRTOS_F4\EWARM\Eth_FreeRTOS_F4\Obj\library_4142108448270466691.dir\ssl_tls13_generic.o
#        C:\Projects\IAR\Eth_FreeRTOS_F4\EWARM\Eth_FreeRTOS_F4\Obj\library_4142108448270466691.dir\ssl_tls13_keys.o
#        C:\Projects\IAR\Eth_FreeRTOS_F4\EWARM\Eth_FreeRTOS_F4\Obj\library_4142108448270466691.dir\ssl_tls13_server.o
#        C:\Projects\IAR\Eth_FreeRTOS_F4\EWARM\Eth_FreeRTOS_F4\Obj\EWARM_18443280873093131863.dir\startup_stm32f407xx.o
#        C:\Projects\IAR\Eth_FreeRTOS_F4\EWARM\Eth_FreeRTOS_F4\Obj\STM32F4xx_HAL_Driver_1244631019742807970.dir\stm32f4xx_hal.o
#        C:\Projects\IAR\Eth_FreeRTOS_F4\EWARM\Eth_FreeRTOS_F4\Obj\STM32F4xx_HAL_Driver_1244631019742807970.dir\stm32f4xx_hal_cortex.o
#        C:\Projects\IAR\Eth_FreeRTOS_F4\EWARM\Eth_FreeRTOS_F4\Obj\STM32F4xx_HAL_Driver_1244631019742807970.dir\stm32f4xx_hal_dma.o
#        C:\Projects\IAR\Eth_FreeRTOS_F4\EWARM\Eth_FreeRTOS_F4\Obj\STM32F4xx_HAL_Driver_1244631019742807970.dir\stm32f4xx_hal_dma_ex.o
#        C:\Projects\IAR\Eth_FreeRTOS_F4\EWARM\Eth_FreeRTOS_F4\Obj\STM32F4xx_HAL_Driver_1244631019742807970.dir\stm32f4xx_hal_exti.o
#        C:\Projects\IAR\Eth_FreeRTOS_F4\EWARM\Eth_FreeRTOS_F4\Obj\STM32F4xx_HAL_Driver_1244631019742807970.dir\stm32f4xx_hal_flash.o
#        C:\Projects\IAR\Eth_FreeRTOS_F4\EWARM\Eth_FreeRTOS_F4\Obj\STM32F4xx_HAL_Driver_1244631019742807970.dir\stm32f4xx_hal_flash_ex.o
#        C:\Projects\IAR\Eth_FreeRTOS_F4\EWARM\Eth_FreeRTOS_F4\Obj\STM32F4xx_HAL_Driver_1244631019742807970.dir\stm32f4xx_hal_flash_ramfunc.o
#        C:\Projects\IAR\Eth_FreeRTOS_F4\EWARM\Eth_FreeRTOS_F4\Obj\STM32F4xx_HAL_Driver_1244631019742807970.dir\stm32f4xx_hal_gpio.o
#        C:\Projects\IAR\Eth_FreeRTOS_F4\EWARM\Eth_FreeRTOS_F4\Obj\Core_13247989168731456611.dir\stm32f4xx_hal_msp.o
#        C:\Projects\IAR\Eth_FreeRTOS_F4\EWARM\Eth_FreeRTOS_F4\Obj\STM32F4xx_HAL_Driver_1244631019742807970.dir\stm32f4xx_hal_pwr.o
#        C:\Projects\IAR\Eth_FreeRTOS_F4\EWARM\Eth_FreeRTOS_F4\Obj\STM32F4xx_HAL_Driver_1244631019742807970.dir\stm32f4xx_hal_pwr_ex.o
#        C:\Projects\IAR\Eth_FreeRTOS_F4\EWARM\Eth_FreeRTOS_F4\Obj\STM32F4xx_HAL_Driver_1244631019742807970.dir\stm32f4xx_hal_rcc.o
#        C:\Projects\IAR\Eth_FreeRTOS_F4\EWARM\Eth_FreeRTOS_F4\Obj\STM32F4xx_HAL_Driver_1244631019742807970.dir\stm32f4xx_hal_rcc_ex.o
#        C:\Projects\IAR\Eth_FreeRTOS_F4\EWARM\Eth_FreeRTOS_F4\Obj\STM32F4xx_HAL_Driver_1244631019742807970.dir\stm32f4xx_hal_rng.o
#        C:\Projects\IAR\Eth_FreeRTOS_F4\EWARM\Eth_FreeRTOS_F4\Obj\STM32F4xx_HAL_Driver_1244631019742807970.dir\stm32f4xx_hal_tim.o
#        C:\Projects\IAR\Eth_FreeRTOS_F4\EWARM\Eth_FreeRTOS_F4\Obj\STM32F4xx_HAL_Driver_1244631019742807970.dir\stm32f4xx_hal_tim_ex.o
#        C:\Projects\IAR\Eth_FreeRTOS_F4\EWARM\Eth_FreeRTOS_F4\Obj\Core_13247989168731456611.dir\stm32f4xx_hal_timebase_tim.o
#        C:\Projects\IAR\Eth_FreeRTOS_F4\EWARM\Eth_FreeRTOS_F4\Obj\Core_13247989168731456611.dir\stm32f4xx_it.o
#        C:\Projects\IAR\Eth_FreeRTOS_F4\EWARM\Eth_FreeRTOS_F4\Obj\NetworkInterface_17839565619337236105.dir\stm32fxx_hal_eth.o
#        C:\Projects\IAR\Eth_FreeRTOS_F4\EWARM\Eth_FreeRTOS_F4\Obj\FreeRTOS_15068288790229095433.dir\stream_buffer.o
#        C:\Projects\IAR\Eth_FreeRTOS_F4\EWARM\Eth_FreeRTOS_F4\Obj\CMSIS_6603591812247902717.dir\system_stm32f4xx.o
#        C:\Projects\IAR\Eth_FreeRTOS_F4\EWARM\Eth_FreeRTOS_F4\Obj\FreeRTOS_15068288790229095433.dir\tasks.o
#        C:\Projects\IAR\Eth_FreeRTOS_F4\EWARM\Eth_FreeRTOS_F4\Obj\tcp_sockets_wrapper_4704147424009036243.dir\tcp_sockets_wrapper.o
#        C:\Projects\IAR\Eth_FreeRTOS_F4\EWARM\Eth_FreeRTOS_F4\Obj\library_4142108448270466691.dir\threading.o
#        C:\Projects\IAR\Eth_FreeRTOS_F4\EWARM\Eth_FreeRTOS_F4\Obj\FreeRTOS_15068288790229095433.dir\timers.o
#        C:\Projects\IAR\Eth_FreeRTOS_F4\EWARM\Eth_FreeRTOS_F4\Obj\library_4142108448270466691.dir\timing.o
#        C:\Projects\IAR\Eth_FreeRTOS_F4\EWARM\Eth_FreeRTOS_F4\Obj\network_transport_10444936529919355836.dir\transport_mbedtls.o
#        C:\Projects\IAR\Eth_FreeRTOS_F4\EWARM\Eth_FreeRTOS_F4\Obj\network_transport_10444936529919355836.dir\transport_plaintext.o
#        C:\Projects\IAR\Eth_FreeRTOS_F4\EWARM\Eth_FreeRTOS_F4\Obj\library_4142108448270466691.dir\version.o
#        C:\Projects\IAR\Eth_FreeRTOS_F4\EWARM\Eth_FreeRTOS_F4\Obj\library_4142108448270466691.dir\version_features.o
#        C:\Projects\IAR\Eth_FreeRTOS_F4\EWARM\Eth_FreeRTOS_F4\Obj\library_4142108448270466691.dir\x509.o
#        C:\Projects\IAR\Eth_FreeRTOS_F4\EWARM\Eth_FreeRTOS_F4\Obj\library_4142108448270466691.dir\x509_create.o
#        C:\Projects\IAR\Eth_FreeRTOS_F4\EWARM\Eth_FreeRTOS_F4\Obj\library_4142108448270466691.dir\x509_crl.o
#        C:\Projects\IAR\Eth_FreeRTOS_F4\EWARM\Eth_FreeRTOS_F4\Obj\library_4142108448270466691.dir\x509_crt.o
#        C:\Projects\IAR\Eth_FreeRTOS_F4\EWARM\Eth_FreeRTOS_F4\Obj\library_4142108448270466691.dir\x509_csr.o
#        C:\Projects\IAR\Eth_FreeRTOS_F4\EWARM\Eth_FreeRTOS_F4\Obj\library_4142108448270466691.dir\x509write.o
#        C:\Projects\IAR\Eth_FreeRTOS_F4\EWARM\Eth_FreeRTOS_F4\Obj\library_4142108448270466691.dir\x509write_crt.o
#        C:\Projects\IAR\Eth_FreeRTOS_F4\EWARM\Eth_FreeRTOS_F4\Obj\library_4142108448270466691.dir\x509write_csr.o
#        --no_out_extension -o
#        C:\Projects\IAR\Eth_FreeRTOS_F4\EWARM\Eth_FreeRTOS_F4\Exe\Eth_FreeRTOS_F4.out
#        --redirect _Printf=_PrintfFullNoMb --redirect _Scanf=_ScanfFullNoMb
#        --map
#        C:\Projects\IAR\Eth_FreeRTOS_F4\EWARM\Eth_FreeRTOS_F4\List\Eth_FreeRTOS_F4.map
#        --config C:\Projects\IAR\Eth_FreeRTOS_F4\EWARM/stm32f407xx_flash.icf
#        --semihosting --entry __iar_program_start --vfe --text_out locale
#        --cpu=Cortex-M4 --fpu=VFPv4_sp) --dependencies=n
#        C:\Projects\IAR\Eth_FreeRTOS_F4\EWARM\Eth_FreeRTOS_F4\Exe\Eth_FreeRTOS_F4.out.iar_deps
#
###############################################################################

*******************************************************************************
*** RUNTIME MODEL ATTRIBUTES
***

CppFlavor       = *
__CPP_Runtime   = 1
__Heap_Handler  = Basic
__SystemLibrary = DLib
__dlib_version  = 6


*******************************************************************************
*** HEAP SELECTION
***

The basic heap was selected because --advanced_heap
was not specified and the application did not appear to
be primarily optimized for speed.


*******************************************************************************
*** PLACEMENT SUMMARY
***

"A0":  place at address 0x800'0000 { ro section .intvec };
"P1":  place in [from 0x800'0000 to 0x80f'ffff] { ro };
define block CSTACK with size = 1K, alignment = 8 { };
define block HEAP with size = 512, alignment = 8 { };
"P2":  place in [from 0x2000'0000 to 0x2001'ffff] {
          rw, block CSTACK, block HEAP };
initialize by copy { rw };

  Section            Kind         Address  Aligment      Size  Object
  -------            ----         -------  --------      ----  ------
"A0":                                                   0x188
  .intvec            ro code   0x800'0000         4     0x188  startup_stm32f407xx.o [4]
                             - 0x800'0188               0x188

"P1":                                                0x5'0ba6
  .text              ro code   0x800'0188         4    0x4052  llhttp.o [14]
  .text              ro code   0x800'41da         2      0x7e  lz77_init_single.o [18]
  .text              ro code   0x800'4258         4      0x66  ABImemset.o [18]
  .text              ro code   0x800'42be         2     0x194  http.o [14]
  .text              ro code   0x800'4452         2      0x1a  xsnprout.o [16]
  .text              ro code   0x800'446c         4     0x2d0  api.o [14]
  .text              ro code   0x800'473c         2       0x6  abort.o [16]
  .rodata            const     0x800'4742         2       0x2  aes.o [11]
  .text              ro code   0x800'4744         4      0x14  exit.o [19]
  .text              ro code   0x800'4758         4      0x2c  iarttio.o [19]
  .text              ro code   0x800'4784         4       0x8  XShttio.o [16]
  .text              ro code   0x800'478c         4    0x3034  ssl_tls.o [11]
  .text              ro code   0x800'77c0         4     0x412  pk.o [11]
  .rodata            const     0x800'7bd2         2       0x2  aria.o [11]
  .text              ro code   0x800'7bd4         4    0x1a90  ssl_msg.o [11]
  .text              ro code   0x800'9664         4      0x38  platform.o [11]
  .text              ro code   0x800'969c         4      0xa6  ABImemcpy.o [18]
  .rodata            const     0x800'9742         2       0x2  bignum_core.o [11]
  .text              ro code   0x800'9744         4     0x126  platform_util.o [11]
  .rodata            const     0x800'986a         2       0x2  camellia.o [11]
  .text              ro code   0x800'986c         4    0x1e48  x509_crt.o [11]
  .text              ro code   0x800'b6b4         4     0x7c4  md.o [11]
  .text              ro code   0x800'be78         4     0x710  dhm.o [11]
  .text              ro code   0x800'c588         4     0x590  ecdh.o [11]
  .text              ro code   0x800'cb18         4    0x1184  cipher.o [11]
  .text              ro code   0x800'dc9c         4    0x1dd0  bignum.o [11]
  .text              ro code   0x800'fa6c         4      0x36  strlen.o [18]
  .rodata            const     0x800'faa2         2       0x2  chacha20.o [11]
  .text              ro code   0x800'faa4         4     0x92a  ssl_client.o [11]
  .rodata            const     0x801'03ce         2       0x2  chachapoly.o [11]
  .text              ro code   0x801'03d0         4    0x1c64  ssl_tls12_client.o [11]
  .text              ro code   0x801'2034         4    0x2318  ssl_tls12_server.o [11]
  .text              ro code   0x801'434c         4      0x98  ssl_ciphersuites.o [11]
  .text              ro code   0x801'43e4         4      0x68  memcmp.o [18]
  .text              ro code   0x801'444c         4     0x310  constant_time.o [11]
  .text              ro code   0x801'475c         4    0x1d20  rsa.o [11]
  .text              ro code   0x801'647c         4      0x96  ABImemmove.o [18]
  .rodata            const     0x801'6512         2       0x2  ctr_drbg.o [11]
  .text              ro code   0x801'6514         4     0x54c  asn1parse.o [11]
  .text              ro code   0x801'6a60         4    0x10a0  x509.o [11]
  .text              ro code   0x801'7b00         4     0x3b8  oid.o [11]
  .text              ro code   0x801'7eb8         4    0x1504  pkparse.o [11]
  .text              ro code   0x801'93bc         2      0x2a  strstr.o [16]
  .rodata            const     0x801'93e6         2       0x2  des.o [11]
  .text              ro code   0x801'93e8         4     0x6c4  pem.o [11]
  .text              ro code   0x801'9aac         4      0x16  strchr.o [18]
  .rodata            const     0x801'9ac2         2       0x2  ecp.o [11]
  .text              ro code   0x801'9ac4         4    0x1068  md5.o [11]
  .text              ro code   0x801'ab2c         4    0x1988  sha1.o [11]
  .text              ro code   0x801'c4b4         4    0x1268  sha256.o [11]
  .text              ro code   0x801'd71c         4    0x124c  sha512.o [11]
  .text              ro code   0x801'e968         4     0xaf8  sha3.o [11]
  .text              ro code   0x801'f460         4    0x2588  ecp.o [11]
  .text              ro code   0x802'19e8         4    0x1ac8  ecp_curves.o [11]
  .text              ro code   0x802'34b0         4     0x4ac  chacha20.o [11]
  .text              ro code   0x802'395c         4     0xbc4  gcm.o [11]
  .text              ro code   0x802'4520         4     0x7fc  ccm.o [11]
  .text              ro code   0x802'4d1c         4     0x4b8  chachapoly.o [11]
  .text              ro code   0x802'51d4         4     0x740  nist_kw.o [11]
  .text              ro code   0x802'5914         4     0xbaa  bignum_core.o [11]
  .rodata            const     0x802'64be         2       0x2  gcm.o [11]
  .text              ro code   0x802'64c0         4     0x230  I64DivMod.o [18]
  .text              ro code   0x802'66f0         4     0x690  rsa_alt_helpers.o [11]
  .text              ro code   0x802'6d80         4     0x664  pkcs12.o [11]
  .text              ro code   0x802'73e4         4     0x528  pkcs5.o [11]
  .text              ro code   0x802'790c         4     0xe54  des.o [11]
  .text              ro code   0x802'8760         4    0x19b0  aes.o [11]
  .text              ro code   0x802'a110         4     0x24c  base64.o [11]
  .text              ro code   0x802'a35c         4      0x22  I64Shl.o [18]
  .rodata            const     0x802'a37e         2       0x2  llhttp.o [14]
  .text              ro code   0x802'a380         4      0x1e  U64Shr.o [18]
  .rodata            const     0x802'a39e         2       0x2  llhttp.o [14]
  .text              ro code   0x802'a3a0         4       0x6  ABImemclr4.o [18]
  .rodata            const     0x802'a3a6         2       0x2  llhttp.o [14]
  .text              ro code   0x802'a3a8         4     0x7a4  poly1305.o [11]
  .text              ro code   0x802'ab4c         4       0x2  I64DivZer.o [18]
  .rodata            const     0x802'ab4e         2       0x2  llhttp.o [14]
  .text              ro code   0x802'ab50         4      0x32  ABImemset48.o [18]
  .rodata            const     0x802'ab82         2       0x2  llhttp.o [14]
  .text              ro code   0x802'ab84         4    0x1ca4  FreeRTOS_Sockets.o [6]
  .text              ro code   0x802'c828         2      0x9a  list.o [5]
  .rodata            const     0x802'c8c2         2       0x2  llhttp.o [14]
  .text              ro code   0x802'c8c4         4     0x8fe  FreeRTOS_IP.o [6]
  .rodata            const     0x802'd1c2         2       0x2  llhttp.o [14]
  .text              ro code   0x802'd1c4         4     0x3be  FreeRTOS_IP_Utils.o [6]
  .rodata            const     0x802'd582         2       0x2  llhttp.o [14]
  .text              ro code   0x802'd584         4     0x43c  heap_4.o [7]
  .text              ro code   0x802'd9c0         4     0x302  event_groups.o [5]
  .rodata            const     0x802'dcc2         2       0x2  llhttp.o [14]
  .text              ro code   0x802'dcc4         4    0x1284  tasks.o [5]
  .text              ro code   0x802'ef48         2     0x168  FreeRTOS_IPv4_Sockets.o [6]
  .text              ro code   0x802'f0b0         4     0x218  BufferAllocation_2.o [1]
  .text              ro code   0x802'f2c8         4     0x4a8  FreeRTOS_Routing.o [6]
  .text              ro code   0x802'f770         4     0xb4c  FreeRTOS_TCP_WIN.o [6]
  .text              ro code   0x803'02bc         4     0x160  hardware_rng.o [3]
  .text              ro code   0x803'041c         4     0x8ec  queue.o [5]
  .text              ro code   0x803'0d08         4     0x4f4  FreeRTOS_TCP_IP.o [6]
  .text              ro code   0x803'11fc         2     0x260  FreeRTOS_Stream_Buffer.o [6]
  .text              ro code   0x803'145c         4     0x2fc  FreeRTOS_IP_Timers.o [6]
  .text              ro code   0x803'1758         4     0xa14  FreeRTOS_ARP.o [6]
  .text              ro code   0x803'216c         2      0x74  FreeRTOS_UDP_IP.o [6]
  .text              ro code   0x803'21e0         4     0x708  FreeRTOS_DNS.o [6]
  .text              ro code   0x803'28e8         4     0x410  FreeRTOS_DNS_Cache.o [6]
  .text              ro code   0x803'2cf8         4     0xcec  FreeRTOS_DHCP.o [6]
  .text              ro code   0x803'39e4         4     0x57c  main.o [3]
  .text              ro code   0x803'3f60         4     0x910  NetworkInterface.o [8]
  .text              ro code   0x803'4870         2     0x1ae  FreeRTOS_IPv4.o [6]
  .text              ro code   0x803'4a1e         2      0xc4  FreeRTOS_ICMP.o [6]
  .rodata            const     0x803'4ae2         2       0x2  llhttp.o [14]
  .text              ro code   0x803'4ae4         4     0x2ac  port.o [13]
  .text              ro code   0x803'4d90         2      0xaa  stm32f4xx_hal_rng.o [9]
  .rodata            const     0x803'4e3a         2       0x2  llhttp.o [14]
  .text              ro code   0x803'4e3c         4     0x92e  FreeRTOS_TCP_Transmission.o [6]
  .rodata            const     0x803'576a         2       0x2  llhttp.o [14]
  .text              ro code   0x803'576c         4     0x7f8  FreeRTOS_TCP_State_Handling.o [6]
  .text              ro code   0x803'5f64         2     0x2ce  FreeRTOS_TCP_IP_IPv4.o [6]
  .rodata            const     0x803'6232         2       0x2  llhttp.o [14]
  .text              ro code   0x803'6234         4     0x1ec  FreeRTOS_DNS_Callback.o [6]
  .text              ro code   0x803'6420         2      0x38  FreeRTOS_IPv4_Utils.o [6]
  .text              ro code   0x803'6458         4     0x36a  FreeRTOS_UDP_IPv4.o [6]
  .rodata            const     0x803'67c2         2       0x2  llhttp.o [14]
  .text              ro code   0x803'67c4         4      0x70  strncpy.o [18]
  .text              ro code   0x803'6834         4      0x12  strcmp.o [18]
  .rodata            const     0x803'6846         2       0x2  md5.o [11]
  .text              ro code   0x803'6848         4     0x85c  FreeRTOS_DNS_Parser.o [6]
  .text              ro code   0x803'70a4         2      0xda  FreeRTOS_DNS_Networking.o [6]
  .rodata            const     0x803'717e         2       0x2  nist_kw.o [11]
  .text              ro code   0x803'7180         4      0x18  strcpy.o [18]
  .text              ro code   0x803'7198         4      0x34  stm32f4xx_hal.o [9]
  .text              ro code   0x803'71cc         4     0x28c  stm32f4xx_hal_gpio.o [9]
  .text              ro code   0x803'7458         4     0x3e4  stm32f4xx_hal_rcc.o [9]
  .text              ro code   0x803'783c         4     0x1ac  stm32f4xx_hal_rcc.o [9]
  .text              ro code   0x803'79e8         4     0x72c  stm32f4xx_hal_tim.o [9]
  .text              ro code   0x803'8114         4     0x208  stm32f4xx_hal_msp.o [3]
  .text              ro code   0x803'831c         4     0x1b8  Http_Open.o [3]
  .text              ro code   0x803'84d4         4      0x18  stm32f4xx_hal.o [9]
  .text              ro code   0x803'84ec         4     0x884  stm32fxx_hal_eth.o [8]
  .text              ro code   0x803'8d70         4     0x6a2  phyHandling.o [8]
  .rodata            const     0x803'9412         2       0x2  poly1305.o [11]
  .text              ro code   0x803'9414         4      0x44  snprintf.o [16]
  .text              ro code   0x803'9458         4      0x34  port.o [13]
  CODE               ro code   0x803'948c         4      0xb0  portasm.o [13]
  .text              ro code   0x803'953c         4       0xc  stm32f4xx_hal.o [9]
  .text              ro code   0x803'9548         4     0x432  FreeRTOS_TCP_Transmission_IPv4.o [6]
  .text              ro code   0x803'997a         2     0x42c  FreeRTOS_TCP_Reception.o [6]
  .text              ro code   0x803'9da6         2     0x18a  FreeRTOS_TCP_State_Handling_IPv4.o [6]
  .text              ro code   0x803'9f30         2      0x40  strncasecmp.o [16]
  .text              ro code   0x803'9f70         4     0x114  stm32f4xx_hal_cortex.o [9]
  .text              ro code   0x803'a084         4      0xd0  stm32f4xx_hal_timebase_tim.o [3]
  .text              ro code   0x803'a154         4      0x94  stm32f4xx_hal_rcc.o [9]
  .text              ro code   0x803'a1e8         2       0x2  stm32f4xx_hal_tim.o [9]
  .text              ro code   0x803'a1ea         2       0x2  stm32f4xx_hal_tim.o [9]
  .text              ro code   0x803'a1ec         2       0x2  stm32f4xx_hal_tim.o [9]
  .text              ro code   0x803'a1ee         2       0x2  stm32f4xx_hal_tim.o [9]
  .text              ro code   0x803'a1f0         2       0x2  stm32f4xx_hal_tim_ex.o [9]
  .text              ro code   0x803'a1f2         2       0x2  stm32f4xx_hal_tim.o [9]
  .text              ro code   0x803'a1f4         2       0x2  stm32f4xx_hal_tim_ex.o [9]
  .rodata            const     0x803'a1f6         2       0x2  sha1.o [11]
  .text              ro code   0x803'a1f8         4     0x686  transport_mbedtls.o [12]
  .rodata            const     0x803'a87e         2       0x2  sha256.o [11]
  .text              ro code   0x803'a880         4    0x1424  core_http_client.o [10]
  .text              ro code   0x803'bca4         2       0x2  stm32fxx_hal_eth.o [8]
  .rodata            const     0x803'bca6         2       0x2  sha3.o [11]
  .text              ro code   0x803'bca8         4     0xeca  xprintffull_nomb.o [16]
  .text              ro code   0x803'cb72         2      0x14  FreeRTOS_TCP_Utils.o [6]
  .text              ro code   0x803'cb86         2      0x14  tolower.o [16]
  .rodata            const     0x803'cb9a         2       0x2  sha512.o [11]
  .text              ro code   0x803'cb9c         4     0x348  entropy.o [11]
  .text              ro code   0x803'cee4         4     0x5e4  ctr_drbg.o [11]
  .text              ro code   0x803'd4c8         4     0x4e0  psa_crypto.o [11]
  .text              ro code   0x803'd9a8         2     0x25e  tcp_sockets_wrapper.o [15]
  .rodata            const     0x803'dc06         2       0x2  ssl_client.o [11]
  .text              ro code   0x803'dc08         4      0x24  ABIassert.o [19]
  .text              ro code   0x803'dc2c         2      0x2a  strncmp.o [16]
  .rodata            const     0x803'dc56         2       0x2  ssl_msg.o [11]
  .text              ro code   0x803'dc58         4      0x40  xfail_s.o [16]
  .text              ro code   0x803'dc98         4      0x58  memchr.o [18]
  .text              ro code   0x803'dcf0         4      0x70  frexp.o [17]
  .text              ro code   0x803'dd60         4      0x34  DblCmpLe.o [17]
  .text              ro code   0x803'dd94         4      0x34  DblCmpGe.o [17]
  .text              ro code   0x803'ddc8         4     0x13a  ldexp.o [17]
  .rodata            const     0x803'df02         2       0x2  ssl_tls.o [11]
  .text              ro code   0x803'df04         4      0x36  DblToS32.o [17]
  .rodata            const     0x803'df3a         2       0x2  ssl_tls12_client.o [11]
  .text              ro code   0x803'df3c         4      0x22  S32ToDbl.o [17]
  .rodata            const     0x803'df5e         2       0x2  ssl_tls12_server.o [11]
  .text              ro code   0x803'df60         4     0x24e  DblAddSub.o [17]
  .rodata            const     0x803'e1ae         2       0x2  x509_crt.o [11]
  .text              ro code   0x803'e1b0         4     0x246  DblDiv.o [17]
  .rodata            const     0x803'e3f6         2       0x2  xlocale_c.o [16]
  .text              ro code   0x803'e3f8         4      0x22  DblToU32.o [17]
  .rodata            const     0x803'e41a         2       0x2  xlocale_c.o [16]
  .text              ro code   0x803'e41c         4      0x1c  U32ToDbl.o [17]
  .text              ro code   0x803'e438         4     0x1aa  DblMul.o [17]
  .rodata            const     0x803'e5e2                 0x1  ssl_ciphersuites.o [11]
  .rodata            const     0x803'e5e3                 0x1  ssl_tls.o [11]
  .text              ro code   0x803'e5e4         4      0x28  xlocale_c.o [16]
  .text              ro code   0x803'e60c         2      0x4c  FreeRTOS_TCP_Utils_IPv4.o [6]
  .text              ro code   0x803'e658         4      0x3c  psa_crypto_slot_management.o [11]
  .text              ro code   0x803'e694         4     0xd04  camellia.o [11]
  .text              ro code   0x803'f398         4     0xb34  aria.o [11]
  .rodata            const     0x803'fecc         4     0xa60  ssl_ciphersuites.o [11]
  .text              ro code   0x804'092c         4     0x714  ecdsa.o [11]
  .text              ro code   0x804'1040         4     0x3b0  hmac_drbg.o [11]
  .text              ro code   0x804'13f0         2     0x13e  asn1write.o [11]
  .rodata            const     0x804'152e                 0x1  xlocale_c.o [16]
  .rodata            const     0x804'1530         4     0x6c8  Http_Open.o [3]
  .text              ro code   0x804'1bf8         4     0x6bc  cipher_wrap.o [11]
  .rodata            const     0x804'22b4         4     0x4a8  Http_Open.o [3]
  .rodata            const     0x804'275c         4     0x4a8  Http_Open.o [3]
  .rodata            const     0x804'2c04         4     0x300  ecp_curves.o [11]
  .rodata            const     0x804'2f04         4     0x300  ecp_curves.o [11]
  .rodata            const     0x804'3204         4     0x300  ecp_curves.o [11]
  .rodata            const     0x804'3504         4     0x300  ecp_curves.o [11]
  .text              ro code   0x804'3804         4     0x2e8  pk_wrap.o [11]
  .rodata            const     0x804'3aec         4     0x298  cipher_wrap.o [11]
  .rodata            const     0x804'3d84         4      0x54  core_http_client.o [10]
  .rodata            const     0x804'3dd8         8     0x280  sha512.o [11]
  .rodata            const     0x804'4058         4     0x180  ecp_curves.o [11]
  .rodata            const     0x804'41d8         4     0x180  ecp_curves.o [11]
  .rodata            const     0x804'4358         4     0x180  ecp_curves.o [11]
  .rodata            const     0x804'44d8         4     0x180  ecp_curves.o [11]
  .rodata            const     0x804'4658         4     0x180  ecp_curves.o [11]
  .rodata            const     0x804'47d8         4     0x180  ecp_curves.o [11]
  .rodata            const     0x804'4958         4     0x180  ecp_curves.o [11]
  .text              ro code   0x804'4ad8         4     0x158  heap0.o [16]
  .text              ro code   0x804'4c30         4      0x2c  xgetmemchunk.o [16]
  .text              ro code   0x804'4c5c         2      0x12  xxmemxmemzero.o [16]
  .rodata            const     0x804'4c70         4     0x118  oid.o [11]
  .rodata            const     0x804'4d88         4     0x100  aria.o [11]
  .rodata            const     0x804'4e88         4     0x100  aria.o [11]
  .rodata            const     0x804'4f88         4     0x100  aria.o [11]
  .rodata            const     0x804'5088         4     0x100  aria.o [11]
  .rodata            const     0x804'5188         4     0x100  camellia.o [11]
  .rodata            const     0x804'5288         4     0x100  camellia.o [11]
  .rodata            const     0x804'5388         4     0x100  camellia.o [11]
  .rodata            const     0x804'5488         4     0x100  camellia.o [11]
  .rodata            const     0x804'5588         4     0x100  des.o [11]
  .rodata            const     0x804'5688         4     0x100  des.o [11]
  .rodata            const     0x804'5788         4     0x100  des.o [11]
  .rodata            const     0x804'5888         4     0x100  des.o [11]
  .rodata            const     0x804'5988         4     0x100  des.o [11]
  .rodata            const     0x804'5a88         4     0x100  des.o [11]
  .rodata            const     0x804'5b88         4     0x100  des.o [11]
  .rodata            const     0x804'5c88         4     0x100  des.o [11]
  .rodata            const     0x804'5d88         4     0x100  sha256.o [11]
  .rodata            const     0x804'5e88         4     0x100  ssl_tls.o [11]
  .rodata            const     0x804'5f88         4      0xf0  oid.o [11]
  .rodata            const     0x804'6078         4      0xdc  oid.o [11]
  .rodata            const     0x804'6154         4      0xc8  oid.o [11]
  .text              ro code   0x804'621c         4      0xc8  mbedtls_bio_tcp_sockets_wrapper.o [12]
  .rodata            const     0x804'62e4         4      0x54  ssl_tls.o [11]
  .rodata            const     0x804'6338         8      0xc0  sha3.o [11]
  .rodata            const     0x804'63f8         4      0xb4  oid.o [11]
  .rodata            const     0x804'64ac         4      0xa8  bignum.o [11]
  .rodata            const     0x804'6554         4      0xa8  ecp.o [11]
  .rodata            const     0x804'65fc         4      0xa0  camellia.o [11]
  .rodata            const     0x804'669c         4      0x60  core_http_client.o [10]
  .rodata            const     0x804'66fc         4      0x50  oid.o [11]
  .rodata            const     0x804'674c         4      0x4c  core_http_client.o [10]
  .rodata            const     0x804'6798         4      0x48  core_http_client.o [10]
  .rodata            const     0x804'67e0         4      0x48  core_http_client.o [10]
  .rodata            const     0x804'6828         4      0x48  core_http_client.o [10]
  .rodata            const     0x804'6870         4      0x48  core_http_client.o [10]
  .rodata            const     0x804'68b8         4      0x48  ecp_curves.o [11]
  .rodata            const     0x804'6900         4      0x48  ecp_curves.o [11]
  .rodata            const     0x804'6948         4      0x48  ecp_curves.o [11]
  .rodata            const     0x804'6990         4      0x48  ecp_curves.o [11]
  .rodata            const     0x804'69d8         4      0x48  ecp_curves.o [11]
  .rodata            const     0x804'6a20         4      0x48  ecp_curves.o [11]
  .rodata            const     0x804'6a68         4      0x48  ecp_curves.o [11]
  .rodata            const     0x804'6ab0         4      0x48  ecp_curves.o [11]
  .rodata            const     0x804'6af8         4      0x48  ecp_curves.o [11]
  .rodata            const     0x804'6b40         4      0x48  ecp_curves.o [11]
  .rodata            const     0x804'6b88         4      0x48  ecp_curves.o [11]
  .rodata            const     0x804'6bd0         4      0x48  ecp_curves.o [11]
  .rodata            const     0x804'6c18         4      0x48  ecp_curves.o [11]
  .rodata            const     0x804'6c60         4      0x48  ecp_curves.o [11]
  .rodata            const     0x804'6ca8         4      0x48  ecp_curves.o [11]
  .rodata            const     0x804'6cf0         4      0x48  ecp_curves.o [11]
  .rodata            const     0x804'6d38         4      0x48  ecp_curves.o [11]
  .rodata            const     0x804'6d80         4      0x48  ecp_curves.o [11]
  .rodata            const     0x804'6dc8         4      0x48  ecp_curves.o [11]
  .rodata            const     0x804'6e10         4      0x48  ecp_curves.o [11]
  .rodata            const     0x804'6e58         4      0x48  ecp_curves.o [11]
  .rodata            const     0x804'6ea0         4      0x48  ecp_curves.o [11]
  .rodata            const     0x804'6ee8         4      0x48  ecp_curves.o [11]
  .rodata            const     0x804'6f30         4      0x48  ecp_curves.o [11]
  .rodata            const     0x804'6f78         4      0x48  ecp_curves.o [11]
  .rodata            const     0x804'6fc0         4      0x48  ecp_curves.o [11]
  .rodata            const     0x804'7008         4      0x48  ecp_curves.o [11]
  .rodata            const     0x804'7050         4      0x48  ecp_curves.o [11]
  .rodata            const     0x804'7098         4      0x48  ecp_curves.o [11]
  .rodata            const     0x804'70e0         4      0x48  ecp_curves.o [11]
  .rodata            const     0x804'7128         4      0x48  ecp_curves.o [11]
  .rodata            const     0x804'7170         4      0x48  ecp_curves.o [11]
  .rodata            const     0x804'71b8         4      0x48  ecp_curves.o [11]
  .rodata            const     0x804'7200         4      0x48  ecp_curves.o [11]
  .rodata            const     0x804'7248         4      0x48  ecp_curves.o [11]
  .rodata            const     0x804'7290         4      0x48  ecp_curves.o [11]
  .rodata            const     0x804'72d8         4      0x48  ecp_curves.o [11]
  .rodata            const     0x804'7320         4      0x48  ecp_curves.o [11]
  .rodata            const     0x804'7368         4      0x48  ecp_curves.o [11]
  .rodata            const     0x804'73b0         4      0x48  ecp_curves.o [11]
  .rodata            const     0x804'73f8         4      0x48  ecp_curves.o [11]
  .rodata            const     0x804'7440         4      0x48  ecp_curves.o [11]
  .rodata            const     0x804'7488         4      0x48  ecp_curves.o [11]
  .rodata            const     0x804'74d0         4      0x48  ecp_curves.o [11]
  .rodata            const     0x804'7518         4      0x48  ecp_curves.o [11]
  .rodata            const     0x804'7560         4      0x48  ecp_curves.o [11]
  .rodata            const     0x804'75a8         4      0x48  ecp_curves.o [11]
  .rodata            const     0x804'75f0         4      0x48  ecp_curves.o [11]
  .rodata            const     0x804'7638         4      0x48  ecp_curves.o [11]
  .rodata            const     0x804'7680         4      0x48  ecp_curves.o [11]
  .rodata            const     0x804'76c8         4      0x48  ecp_curves.o [11]
  .rodata            const     0x804'7710         4      0x48  ecp_curves.o [11]
  .rodata            const     0x804'7758         4      0x48  ecp_curves.o [11]
  .rodata            const     0x804'77a0         4      0x48  ecp_curves.o [11]
  .rodata            const     0x804'77e8         4      0x48  ecp_curves.o [11]
  .rodata            const     0x804'7830         4      0x48  ecp_curves.o [11]
  .rodata            const     0x804'7878         4      0x48  ecp_curves.o [11]
  .rodata            const     0x804'78c0         4      0x48  ecp_curves.o [11]
  .rodata            const     0x804'7908         4      0x48  ecp_curves.o [11]
  .rodata            const     0x804'7950         4      0x48  ecp_curves.o [11]
  .rodata            const     0x804'7998         4      0x48  ecp_curves.o [11]
  .rodata            const     0x804'79e0         4      0x48  ecp_curves.o [11]
  .rodata            const     0x804'7a28         4      0x48  ecp_curves.o [11]
  .rodata            const     0x804'7a70         4      0x48  ecp_curves.o [11]
  .rodata            const     0x804'7ab8         4      0x48  pkparse.o [11]
  .rodata            const     0x804'7b00         4      0x48  x509_crt.o [11]
  .rodata            const     0x804'7b48         4      0x44  dhm.o [11]
  .rodata            const     0x804'7b8c         4      0x44  ecdsa.o [11]
  .rodata            const     0x804'7bd0         4      0x44  ecp_curves.o [11]
  .rodata            const     0x804'7c14         4      0x44  ecp_curves.o [11]
  .rodata            const     0x804'7c58         4      0x44  ecp_curves.o [11]
  .rodata            const     0x804'7c9c         4      0x44  ecp_curves.o [11]
  .rodata            const     0x804'7ce0         4      0x44  ecp_curves.o [11]
  .rodata            const     0x804'7d24         4      0x44  pem.o [11]
  .rodata            const     0x804'7d68         4      0x44  pkcs12.o [11]
  .rodata            const     0x804'7dac         4      0x44  pkcs5.o [11]
  .rodata            const     0x804'7df0         4      0x44  rsa.o [11]
  .rodata            const     0x804'7e34         4      0x44  x509.o [11]
  .rodata            const     0x804'7e78         4      0x40  des.o [11]
  .rodata            const     0x804'7eb8         4      0x40  des.o [11]
  .rodata            const     0x804'7ef8         4      0x40  ecp_curves.o [11]
  .rodata            const     0x804'7f38         4      0x40  ecp_curves.o [11]
  .rodata            const     0x804'7f78         4      0x40  ecp_curves.o [11]
  .rodata            const     0x804'7fb8         4      0x40  ecp_curves.o [11]
  .rodata            const     0x804'7ff8         4      0x40  ecp_curves.o [11]
  .rodata            const     0x804'8038         4      0x40  ecp_curves.o [11]
  .rodata            const     0x804'8078         4      0x40  ecp_curves.o [11]
  .rodata            const     0x804'80b8         4      0x40  ecp_curves.o [11]
  .rodata            const     0x804'80f8         4      0x40  ecp_curves.o [11]
  .rodata            const     0x804'8138         4      0x40  ecp_curves.o [11]
  .rodata            const     0x804'8178         4      0x40  ecp_curves.o [11]
  .rodata            const     0x804'81b8         4      0x40  ecp_curves.o [11]
  .rodata            const     0x804'81f8         4      0x40  ecp_curves.o [11]
  .rodata            const     0x804'8238         4      0x40  ecp_curves.o [11]
  .rodata            const     0x804'8278         4      0x40  ecp_curves.o [11]
  .rodata            const     0x804'82b8         4      0x40  ecp_curves.o [11]
  .rodata            const     0x804'82f8         4      0x40  ecp_curves.o [11]
  .rodata            const     0x804'8338         4      0x40  ecp_curves.o [11]
  .rodata            const     0x804'8378         4      0x40  ecp_curves.o [11]
  .rodata            const     0x804'83b8         4      0x40  ecp_curves.o [11]
  .rodata            const     0x804'83f8         4      0x40  ecp_curves.o [11]
  .rodata            const     0x804'8438         4      0x40  ecp_curves.o [11]
  .rodata            const     0x804'8478         4      0x40  ecp_curves.o [11]
  .rodata            const     0x804'84b8         4      0x40  ecp_curves.o [11]
  .rodata            const     0x804'84f8         4      0x40  ecp_curves.o [11]
  .rodata            const     0x804'8538         4      0x40  ecp_curves.o [11]
  .rodata            const     0x804'8578         4      0x40  ecp_curves.o [11]
  .rodata            const     0x804'85b8         4      0x40  ecp_curves.o [11]
  .rodata            const     0x804'85f8         4      0x40  ecp_curves.o [11]
  .rodata            const     0x804'8638         4      0x40  ecp_curves.o [11]
  .rodata            const     0x804'8678         4      0x40  ecp_curves.o [11]
  .rodata            const     0x804'86b8         4      0x40  ecp_curves.o [11]
  .rodata            const     0x804'86f8         4      0x40  ecp_curves.o [11]
  .rodata            const     0x804'8738         4      0x40  ecp_curves.o [11]
  .rodata            const     0x804'8778         4      0x40  ecp_curves.o [11]
  .rodata            const     0x804'87b8         4      0x40  ecp_curves.o [11]
  .rodata            const     0x804'87f8         4      0x40  ecp_curves.o [11]
  .rodata            const     0x804'8838         4      0x40  ecp_curves.o [11]
  .rodata            const     0x804'8878         4      0x40  ecp_curves.o [11]
  .rodata            const     0x804'88b8         4      0x40  ecp_curves.o [11]
  .rodata            const     0x804'88f8         4      0x40  ecp_curves.o [11]
  .rodata            const     0x804'8938         4      0x40  ecp_curves.o [11]
  .rodata            const     0x804'8978         4      0x40  ecp_curves.o [11]
  .rodata            const     0x804'89b8         4      0x40  ecp_curves.o [11]
  .rodata            const     0x804'89f8         4      0x40  ecp_curves.o [11]
  .rodata            const     0x804'8a38         4      0x40  ecp_curves.o [11]
  .rodata            const     0x804'8a78         4      0x40  ecp_curves.o [11]
  .rodata            const     0x804'8ab8         4      0x40  ecp_curves.o [11]
  .rodata            const     0x804'8af8         4      0x40  ecp_curves.o [11]
  .rodata            const     0x804'8b38         4      0x40  ecp_curves.o [11]
  .rodata            const     0x804'8b78         4      0x40  ecp_curves.o [11]
  .rodata            const     0x804'8bb8         4      0x40  ecp_curves.o [11]
  .rodata            const     0x804'8bf8         4      0x40  ecp_curves.o [11]
  .rodata            const     0x804'8c38         4      0x40  ecp_curves.o [11]
  .rodata            const     0x804'8c78         4      0x40  ecp_curves.o [11]
  .rodata            const     0x804'8cb8         4      0x40  ecp_curves.o [11]
  .rodata            const     0x804'8cf8         4      0x40  ecp_curves.o [11]
  .rodata            const     0x804'8d38         4      0x40  ecp_curves.o [11]
  .rodata            const     0x804'8d78         4      0x40  ecp_curves.o [11]
  .rodata            const     0x804'8db8         4      0x40  ecp_curves.o [11]
  .rodata            const     0x804'8df8         4      0x40  ecp_curves.o [11]
  .rodata            const     0x804'8e38         4      0x40  ecp_curves.o [11]
  .rodata            const     0x804'8e78         4      0x40  ecp_curves.o [11]
  .rodata            const     0x804'8eb8         4      0x40  ecp_curves.o [11]
  .rodata            const     0x804'8ef8         4      0x40  ecp_curves.o [11]
  .rodata            const     0x804'8f38         4      0x40  ecp_curves.o [11]
  .rodata            const     0x804'8f78         4      0x40  ecp_curves.o [11]
  .rodata            const     0x804'8fb8         4      0x40  ecp_curves.o [11]
  .rodata            const     0x804'8ff8         4      0x40  ecp_curves.o [11]
  .rodata            const     0x804'9038         4      0x40  ecp_curves.o [11]
  .rodata            const     0x804'9078         4      0x3c  core_http_client.o [10]
  .rodata            const     0x804'90b4         4      0x3c  oid.o [11]
  .rodata            const     0x804'90f0         4      0x3c  oid.o [11]
  .rodata            const     0x804'912c         4      0x3c  oid.o [11]
  .rodata            const     0x804'9168         4      0x38  llhttp.o [14]
  .rodata            const     0x804'91a0         4      0x38  rsa_alt_helpers.o [11]
  .text              ro code   0x804'91d8         2      0x38  zero_init3.o [18]
  .rodata            const     0x804'9210         4      0x30  aria.o [11]
  .rodata            const     0x804'9240         4      0x30  camellia.o [11]
  .rodata            const     0x804'9270         4      0x30  cipher_wrap.o [11]
  .rodata            const     0x804'92a0         4      0x30  cipher_wrap.o [11]
  .rodata            const     0x804'92d0         4      0x30  cipher_wrap.o [11]
  .rodata            const     0x804'9300         4      0x30  cipher_wrap.o [11]
  .rodata            const     0x804'9330         4      0x30  cipher_wrap.o [11]
  .rodata            const     0x804'9360         4      0x30  cipher_wrap.o [11]
  .rodata            const     0x804'9390         4      0x30  cipher_wrap.o [11]
  .rodata            const     0x804'93c0         4      0x30  cipher_wrap.o [11]
  .rodata            const     0x804'93f0         4      0x30  cipher_wrap.o [11]
  .rodata            const     0x804'9420         4      0x30  cipher_wrap.o [11]
  .rodata            const     0x804'9450         4      0x30  cipher_wrap.o [11]
  .rodata            const     0x804'9480         4      0x30  cipher_wrap.o [11]
  .rodata            const     0x804'94b0         4      0x30  cipher_wrap.o [11]
  .rodata            const     0x804'94e0         4      0x30  cipher_wrap.o [11]
  .rodata            const     0x804'9510         4      0x30  cipher_wrap.o [11]
  .rodata            const     0x804'9540         4      0x30  cipher_wrap.o [11]
  .rodata            const     0x804'9570         4      0x30  core_http_client.o [10]
  .rodata            const     0x804'95a0         4      0x30  ecp_curves.o [11]
  .rodata            const     0x804'95d0         4      0x30  ecp_curves.o [11]
  .rodata            const     0x804'9600         4      0x30  ecp_curves.o [11]
  .rodata            const     0x804'9630         4      0x30  ecp_curves.o [11]
  .rodata            const     0x804'9660         4      0x30  ecp_curves.o [11]
  .rodata            const     0x804'9690         4      0x30  ecp_curves.o [11]
  .rodata            const     0x804'96c0         4      0x30  ecp_curves.o [11]
  .rodata            const     0x804'96f0         4      0x30  ecp_curves.o [11]
  .rodata            const     0x804'9720         4      0x30  ecp_curves.o [11]
  .rodata            const     0x804'9750         4      0x30  ecp_curves.o [11]
  .rodata            const     0x804'9780         4      0x30  ecp_curves.o [11]
  .rodata            const     0x804'97b0         4      0x30  ecp_curves.o [11]
  .rodata            const     0x804'97e0         4      0x30  ecp_curves.o [11]
  .rodata            const     0x804'9810         4      0x30  ecp_curves.o [11]
  .rodata            const     0x804'9840         4      0x30  ecp_curves.o [11]
  .rodata            const     0x804'9870         4      0x30  ecp_curves.o [11]
  .rodata            const     0x804'98a0         4      0x30  ecp_curves.o [11]
  .rodata            const     0x804'98d0         4      0x30  ecp_curves.o [11]
  .rodata            const     0x804'9900         4      0x30  ecp_curves.o [11]
  .rodata            const     0x804'9930         4      0x30  ecp_curves.o [11]
  .rodata            const     0x804'9960         4      0x30  ecp_curves.o [11]
  .rodata            const     0x804'9990         4      0x30  ecp_curves.o [11]
  .rodata            const     0x804'99c0         4      0x30  ecp_curves.o [11]
  .rodata            const     0x804'99f0         4      0x30  ecp_curves.o [11]
  .rodata            const     0x804'9a20         4      0x30  ecp_curves.o [11]
  .rodata            const     0x804'9a50         4      0x30  ecp_curves.o [11]
  .rodata            const     0x804'9a80         4      0x30  ecp_curves.o [11]
  .rodata            const     0x804'9ab0         4      0x30  ecp_curves.o [11]
  .rodata            const     0x804'9ae0         4      0x30  ecp_curves.o [11]
  .rodata            const     0x804'9b10         4      0x30  ecp_curves.o [11]
  .rodata            const     0x804'9b40         4      0x30  ecp_curves.o [11]
  .rodata            const     0x804'9b70         4      0x30  ecp_curves.o [11]
  .rodata            const     0x804'9ba0         4      0x30  ecp_curves.o [11]
  .rodata            const     0x804'9bd0         4      0x30  ecp_curves.o [11]
  .rodata            const     0x804'9c00         4      0x30  ecp_curves.o [11]
  .rodata            const     0x804'9c30         4      0x30  ecp_curves.o [11]
  .rodata            const     0x804'9c60         4      0x30  ecp_curves.o [11]
  .rodata            const     0x804'9c90         4      0x30  ecp_curves.o [11]
  .rodata            const     0x804'9cc0         4      0x30  ecp_curves.o [11]
  .rodata            const     0x804'9cf0         4      0x30  ecp_curves.o [11]
  .rodata            const     0x804'9d20         4      0x30  ecp_curves.o [11]
  .rodata            const     0x804'9d50         4      0x30  ecp_curves.o [11]
  .rodata            const     0x804'9d80         4      0x30  ecp_curves.o [11]
  .rodata            const     0x804'9db0         4      0x30  ecp_curves.o [11]
  .rodata            const     0x804'9de0         4      0x30  ecp_curves.o [11]
  .rodata            const     0x804'9e10         4      0x30  ecp_curves.o [11]
  .rodata            const     0x804'9e40         4      0x30  ecp_curves.o [11]
  .rodata            const     0x804'9e70         4      0x30  ecp_curves.o [11]
  .rodata            const     0x804'9ea0         4      0x30  ecp_curves.o [11]
  .rodata            const     0x804'9ed0         4      0x30  ecp_curves.o [11]
  .rodata            const     0x804'9f00         4      0x30  ecp_curves.o [11]
  .rodata            const     0x804'9f30         4      0x30  ecp_curves.o [11]
  .rodata            const     0x804'9f60         4      0x30  ecp_curves.o [11]
  .rodata            const     0x804'9f90         4      0x30  ecp_curves.o [11]
  .rodata            const     0x804'9fc0         4      0x30  ecp_curves.o [11]
  .rodata            const     0x804'9ff0         4      0x30  ecp_curves.o [11]
  .rodata            const     0x804'a020         4      0x30  ecp_curves.o [11]
  .rodata            const     0x804'a050         4      0x30  ecp_curves.o [11]
  .rodata            const     0x804'a080         4      0x30  ecp_curves.o [11]
  .rodata            const     0x804'a0b0         4      0x30  ecp_curves.o [11]
  .rodata            const     0x804'a0e0         4      0x30  ecp_curves.o [11]
  .rodata            const     0x804'a110         4      0x30  ecp_curves.o [11]
  .rodata            const     0x804'a140         4      0x30  ecp_curves.o [11]
  .rodata            const     0x804'a170         4      0x30  ecp_curves.o [11]
  .rodata            const     0x804'a1a0         4      0x30  ecp_curves.o [11]
  .rodata            const     0x804'a1d0         4      0x30  ecp_curves.o [11]
  .rodata            const     0x804'a200         4      0x30  ecp_curves.o [11]
  .rodata            const     0x804'a230         4      0x30  ecp_curves.o [11]
  .rodata            const     0x804'a260         4      0x30  ecp_curves.o [11]
  .rodata            const     0x804'a290         4      0x30  ecp_curves.o [11]
  .rodata            const     0x804'a2c0         4      0x30  ecp_curves.o [11]
  .rodata            const     0x804'a2f0         4      0x30  ecp_curves.o [11]
  .rodata            const     0x804'a320         4      0x30  ecp_curves.o [11]
  .rodata            const     0x804'a350         4      0x30  ecp_curves.o [11]
  .rodata            const     0x804'a380         4      0x30  ecp_curves.o [11]
  .rodata            const     0x804'a3b0         4      0x30  ecp_curves.o [11]
  .rodata            const     0x804'a3e0         4      0x30  ecp_curves.o [11]
  .rodata            const     0x804'a410         4      0x30  ecp_curves.o [11]
  .rodata            const     0x804'a440         4      0x30  ecp_curves.o [11]
  .rodata            const     0x804'a470         4      0x30  ecp_curves.o [11]
  .rodata            const     0x804'a4a0         4      0x30  ecp_curves.o [11]
  .rodata            const     0x804'a4d0         4      0x30  ecp_curves.o [11]
  .rodata            const     0x804'a500         4      0x30  ecp_curves.o [11]
  .rodata            const     0x804'a530         4      0x30  ecp_curves.o [11]
  .rodata            const     0x804'a560         4      0x30  ecp_curves.o [11]
  .rodata            const     0x804'a590         4      0x30  ecp_curves.o [11]
  .rodata            const     0x804'a5c0         4      0x30  ecp_curves.o [11]
  .rodata            const     0x804'a5f0         4      0x30  ecp_curves.o [11]
  .rodata            const     0x804'a620         4      0x30  ecp_curves.o [11]
  .rodata            const     0x804'a650         4      0x30  ecp_curves.o [11]
  .rodata            const     0x804'a680         4      0x30  ecp_curves.o [11]
  .rodata            const     0x804'a6b0         4      0x30  ecp_curves.o [11]
  .rodata            const     0x804'a6e0         4      0x30  ecp_curves.o [11]
  .rodata            const     0x804'a710         4      0x30  ecp_curves.o [11]
  .rodata            const     0x804'a740         4      0x30  ecp_curves.o [11]
  .rodata            const     0x804'a770         4      0x30  ecp_curves.o [11]
  .rodata            const     0x804'a7a0         4      0x30  ecp_curves.o [11]
  .rodata            const     0x804'a7d0         4      0x30  ecp_curves.o [11]
  .rodata            const     0x804'a800         4      0x30  ecp_curves.o [11]
  .rodata            const     0x804'a830         4      0x30  ecp_curves.o [11]
  .rodata            const     0x804'a860         4      0x30  ecp_curves.o [11]
  .rodata            const     0x804'a890         4      0x30  ecp_curves.o [11]
  .rodata            const     0x804'a8c0         4      0x30  ecp_curves.o [11]
  .rodata            const     0x804'a8f0         4      0x30  ecp_curves.o [11]
  .rodata            const     0x804'a920         4      0x30  ecp_curves.o [11]
  .rodata            const     0x804'a950         4      0x30  ecp_curves.o [11]
  .rodata            const     0x804'a980         4      0x30  ecp_curves.o [11]
  .rodata            const     0x804'a9b0         4      0x30  ecp_curves.o [11]
  .rodata            const     0x804'a9e0         4      0x30  ecp_curves.o [11]
  .rodata            const     0x804'aa10         4      0x30  ecp_curves.o [11]
  .rodata            const     0x804'aa40         4      0x30  ecp_curves.o [11]
  .rodata            const     0x804'aa70         4      0x30  ecp_curves.o [11]
  .rodata            const     0x804'aaa0         4      0x30  ecp_curves.o [11]
  .rodata            const     0x804'aad0         4      0x30  ecp_curves.o [11]
  .rodata            const     0x804'ab00         4      0x30  ecp_curves.o [11]
  .rodata            const     0x804'ab30         4      0x30  ecp_curves.o [11]
  .rodata            const     0x804'ab60         4      0x30  ecp_curves.o [11]
  .rodata            const     0x804'ab90         4      0x30  ecp_curves.o [11]
  .rodata            const     0x804'abc0         4      0x30  ecp_curves.o [11]
  .rodata            const     0x804'abf0         4      0x30  ecp_curves.o [11]
  .rodata            const     0x804'ac20         4      0x30  ecp_curves.o [11]
  .rodata            const     0x804'ac50         4      0x30  ecp_curves.o [11]
  .rodata            const     0x804'ac80         4      0x30  ecp_curves.o [11]
  .rodata            const     0x804'acb0         4      0x30  ecp_curves.o [11]
  .rodata            const     0x804'ace0         4      0x30  ecp_curves.o [11]
  .rodata            const     0x804'ad10         4      0x30  ecp_curves.o [11]
  .rodata            const     0x804'ad40         4      0x30  ecp_curves.o [11]
  .rodata            const     0x804'ad70         4      0x30  ecp_curves.o [11]
  .rodata            const     0x804'ada0         4      0x30  ecp_curves.o [11]
  .rodata            const     0x804'add0         4      0x30  ecp_curves.o [11]
  .rodata            const     0x804'ae00         4      0x30  ecp_curves.o [11]
  .rodata            const     0x804'ae30         4      0x30  ecp_curves.o [11]
  .rodata            const     0x804'ae60         4      0x30  ecp_curves.o [11]
  .rodata            const     0x804'ae90         4      0x30  ecp_curves.o [11]
  .rodata            const     0x804'aec0         4      0x30  ecp_curves.o [11]
  .rodata            const     0x804'aef0         4      0x30  ecp_curves.o [11]
  .rodata            const     0x804'af20         4      0x30  ecp_curves.o [11]
  .rodata            const     0x804'af50         4      0x30  ecp_curves.o [11]
  .rodata            const     0x804'af80         4      0x30  ecp_curves.o [11]
  .rodata            const     0x804'afb0         4      0x30  pk_wrap.o [11]
  .rodata            const     0x804'afe0         4      0x30  pk_wrap.o [11]
  .rodata            const     0x804'b010         4      0x30  pk_wrap.o [11]
  .rodata            const     0x804'b040         4      0x30  pk_wrap.o [11]
  .rodata            const     0x804'b070         4      0x30  ssl_ciphersuites.o [11]
  .rodata            const     0x804'b0a0         4      0x30  ssl_ciphersuites.o [11]
  .rodata            const     0x804'b0d0         4      0x30  ssl_ciphersuites.o [11]
  .rodata            const     0x804'b100         4      0x30  ssl_ciphersuites.o [11]
  .rodata            const     0x804'b130         4      0x30  ssl_ciphersuites.o [11]
  .rodata            const     0x804'b160         4      0x2c  llhttp.o [14]
  .rodata            const     0x804'b18c         4      0x2c  ssl_ciphersuites.o [11]
  .rodata            const     0x804'b1b8         4      0x2c  ssl_ciphersuites.o [11]
  .rodata            const     0x804'b1e4         4      0x2c  ssl_ciphersuites.o [11]
  .rodata            const     0x804'b210         4      0x2c  ssl_ciphersuites.o [11]
  .rodata            const     0x804'b23c         4      0x2c  ssl_ciphersuites.o [11]
  .rodata            const     0x804'b268         4      0x2c  ssl_ciphersuites.o [11]
  .rodata            const     0x804'b294         4      0x2c  ssl_ciphersuites.o [11]
  .rodata            const     0x804'b2c0         4      0x2c  ssl_ciphersuites.o [11]
  .rodata            const     0x804'b2ec         4      0x2c  ssl_ciphersuites.o [11]
  .rodata            const     0x804'b318         4      0x2c  ssl_ciphersuites.o [11]
  .rodata            const     0x804'b344         4      0x2c  ssl_ciphersuites.o [11]
  .rodata            const     0x804'b370         4      0x2c  ssl_ciphersuites.o [11]
  .rodata            const     0x804'b39c         4      0x2c  ssl_ciphersuites.o [11]
  .rodata            const     0x804'b3c8         4      0x2c  ssl_ciphersuites.o [11]
  .rodata            const     0x804'b3f4         4      0x2c  ssl_ciphersuites.o [11]
  .rodata            const     0x804'b420         4      0x2c  ssl_ciphersuites.o [11]
  .rodata            const     0x804'b44c         4      0x2c  ssl_ciphersuites.o [11]
  .rodata            const     0x804'b478         4      0x2c  ssl_ciphersuites.o [11]
  .rodata            const     0x804'b4a4         4      0x2c  ssl_ciphersuites.o [11]
  .rodata            const     0x804'b4d0         4      0x2c  ssl_ciphersuites.o [11]
  .rodata            const     0x804'b4fc         4      0x2c  ssl_ciphersuites.o [11]
  .rodata            const     0x804'b528         4      0x2c  ssl_ciphersuites.o [11]
  .rodata            const     0x804'b554         4      0x2c  ssl_ciphersuites.o [11]
  .rodata            const     0x804'b580         4      0x2c  ssl_ciphersuites.o [11]
  .rodata            const     0x804'b5ac         4      0x2c  ssl_ciphersuites.o [11]
  .rodata            const     0x804'b5d8         4      0x2c  ssl_ciphersuites.o [11]
  .rodata            const     0x804'b604         4      0x2c  ssl_ciphersuites.o [11]
  .rodata            const     0x804'b630         4      0x2c  ssl_ciphersuites.o [11]
  .rodata            const     0x804'b65c         4      0x2c  ssl_ciphersuites.o [11]
  .rodata            const     0x804'b688         4      0x2c  ssl_ciphersuites.o [11]
  .rodata            const     0x804'b6b4         4      0x2c  ssl_ciphersuites.o [11]
  .rodata            const     0x804'b6e0         4      0x2c  ssl_ciphersuites.o [11]
  .rodata            const     0x804'b70c         4      0x2c  ssl_ciphersuites.o [11]
  .rodata            const     0x804'b738         4      0x2c  ssl_ciphersuites.o [11]
  .rodata            const     0x804'b764         4      0x2c  ssl_ciphersuites.o [11]
  .text              ro code   0x804'b790         4      0x2a  data_init.o [18]
  .rodata            const     0x804'b7bc         4      0x28  api.o [14]
  .rodata            const     0x804'b7e4         4      0x28  api.o [14]
  .rodata            const     0x804'b80c         4      0x28  camellia.o [11]
  .rodata            const     0x804'b834         4      0x28  core_http_client.o [10]
  .rodata            const     0x804'b85c         4      0x28  core_http_client.o [10]
  .rodata            const     0x804'b884         4      0x28  core_http_client.o [10]
  .rodata            const     0x804'b8ac         4      0x28  core_http_client.o [10]
  .rodata            const     0x804'b8d4         4      0x28  FreeRTOS_ARP.o [6]
  .rodata            const     0x804'b8fc         4      0x28  llhttp.o [14]
  .rodata            const     0x804'b924         4      0x28  llhttp.o [14]
  .rodata            const     0x804'b94c         4      0x28  llhttp.o [14]
  .rodata            const     0x804'b974         4      0x28  pkparse.o [11]
  .rodata            const     0x804'b99c         4      0x28  ssl_ciphersuites.o [11]
  .rodata            const     0x804'b9c4         4      0x28  ssl_ciphersuites.o [11]
  .rodata            const     0x804'b9ec         4      0x28  ssl_ciphersuites.o [11]
  .rodata            const     0x804'ba14         4      0x28  ssl_ciphersuites.o [11]
  .rodata            const     0x804'ba3c         4      0x28  ssl_ciphersuites.o [11]
  .rodata            const     0x804'ba64         4      0x28  ssl_ciphersuites.o [11]
  .rodata            const     0x804'ba8c         4      0x28  ssl_ciphersuites.o [11]
  .rodata            const     0x804'bab4         4      0x28  ssl_ciphersuites.o [11]
  .rodata            const     0x804'badc         4      0x28  ssl_ciphersuites.o [11]
  .rodata            const     0x804'bb04         4      0x28  ssl_ciphersuites.o [11]
  .rodata            const     0x804'bb2c         4      0x28  ssl_ciphersuites.o [11]
  .rodata            const     0x804'bb54         4      0x28  ssl_ciphersuites.o [11]
  .rodata            const     0x804'bb7c         4      0x28  ssl_ciphersuites.o [11]
  .rodata            const     0x804'bba4         4      0x28  ssl_ciphersuites.o [11]
  .rodata            const     0x804'bbcc         4      0x28  ssl_ciphersuites.o [11]
  .rodata            const     0x804'bbf4         4      0x28  ssl_ciphersuites.o [11]
  .rodata            const     0x804'bc1c         4      0x28  ssl_ciphersuites.o [11]
  .rodata            const     0x804'bc44         4      0x28  ssl_ciphersuites.o [11]
  .rodata            const     0x804'bc6c         4      0x28  ssl_ciphersuites.o [11]
  .rodata            const     0x804'bc94         4      0x28  ssl_ciphersuites.o [11]
  .rodata            const     0x804'bcbc         4      0x28  ssl_ciphersuites.o [11]
  .rodata            const     0x804'bce4         4      0x28  ssl_ciphersuites.o [11]
  .rodata            const     0x804'bd0c         4      0x28  ssl_ciphersuites.o [11]
  .rodata            const     0x804'bd34         4      0x28  ssl_ciphersuites.o [11]
  .rodata            const     0x804'bd5c         4      0x28  ssl_ciphersuites.o [11]
  .rodata            const     0x804'bd84         4      0x28  ssl_ciphersuites.o [11]
  .rodata            const     0x804'bdac         4      0x28  ssl_ciphersuites.o [11]
  .rodata            const     0x804'bdd4         4      0x28  ssl_ciphersuites.o [11]
  .rodata            const     0x804'bdfc         4      0x28  ssl_ciphersuites.o [11]
  .rodata            const     0x804'be24         4      0x28  ssl_ciphersuites.o [11]
  .rodata            const     0x804'be4c         4      0x28  ssl_ciphersuites.o [11]
  .rodata            const     0x804'be74         4      0x28  ssl_ciphersuites.o [11]
  .rodata            const     0x804'be9c         4      0x28  ssl_ciphersuites.o [11]
[...]
vSocketCloseNextTime     0x803'0d09      0x1e  Code  ??  FreeRTOS_TCP_IP.o [6]
vSocketListenNextTime    0x803'0d27      0x24  Code  ??  FreeRTOS_TCP_IP.o [6]
vSocketSelect            0x802'c725      0xa6  Code  ??  FreeRTOS_Sockets.o [6]
vSocketSelectTCP         0x802'c641      0xe4  Code  Lc  FreeRTOS_Sockets.o [6]
vSocketWakeUpUser        0x802'bb45      0x64  Code  ??  FreeRTOS_Sockets.o [6]
vStreamBufferClear       0x803'1267      0x12  Code  ??  FreeRTOS_Stream_Buffer.o [6]
vStreamBufferMoveMid     0x803'1279      0x24  Code  ??  FreeRTOS_Stream_Buffer.o [6]
vTCPAddRxdata_Callback   0x802'c445      0x52  Code  Lc  FreeRTOS_Sockets.o [6]
vTCPAddRxdata_Stored     0x802'c497      0x5e  Code  Lc  FreeRTOS_Sockets.o [6]
vTCPStateChange          0x803'0e31     0x228  Code  ??  FreeRTOS_TCP_IP.o [6]
vTCPTimerReload          0x803'15ff       0xe  Code  ??  FreeRTOS_IP_Timers.o [6]
vTCPTimerSet             0x802'f7c9       0xc  Code  Lc  FreeRTOS_TCP_WIN.o [6]
vTCPWindowCreate         0x802'fa19      0x68  Code  ??  FreeRTOS_TCP_WIN.o [6]
vTCPWindowDestroy        0x802'f9db      0x3e  Code  ??  FreeRTOS_TCP_WIN.o [6]
vTCPWindowFree           0x802'f9a1      0x3a  Code  Lc  FreeRTOS_TCP_WIN.o [6]
vTCPWindowInit           0x802'fa81      0x58  Code  ??  FreeRTOS_TCP_WIN.o [6]
vTaskDelay               0x802'defb      0x4e  Code  ??  tasks.o [5]
vTaskInternalSetTimeOutState
                         0x802'e63b      0x10  Code  ??  tasks.o [5]
vTaskMissedYield         0x802'e6db       0x8  Code  ??  tasks.o [5]
vTaskPlaceOnEventList    0x802'e385      0x34  Code  ??  tasks.o [5]
vTaskPlaceOnUnorderedEventList
                         0x802'e3c5      0x72  Code  ??  tasks.o [5]
vTaskPriorityDisinheritAfterTimeout
                         0x802'e9e5     0x116  Code  ??  tasks.o [5]
vTaskRemoveFromUnorderedEventList
                         0x802'e52f      0xdc  Code  ??  tasks.o [5]
vTaskSetTimeOutState     0x802'e60b      0x30  Code  ??  tasks.o [5]
vTaskStartScheduler      0x802'dfa1      0x5a  Code  ??  tasks.o [5]
vTaskSuspendAll          0x802'dffb       0xa  Code  ??  tasks.o [5]
vTaskSwitchContext       0x802'e30b      0x74  Code  ??  tasks.o [5]
void_ptr_to_uintptr      0x802'd279       0x6  Code  Lc  FreeRTOS_IP_Utils.o [6]
writeRequestLine         0x803'b3d5     0x154  Code  Lc  core_http_client.o [10]
x25519_bad_point_1       0x804'cadc      0x20  Data  Lc  ecp.o [11]
x25519_bad_point_2       0x804'cafc      0x20  Data  Lc  ecp.o [11]
x509_check_wildcard      0x800'99c1      0x7c  Code  Lc  x509_crt.o [11]
x509_crt_check_cn        0x800'b2d7      0x36  Code  Lc  x509_crt.o [11]
x509_crt_check_ee_locally_trusted
                         0x800'ae83      0x48  Code  Lc  x509_crt.o [11]
x509_crt_check_parent    0x800'ad1d      0x5a  Code  Lc  x509_crt.o [11]
x509_crt_check_san       0x800'b3ab      0x82  Code  Lc  x509_crt.o [11]
x509_crt_check_san_ip    0x800'b30d      0x5a  Code  Lc  x509_crt.o [11]
x509_crt_check_san_uri   0x800'b367      0x44  Code  Lc  x509_crt.o [11]
x509_crt_check_signature
                         0x800'aca5      0x78  Code  Lc  x509_crt.o [11]
x509_crt_find_parent     0x800'ae0d      0x76  Code  Lc  x509_crt.o [11]
x509_crt_find_parent_in
                         0x800'ad77      0x96  Code  Lc  x509_crt.o [11]
x509_crt_merge_flags_with_cb
                         0x800'b4a5      0x52  Code  Lc  x509_crt.o [11]
x509_crt_parse_der_core
                         0x800'a4a1     0x400  Code  Lc  x509_crt.o [11]
x509_crt_verify_chain    0x800'aecb     0x15e  Code  Lc  x509_crt.o [11]
x509_crt_verify_chain_reset
                         0x800'9b0b      0x20  Code  Lc  x509_crt.o [11]
x509_crt_verify_name     0x800'b42d      0x76  Code  Lc  x509_crt.o [11]
x509_crt_verify_restartable_ca_cb
                         0x800'b4f7      0xde  Code  Lc  x509_crt.o [11]
x509_crt_verifycrl       0x800'abab      0xfa  Code  Lc  x509_crt.o [11]
x509_date_is_valid       0x801'7135      0x9c  Code  Lc  x509.o [11]
x509_get_attr_type_value
                         0x801'6f17     0x16c  Code  Lc  x509.o [11]
x509_get_authority_key_id
                         0x800'9e73     0x140  Code  Lc  x509_crt.o [11]
x509_get_basic_constraints
                         0x800'9ca7     0x108  Code  Lc  x509_crt.o [11]
x509_get_certificate_policies
                         0x800'9fb3     0x1e0  Code  Lc  x509_crt.o [11]
x509_get_crt_ext         0x800'a193     0x304  Code  Lc  x509_crt.o [11]
x509_get_dates           0x800'9bbb      0x88  Code  Lc  x509_crt.o [11]
x509_get_ext_key_usage   0x800'9daf      0x56  Code  Lc  x509_crt.o [11]
x509_get_hash_alg        0x801'6b61      0xfa  Code  Lc  x509.o [11]
x509_get_other_name      0x801'74fd     0x1ba  Code  Lc  x509.o [11]
x509_get_subject_key_id
                         0x800'9e05      0x6e  Code  Lc  x509_crt.o [11]
x509_get_uid             0x800'9c43      0x64  Code  Lc  x509_crt.o [11]
x509_get_version         0x800'9b2b      0x90  Code  Lc  x509_crt.o [11]
x509_inet_pton_ipv4      0x800'b1f5      0xa8  Code  Lc  x509_crt.o [11]
x509_inet_pton_ipv6      0x800'b02d     0x1c4  Code  Lc  x509_crt.o [11]
x509_memcasecmp          0x800'996d      0x54  Code  Lc  x509_crt.o [11]
x509_name_cmp            0x800'9a9d      0x6e  Code  Lc  x509_crt.o [11]
x509_parse2_int          0x801'71d1      0x20  Code  Lc  x509.o [11]
x509_parse_time          0x801'71f1      0x88  Code  Lc  x509.o [11]
x509_profile_check_key   0x800'98f1      0x7c  Code  Lc  x509_crt.o [11]
x509_profile_check_md_alg
                         0x800'98a9      0x24  Code  Lc  x509_crt.o [11]
x509_profile_check_pk_alg
                         0x800'98cd      0x24  Code  Lc  x509_crt.o [11]
x509_string_cmp          0x800'9a3d      0x60  Code  Lc  x509_crt.o [11]
xARPCache               0x2001'7728     0x100  Data  Lc  FreeRTOS_ARP.o [6]
xARPClashMacAddress     0x2001'7e94       0x8  Data  ??  FreeRTOS_ARP.o [6]
xARPHadIPClash          0x2001'7ed4       0x4  Data  ??  FreeRTOS_ARP.o [6]
xARPResolutionTimer     0x2001'7d5c      0x14  Data  Lc  FreeRTOS_IP_Timers.o [6]
xARPTimer               0x2001'7d70      0x14  Data  Lc  FreeRTOS_IP_Timers.o [6]
xAllNetworksUp          0x2001'7f04       0x4  Data  Lc  FreeRTOS_IP_Timers.o [6]
xApplicationDNSQueryHook
                         0x803'7029      0x5c  Code  ??  FreeRTOS_DNS_Parser.o [6]
xApplicationGetRandomNumber
                         0x803'02fd      0x3e  Code  ??  hardware_rng.o [3]
xBoundTCPSocketsList    0x2001'7dd4      0x14  Data  ??  FreeRTOS_Sockets.o [6]
xBoundUDPSocketsList    0x2001'7dc0      0x14  Data  ??  FreeRTOS_Sockets.o [6]
xBroadcastMACAddress     0x805'0748       0x8  Data  ??  FreeRTOS_IP.o [6]
xBufferAllocFixedSize    0x805'0920       0x4  Data  ??  BufferAllocation_2.o [1]
xCalculateSleepTime      0x803'145d      0x5c  Code  ??  FreeRTOS_IP_Timers.o [6]
xCallbackList           0x2001'7d48      0x14  Data  Lc  FreeRTOS_DNS_Callback.o [6]
xCheckIPv4SizeFields     0x803'4871      0xc4  Code  Lc  FreeRTOS_IPv4.o [6]
xCheckRequiresARPResolution
                         0x803'1adb      0x4e  Code  ??  FreeRTOS_ARP.o [6]
xDHCPSocketUserCount    0x2001'7ee4       0x4  Data  Lc  FreeRTOS_DHCP.o [6]
xDHCPv4Socket           0x2001'7ee0       0x4  Data  Lc  FreeRTOS_DHCP.o [6]
xDNSCache               0x2001'38bc     0x9f0  Data  Lc  FreeRTOS_DNS_Cache.o [6]
xDNSDoCallback           0x803'6235      0x96  Code  ??  FreeRTOS_DNS_Callback.o [6]
xDNSTimer               0x2001'7d98      0x14  Data  Lc  FreeRTOS_IP_Timers.o [6]
xDNS_IP_Preference      0x2000'0cba       0x1  Data  ??  FreeRTOS_DNS.o [6]
xDefaultPartUDPPacketHeader
                        0x2000'0064      0x18  Data  ??  FreeRTOS_UDP_IP.o [6]
xDelayedTaskList1       0x2001'7e10      0x14  Data  Lc  tasks.o [5]
xDelayedTaskList2       0x2001'7e24      0x14  Data  Lc  tasks.o [5]
xEMACTaskHandle         0x2001'7f60       0x4  Data  Lc  NetworkInterface.o [8]
xETH                    0x2001'7b88      0x48  Data  Lc  NetworkInterface.o [8]
xEventGroupClearBits     0x802'db2d      0x46  Code  ??  event_groups.o [5]
xEventGroupCreate        0x802'd9c1      0x1c  Code  ??  event_groups.o [5]
xEventGroupSetBits       0x802'db73      0xd4  Code  ??  event_groups.o [5]
xEventGroupWaitBits      0x802'd9dd     0x14a  Code  ??  event_groups.o [5]
xFreeBuffersList        0x2001'7d34      0x14  Data  Lc  BufferAllocation_2.o [1]
xFreeBytesRemaining     0x2001'7f2c       0x4  Data  Lc  heap_4.o [7]
xGetPhyLinkStatus        0x803'3f71       0xc  Code  ??  NetworkInterface.o [8]
xHandleWaitingFirstDiscover
                         0x803'2fb9      0x34  Code  Lc  FreeRTOS_DHCP.o [6]
xHandleWaitingOffer      0x803'2e6d      0xa8  Code  Lc  FreeRTOS_DHCP.o [6]
xHas_19_PHYCR            0x803'8d9f      0x2a  Code  Lc  phyHandling.o [8]
xHas_1F_PHYSPCS          0x803'8d71      0x2e  Code  Lc  phyHandling.o [8]
xHeapStructSize          0x805'0944       0x4  Data  Lc  heap_4.o [7]
xIPIsNetworkTaskReady    0x802'd109       0x6  Code  ??  FreeRTOS_IP.o [6]
xIPTaskHandle           0x2001'7efc       0x4  Data  Lc  FreeRTOS_IP.o [6]
xIPTaskInitialised      0x2001'7f00       0x4  Data  Lc  FreeRTOS_IP.o [6]
xIdleTaskHandles        0x2001'7fa0       0x4  Data  Lc  tasks.o [5]
xIsCallingFromIPTask     0x802'd2f7      0x1a  Code  ??  FreeRTOS_IP_Utils.o [6]
xIsDHCPSocket            0x803'2cf9      0x14  Code  ??  FreeRTOS_DHCP.o [6]
xIsIPInARPCache          0x803'1aa7      0x34  Code  ??  FreeRTOS_ARP.o [6]
xIsIPv4Multicast         0x803'4935      0x2e  Code  ??  FreeRTOS_IPv4.o [6]
xLLMNR_MACAddress        0x805'07f8       0x8  Data  Lc  NetworkInterface.o [8]
xLastGratuitousARPTime  0x2001'7ed8       0x4  Data  Lc  FreeRTOS_ARP.o [6]
xMacInitStatus          0x2001'7fb5       0x1  Data  Lc  NetworkInterface.o [8]
xMatchDNS                0x803'6fed      0x38  Code  Lc  FreeRTOS_DNS_Parser.o [6]
xMayAcceptPacket         0x803'43cf      0xc2  Code  Lc  NetworkInterface.o [8]
xMbedTLSBioTCPSocketsWrapperRecv
                         0x804'627d      0x5c  Code  ??  mbedtls_bio_tcp_sockets_wrapper.o [12]
xMbedTLSBioTCPSocketsWrapperSend
                         0x804'621d      0x60  Code  ??  mbedtls_bio_tcp_sockets_wrapper.o [12]
xMinimumEverFreeBytesRemaining
                        0x2001'7f30       0x4  Data  Lc  heap_4.o [7]
xNetworkBufferSemaphore
                        0x2001'7ebc       0x4  Data  Lc  BufferAllocation_2.o [1]
xNetworkBuffersInitialise
                         0x802'f0b1      0x9a  Code  ??  BufferAllocation_2.o [1]
xNetworkBuffersInitialise::xNetworkBufferDescriptors
                        0x2001'6fb0     0x3f0  Data  Lc  BufferAllocation_2.o [1]
xNetworkDownEventPending
                        0x2001'7ef8       0x4  Data  Lc  FreeRTOS_IP.o [6]
xNetworkEventQueue      0x2001'7ef4       0x4  Data  ??  FreeRTOS_IP.o [6]
xNetworkTimer           0x2001'7dac      0x14  Data  Lc  FreeRTOS_IP_Timers.o [6]
xNextTaskUnblockTime    0x2001'7f9c       0x4  Data  Lc  tasks.o [5]
xNumOfOverflows         0x2001'7f94       0x4  Data  Lc  tasks.o [5]
xNumberOfSuccessfulAllocations
                        0x2001'7f34       0x4  Data  Lc  heap_4.o [7]
xNumberOfSuccessfulFrees
                        0x2001'7f38       0x4  Data  Lc  heap_4.o [7]
xPHYProperties           0x805'09d4       0x4  Data  ??  NetworkInterface.o [8]
xPendedTicks            0x2001'7f8c       0x4  Data  Lc  tasks.o [5]
xPendingReadyList       0x2001'7e38      0x14  Data  Lc  tasks.o [5]
xPhyCheckLinkStatus      0x803'9339      0xda  Code  ??  phyHandling.o [8]
xPhyConfigure            0x803'8f25     0x184  Code  ??  phyHandling.o [8]
xPhyDiscover             0x803'8def      0x6a  Code  ??  phyHandling.o [8]
xPhyFixedValue           0x803'90a9      0x52  Code  ??  phyHandling.o [8]
xPhyObject              0x2001'7c18      0x40  Data  Lc  NetworkInterface.o [8]
xPhyReset                0x803'8e59      0xcc  Code  Lc  phyHandling.o [8]
xPhyStartAutoNegotiation
                         0x803'90fb     0x226  Code  ??  phyHandling.o [8]
xPortGetFreeHeapSize     0x802'd7ef       0x6  Code  ??  heap_4.o [7]
xPortHasUDPSocket        0x802'bba9      0x24  Code  ??  FreeRTOS_Sockets.o [6]
xPortStartScheduler      0x803'4b3b     0x13e  Code  ??  port.o [13]
xProcessCheckOption      0x803'3499      0x84  Code  Lc  FreeRTOS_DHCP.o [6]
xProcessReceivedTCPPacket
                         0x803'1159      0x44  Code  ??  FreeRTOS_TCP_IP.o [6]
xProcessReceivedTCPPacket_IPV4
                         0x803'5f65     0x2ce  Code  ??  FreeRTOS_TCP_IP_IPv4.o [6]
xProcessReceivedUDPPacket
                         0x803'2189      0x58  Code  ??  FreeRTOS_UDP_IP.o [6]
xProcessReceivedUDPPacket_IPv4
                         0x803'6629     0x19a  Code  ??  FreeRTOS_UDP_IPv4.o [6]
xProcessedTCPMessage    0x2001'7eec       0x4  Data  ??  FreeRTOS_IP.o [6]
xQueueCreateCountingSemaphore
                         0x803'0581      0x3c  Code  ??  queue.o [5]
xQueueGenericCreate      0x803'04e7      0x6c  Code  ??  queue.o [5]
xQueueGenericReset       0x803'041d      0xca  Code  ??  queue.o [5]
xQueueGenericSend        0x803'05bd     0x1a6  Code  ??  queue.o [5]
xQueueReceive            0x803'0763     0x16a  Code  ??  queue.o [5]
xQueueRegistry          0x2001'7c58      0x40  Data  ??  queue.o [5]
xQueueSemaphoreTake      0x803'08cd     0x18e  Code  ??  queue.o [5]
xRecv_Update_IPv4        0x802'f095      0x1c  Code  ??  FreeRTOS_IPv4_Sockets.o [6]
xRoutingStatistics      0x2001'7ad8      0x68  Data  ??  FreeRTOS_Routing.o [6]
xSTM32F_GetPhyLinkStatus
                         0x803'4723      0x12  Code  Lc  NetworkInterface.o [8]
xSTM32F_NetworkInterfaceInitialise
                         0x803'407d     0x178  Code  Lc  NetworkInterface.o [8]
xSTM32F_NetworkInterfaceOutput
                         0x803'42e1      0xee  Code  Lc  NetworkInterface.o [8]
xSTM32_PhyRead           0x803'45d9      0x3e  Code  ??  NetworkInterface.o [8]
xSTM32_PhyWrite          0x803'4617      0x3e  Code  ??  NetworkInterface.o [8]
xSchedulerRunning       0x2001'7f88       0x4  Data  Lc  tasks.o [5]
xSegmentList            0x2001'7de8      0x14  Data  Lc  FreeRTOS_TCP_WIN.o [6]
xSendDHCPEvent           0x802'd1c5      0x24  Code  ??  FreeRTOS_IP_Utils.o [6]
xSendEventStructToIPTask
                         0x802'cd13      0x6e  Code  ??  FreeRTOS_IP.o [6]
xSendEventToIPTask       0x802'ccfb      0x18  Code  ??  FreeRTOS_IP.o [6]
xSend_UDP_Update_IPv4    0x802'f07b      0x1a  Code  ??  FreeRTOS_IPv4_Sockets.o [6]
xSequenceGreaterThan     0x802'f793      0x12  Code  ??  FreeRTOS_TCP_WIN.o [6]
xSequenceGreaterThanOrEqual
                         0x802'f7a5      0x10  Code  Lc  FreeRTOS_TCP_WIN.o [6]
xSequenceLessThan        0x802'f781      0x12  Code  ??  FreeRTOS_TCP_WIN.o [6]
xSequenceLessThanOrEqual
                         0x802'f771      0x10  Code  Lc  FreeRTOS_TCP_WIN.o [6]
xSocketToClose          0x2001'7f14       0x4  Data  Lc  FreeRTOS_TCP_IP.o [6]
xSocketToListen         0x2001'7f18       0x4  Data  Lc  FreeRTOS_TCP_IP.o [6]
xSocketValid             0x802'c62d      0x14  Code  ??  FreeRTOS_Sockets.o [6]
xStart                  0x2001'7ea4       0x8  Data  Lc  heap_4.o [7]
xStreamBufferLessThenEqual
                         0x803'129d      0x18  Code  ??  FreeRTOS_Stream_Buffer.o [6]
xSuspendedTaskList      0x2001'7e60      0x14  Data  Lc  tasks.o [5]
xTCPCheckNewClient       0x803'119d      0x50  Code  ??  FreeRTOS_TCP_IP.o [6]
xTCPSegments            0x2001'7f1c       0x4  Data  Lc  FreeRTOS_TCP_WIN.o [6]
xTCPSocketCheck          0x803'0d4b      0xb2  Code  ??  FreeRTOS_TCP_IP.o [6]
xTCPTimer               0x2001'7d84      0x14  Data  Lc  FreeRTOS_IP_Timers.o [6]
xTCPTimerCheck           0x802'c26b      0x9e  Code  ??  FreeRTOS_Sockets.o [6]
xTCPTimerCheck::xLastTime
                        0x2001'7f10       0x4  Data  Lc  FreeRTOS_Sockets.o [6]
xTCPWindowGetHead        0x802'f96f      0x1e  Code  Lc  FreeRTOS_TCP_WIN.o [6]
xTCPWindowLoggingLevel  0x2001'7f20       0x4  Data  ??  FreeRTOS_TCP_WIN.o [6]
xTCPWindowNew            0x802'f8af      0x9a  Code  Lc  FreeRTOS_TCP_WIN.o [6]
xTCPWindowPeekHead       0x802'f98d      0x14  Code  Lc  FreeRTOS_TCP_WIN.o [6]
xTCPWindowRxConfirm      0x802'fad9      0x6e  Code  Lc  FreeRTOS_TCP_WIN.o [6]
xTCPWindowRxEmpty        0x802'f949      0x26  Code  ??  FreeRTOS_TCP_WIN.o [6]
xTCPWindowRxFind         0x802'f889      0x26  Code  Lc  FreeRTOS_TCP_WIN.o [6]
xTCPWindowTxDone         0x802'fe1f      0x10  Code  ??  FreeRTOS_TCP_WIN.o [6]
xTCPWindowTxHasData      0x802'fe8d      0x90  Code  ??  FreeRTOS_TCP_WIN.o [6]
xTXDescriptorSemaphore  0x2001'7f54       0x4  Data  Lc  NetworkInterface.o [8]
xTaskCheckForTimeOut     0x802'e64b      0x90  Code  ??  tasks.o [5]
xTaskCreate              0x802'dd31      0x3c  Code  ??  tasks.o [5]
xTaskGenericNotifyFromISR
                         0x802'ec2d     0x216  Code  ??  tasks.o [5]
xTaskGenericNotifyWait   0x802'eb35      0xf0  Code  ??  tasks.o [5]
xTaskGetCurrentTaskHandle
                         0x802'e819       0x8  Code  ??  tasks.o [5]
xTaskGetSchedulerState   0x802'e825      0x20  Code  ??  tasks.o [5]
xTaskGetTickCount        0x802'e157       0x8  Code  ??  tasks.o [5]
xTaskIncrementTick       0x802'e181     0x18a  Code  ??  tasks.o [5]
xTaskPriorityDisinherit
                         0x802'e921      0xc0  Code  ??  tasks.o [5]
xTaskPriorityInherit     0x802'e845      0xd6  Code  ??  tasks.o [5]
xTaskRemoveFromEventList
                         0x802'e437      0xf8  Code  ??  tasks.o [5]
xTaskResumeAll           0x802'e005     0x152  Code  ??  tasks.o [5]
xTasksWaitingTermination
                        0x2001'7e4c      0x14  Data  Lc  tasks.o [5]
xTickCount              0x2001'7f80       0x4  Data  Lc  tasks.o [5]
xYieldPendings          0x2001'7f90       0x4  Data  Lc  tasks.o [5]
xts_aes_ctx_alloc        0x804'1dc3      0x1c  Code  Lc  cipher_wrap.o [11]
xts_aes_ctx_free         0x804'1ddf      0x18  Code  Lc  cipher_wrap.o [11]
xts_aes_info             0x804'92a0      0x30  Data  Lc  cipher_wrap.o [11]
xts_aes_setkey_dec_wrap
                         0x804'1dad      0x16  Code  Lc  cipher_wrap.o [11]
xts_aes_setkey_enc_wrap
                         0x804'1d97      0x16  Code  Lc  cipher_wrap.o [11]


[1] = C:\Projects\IAR\Eth_FreeRTOS_F4\EWARM\Eth_FreeRTOS_F4\Obj\BufferManagement_8411603605499954224.dir
[2] = C:\Projects\IAR\Eth_FreeRTOS_F4\EWARM\Eth_FreeRTOS_F4\Obj\CMSIS_6603591812247902717.dir
[3] = C:\Projects\IAR\Eth_FreeRTOS_F4\EWARM\Eth_FreeRTOS_F4\Obj\Core_13247989168731456611.dir
[4] = C:\Projects\IAR\Eth_FreeRTOS_F4\EWARM\Eth_FreeRTOS_F4\Obj\EWARM_18443280873093131863.dir
[5] = C:\Projects\IAR\Eth_FreeRTOS_F4\EWARM\Eth_FreeRTOS_F4\Obj\FreeRTOS_15068288790229095433.dir
[6] = C:\Projects\IAR\Eth_FreeRTOS_F4\EWARM\Eth_FreeRTOS_F4\Obj\FreeRTOSplus_14461417515926343988.dir
[7] = C:\Projects\IAR\Eth_FreeRTOS_F4\EWARM\Eth_FreeRTOS_F4\Obj\MemMang_17022254239031514164.dir
[8] = C:\Projects\IAR\Eth_FreeRTOS_F4\EWARM\Eth_FreeRTOS_F4\Obj\NetworkInterface_17839565619337236105.dir
[9] = C:\Projects\IAR\Eth_FreeRTOS_F4\EWARM\Eth_FreeRTOS_F4\Obj\STM32F4xx_HAL_Driver_1244631019742807970.dir
[10] = C:\Projects\IAR\Eth_FreeRTOS_F4\EWARM\Eth_FreeRTOS_F4\Obj\coreHTTP_13999915799751776798.dir
[11] = C:\Projects\IAR\Eth_FreeRTOS_F4\EWARM\Eth_FreeRTOS_F4\Obj\library_4142108448270466691.dir
[12] = C:\Projects\IAR\Eth_FreeRTOS_F4\EWARM\Eth_FreeRTOS_F4\Obj\network_transport_10444936529919355836.dir
[13] = C:\Projects\IAR\Eth_FreeRTOS_F4\EWARM\Eth_FreeRTOS_F4\Obj\portable_15954926109208205999.dir
[14] = C:\Projects\IAR\Eth_FreeRTOS_F4\EWARM\Eth_FreeRTOS_F4\Obj\src_13667131116116346129.dir
[15] = C:\Projects\IAR\Eth_FreeRTOS_F4\EWARM\Eth_FreeRTOS_F4\Obj\tcp_sockets_wrapper_4704147424009036243.dir
[16] = dl7M_tlf.a
[17] = m7M_tls.a
[18] = rt7M_tl.a
[19] = shb_l.a

  268'514 bytes of readonly  code memory
   62'540 bytes of readonly  data memory
   99'767 bytes of readwrite data memory

Errors: none
Warnings: none
